Component: ARM Compiler 5.06 update 7 (build 960) Tool: armlink [4d3601]

==============================================================================

Section Cross References

    startup_stm32f407xx.o(STACK) refers (Special) to heapauxi.o(.text) for __use_two_region_memory
    startup_stm32f407xx.o(HEAP) refers (Special) to heapauxi.o(.text) for __use_two_region_memory
    startup_stm32f407xx.o(RESET) refers (Special) to heapauxi.o(.text) for __use_two_region_memory
    startup_stm32f407xx.o(RESET) refers to startup_stm32f407xx.o(STACK) for __initial_sp
    startup_stm32f407xx.o(RESET) refers to startup_stm32f407xx.o(.text) for Reset_Handler
    startup_stm32f407xx.o(RESET) refers to stm32f4xx_it.o(i.NMI_Handler) for NMI_Handler
    startup_stm32f407xx.o(RESET) refers to stm32f4xx_it.o(i.HardFault_Handler) for HardFault_Handler
    startup_stm32f407xx.o(RESET) refers to stm32f4xx_it.o(i.MemManage_Handler) for MemManage_Handler
    startup_stm32f407xx.o(RESET) refers to stm32f4xx_it.o(i.BusFault_Handler) for BusFault_Handler
    startup_stm32f407xx.o(RESET) refers to stm32f4xx_it.o(i.UsageFault_Handler) for UsageFault_Handler
    startup_stm32f407xx.o(RESET) refers to stm32f4xx_it.o(i.SVC_Handler) for SVC_Handler
    startup_stm32f407xx.o(RESET) refers to stm32f4xx_it.o(i.DebugMon_Handler) for DebugMon_Handler
    startup_stm32f407xx.o(RESET) refers to stm32f4xx_it.o(i.PendSV_Handler) for PendSV_Handler
    startup_stm32f407xx.o(RESET) refers to stm32f4xx_it.o(i.SysTick_Handler) for SysTick_Handler
    startup_stm32f407xx.o(RESET) refers to stm32f4xx_it.o(i.OTG_FS_IRQHandler) for OTG_FS_IRQHandler
    startup_stm32f407xx.o(.text) refers (Special) to heapauxi.o(.text) for __use_two_region_memory
    startup_stm32f407xx.o(.text) refers to system_stm32f4xx.o(i.SystemInit) for SystemInit
    startup_stm32f407xx.o(.text) refers to __main.o(!!!main) for __main
    startup_stm32f407xx.o(.text) refers to startup_stm32f407xx.o(HEAP) for Heap_Mem
    startup_stm32f407xx.o(.text) refers to startup_stm32f407xx.o(STACK) for Stack_Mem
    main.o(i.SystemClock_Config) refers to rt_memclr_w.o(.text) for __aeabi_memclr4
    main.o(i.SystemClock_Config) refers to stm32f4xx_hal_rcc.o(i.HAL_RCC_OscConfig) for HAL_RCC_OscConfig
    main.o(i.SystemClock_Config) refers to stm32f4xx_hal_rcc.o(i.HAL_RCC_ClockConfig) for HAL_RCC_ClockConfig
    main.o(i.array_printf) refers to _printf_pad.o(.text) for _printf_pre_padding
    main.o(i.array_printf) refers to _printf_percent.o(.ARM.Collect$$_printf_percent$$00000000) for _printf_percent
    main.o(i.array_printf) refers to _printf_x.o(.ARM.Collect$$_printf_percent$$0000000C) for _printf_x
    main.o(i.array_printf) refers to _printf_hex_int.o(.text) for _printf_longlong_hex
    main.o(i.array_printf) refers to noretval__2printf.o(.text) for __2printf
    main.o(i.array_printf) refers to main.o(.data) for .data
    main.o(i.main) refers to _printf_percent.o(.ARM.Collect$$_printf_percent$$00000000) for _printf_percent
    main.o(i.main) refers to _printf_d.o(.ARM.Collect$$_printf_percent$$00000009) for _printf_d
    main.o(i.main) refers to _printf_s.o(.ARM.Collect$$_printf_percent$$00000014) for _printf_s
    main.o(i.main) refers to _printf_dec.o(.text) for _printf_int_dec
    main.o(i.main) refers to _printf_str.o(.text) for _printf_str
    main.o(i.main) refers to stm32f4xx_hal.o(i.HAL_Init) for HAL_Init
    main.o(i.main) refers to main.o(i.SystemClock_Config) for SystemClock_Config
    main.o(i.main) refers to gpio.o(i.MX_GPIO_Init) for MX_GPIO_Init
    main.o(i.main) refers to usb_device.o(i.MX_USB_DEVICE_Init) for MX_USB_DEVICE_Init
    main.o(i.main) refers to usart.o(i.MX_USART1_UART_Init) for MX_USART1_UART_Init
    main.o(i.main) refers to noretval__2printf.o(.text) for __2printf
    main.o(i.main) refers to main.o(.constdata) for .constdata
    main.o(i.sendchar) refers to stm32f4xx_hal_uart.o(i.HAL_UART_Transmit) for HAL_UART_Transmit
    main.o(i.sendchar) refers to usart.o(.bss) for huart1
    main.o(i.usb_stop) refers to usbd_core.o(i.USBD_DeInit) for USBD_DeInit
    main.o(i.usb_stop) refers to usb_device.o(.bss) for hUsbDeviceFS
    usart.o(i.HAL_UART_MspDeInit) refers to stm32f4xx_hal_gpio.o(i.HAL_GPIO_DeInit) for HAL_GPIO_DeInit
    usart.o(i.HAL_UART_MspInit) refers to rt_memclr_w.o(.text) for __aeabi_memclr4
    usart.o(i.HAL_UART_MspInit) refers to stm32f4xx_hal_gpio.o(i.HAL_GPIO_Init) for HAL_GPIO_Init
    usart.o(i.MX_USART1_UART_Init) refers to stm32f4xx_hal_uart.o(i.HAL_UART_Init) for HAL_UART_Init
    usart.o(i.MX_USART1_UART_Init) refers to main.o(i.Error_Handler) for Error_Handler
    usart.o(i.MX_USART1_UART_Init) refers to usart.o(.bss) for .bss
    stm32f4xx_it.o(i.OTG_FS_IRQHandler) refers to stm32f4xx_hal_pcd.o(i.HAL_PCD_IRQHandler) for HAL_PCD_IRQHandler
    stm32f4xx_it.o(i.OTG_FS_IRQHandler) refers to usbd_conf.o(.bss) for hpcd_USB_OTG_FS
    stm32f4xx_it.o(i.SysTick_Handler) refers to stm32f4xx_hal.o(i.HAL_IncTick) for HAL_IncTick
[...]
    i.USBD_static_malloc                     0x08013e1c   Section        0  usbd_conf.o(i.USBD_static_malloc)
    i.USB_ActivateEndpoint                   0x08013e24   Section        0  stm32f4xx_ll_usb.o(i.USB_ActivateEndpoint)
    i.USB_ActivateSetup                      0x08013ea4   Section        0  stm32f4xx_ll_usb.o(i.USB_ActivateSetup)
    i.USB_CoreInit                           0x08013ec0   Section        0  stm32f4xx_ll_usb.o(i.USB_CoreInit)
    i.USB_CoreReset                          0x08013f44   Section        0  stm32f4xx_ll_usb.o(i.USB_CoreReset)
    USB_CoreReset                            0x08013f45   Thumb Code    60  stm32f4xx_ll_usb.o(i.USB_CoreReset)
    i.USB_DeactivateEndpoint                 0x08013f80   Section        0  stm32f4xx_ll_usb.o(i.USB_DeactivateEndpoint)
    i.USB_DevConnect                         0x0801404c   Section        0  stm32f4xx_ll_usb.o(i.USB_DevConnect)
    i.USB_DevDisconnect                      0x08014068   Section        0  stm32f4xx_ll_usb.o(i.USB_DevDisconnect)
    i.USB_DevInit                            0x08014084   Section        0  stm32f4xx_ll_usb.o(i.USB_DevInit)
    i.USB_DisableGlobalInt                   0x08014200   Section        0  stm32f4xx_ll_usb.o(i.USB_DisableGlobalInt)
    i.USB_EP0_OutStart                       0x0801420c   Section        0  stm32f4xx_ll_usb.o(i.USB_EP0_OutStart)
    i.USB_EPClearStall                       0x08014264   Section        0  stm32f4xx_ll_usb.o(i.USB_EPClearStall)
    i.USB_EPSetStall                         0x080142bc   Section        0  stm32f4xx_ll_usb.o(i.USB_EPSetStall)
    i.USB_EPStartXfer                        0x08014314   Section        0  stm32f4xx_ll_usb.o(i.USB_EPStartXfer)
    i.USB_EPStopXfer                         0x0801454c   Section        0  stm32f4xx_ll_usb.o(i.USB_EPStopXfer)
    i.USB_EnableGlobalInt                    0x080145ea   Section        0  stm32f4xx_ll_usb.o(i.USB_EnableGlobalInt)
    i.USB_FlushRxFifo                        0x080145f6   Section        0  stm32f4xx_ll_usb.o(i.USB_FlushRxFifo)
    i.USB_FlushTxFifo                        0x0801462e   Section        0  stm32f4xx_ll_usb.o(i.USB_FlushTxFifo)
    i.USB_GetDevSpeed                        0x0801466a   Section        0  stm32f4xx_ll_usb.o(i.USB_GetDevSpeed)
    i.USB_GetMode                            0x08014684   Section        0  stm32f4xx_ll_usb.o(i.USB_GetMode)
    i.USB_ReadDevAllInEpInterrupt            0x0801468c   Section        0  stm32f4xx_ll_usb.o(i.USB_ReadDevAllInEpInterrupt)
    i.USB_ReadDevAllOutEpInterrupt           0x0801469a   Section        0  stm32f4xx_ll_usb.o(i.USB_ReadDevAllOutEpInterrupt)
    i.USB_ReadDevInEPInterrupt               0x080146a8   Section        0  stm32f4xx_ll_usb.o(i.USB_ReadDevInEPInterrupt)
    i.USB_ReadDevOutEPInterrupt              0x080146cc   Section        0  stm32f4xx_ll_usb.o(i.USB_ReadDevOutEPInterrupt)
    i.USB_ReadInterrupts                     0x080146dc   Section        0  stm32f4xx_ll_usb.o(i.USB_ReadInterrupts)
    i.USB_ReadPacket                         0x080146e4   Section        0  stm32f4xx_ll_usb.o(i.USB_ReadPacket)
    i.USB_SetCurrentMode                     0x08014722   Section        0  stm32f4xx_ll_usb.o(i.USB_SetCurrentMode)
    i.USB_SetDevAddress                      0x0801477e   Section        0  stm32f4xx_ll_usb.o(i.USB_SetDevAddress)
    i.USB_SetTurnaroundTime                  0x080147a0   Section        0  stm32f4xx_ll_usb.o(i.USB_SetTurnaroundTime)
    i.USB_WritePacket                        0x08014888   Section        0  stm32f4xx_ll_usb.o(i.USB_WritePacket)
    i.UsageFault_Handler                     0x080148b0   Section        0  stm32f4xx_it.o(i.UsageFault_Handler)
    i.__NVIC_SetPriority                     0x080148b2   Section        0  stm32f4xx_hal_cortex.o(i.__NVIC_SetPriority)
    __NVIC_SetPriority                       0x080148b3   Thumb Code    32  stm32f4xx_hal_cortex.o(i.__NVIC_SetPriority)
    i._is_digit                              0x080148d2   Section        0  __printf_wp.o(i._is_digit)
    i._sys_exit                              0x080148e0   Section        0  retarget.o(i._sys_exit)
    i.ferror                                 0x080148e2   Section        0  retarget.o(i.ferror)
    i.fputc                                  0x080148e8   Section        0  retarget.o(i.fputc)
    i.main                                   0x080148ec   Section        0  main.o(i.main)
    i.sendchar                               0x08014920   Section        0  main.o(i.sendchar)
    x$fpl$fpinit                             0x08014938   Section       10  fpinit.o(x$fpl$fpinit)
    $v0                                      0x08014938   Number         0  fpinit.o(x$fpl$fpinit)
    .constdata                               0x08014942   Section        5  main.o(.constdata)
    __func__                                 0x08014942   Data           5  main.o(.constdata)
    .constdata                               0x08014947   Section       36  usbd_storage_if.o(.constdata)
    .constdata                               0x0801496b   Section       33  usbd_storage_if.o(.constdata)
    __func__                                 0x0801496b   Data          16  usbd_storage_if.o(.constdata)
    __func__                                 0x0801497b   Data          17  usbd_storage_if.o(.constdata)
    .constdata                               0x0801498c   Section       16  system_stm32f4xx.o(.constdata)
    .constdata                               0x0801499c   Section        8  system_stm32f4xx.o(.constdata)
    .constdata                               0x080149a4   Section       17  __printf_flags_wp.o(.constdata)
    maptable                                 0x080149a4   Data          17  __printf_flags_wp.o(.constdata)
    .data                                    0x20000000   Section        4  retarget.o(.data)
    .data                                    0x20000004   Section       28  usbd_desc.o(.data)
    .data                                    0x20000020   Section       50  usbd_desc.o(.data)
    .data                                    0x20000054   Section       32  usbd_storage_if.o(.data)
    .data                                    0x20000074   Section       12  stm32f4xx_hal.o(.data)
    .data                                    0x20000080   Section        4  system_stm32f4xx.o(.data)
    .data                                    0x20000084   Section        1  usbd_ctlreq.o(.data)
    cfgidx                                   0x20000084   Data           1  usbd_ctlreq.o(.data)
    .data                                    0x20000088   Section       56  usbd_msc.o(.data)
    .data                                    0x200000c0   Section       46  usbd_msc.o(.data)
    USBD_MSC_CfgDesc                         0x200000c4   Data          32  usbd_msc.o(.data)
    USBD_MSC_DeviceQualifierDesc             0x200000e4   Data          10  usbd_msc.o(.data)
    .data                                    0x200000ee   Section        6  usbd_msc_data.o(.data)
    .data                                    0x200000f4   Section        8  usbd_msc_data.o(.data)
    .data                                    0x200000fc   Section        4  usbd_msc_data.o(.data)
    .data                                    0x20000100   Section        8  usbd_msc_data.o(.data)
    .bss                                     0x20000108   Section       72  usart.o(.bss)
    .bss                                     0x20000150   Section      732  usb_device.o(.bss)
    .bss                                     0x2000042c   Section      512  usbd_desc.o(.bss)
    .bss                                     0x2000062c   Section    65536  usbd_storage_if.o(.bss)
    .bss                                     0x2001062c   Section     1884  usbd_conf.o(.bss)
    mem                                      0x2001062c   Data         632  usbd_conf.o(.bss)
    .bss                                     0x20010d88   Section       96  libspace.o(.bss)
    HEAP                                     0x20010de8   Section      512  startup_stm32f407xx.o(HEAP)
    Heap_Mem                                 0x20010de8   Data         512  startup_stm32f407xx.o(HEAP)
    STACK                                    0x20010fe8   Section     1024  startup_stm32f407xx.o(STACK)
    Stack_Mem                                0x20010fe8   Data        1024  startup_stm32f407xx.o(STACK)
    __initial_sp                             0x200113e8   Data           0  startup_stm32f407xx.o(STACK)

    Global Symbols

    Symbol Name                              Value     Ov Type        Size  Object(Section)

    BuildAttributes$$THM_ISAv4$E$P$D$K$B$S$7EM$VFPi3$EXTD16$VFPS$VFMA$PE$A:L22UL41UL21$X:L11$S22US41US21$IEEE1$IW$USESV6$~STKCKD$USESV7$~SHL$OSPACE$ROPI$EBA8$UX$STANDARDLIB$REQ8$PRES8$EABIv2 0x00000000   Number         0  anon$$obj.o ABSOLUTE
    __ARM_use_no_argv                        0x00000000   Number         0  main.o ABSOLUTE
    _printf_flags                            0x00000000   Number         0  printf_stubs.o ABSOLUTE
    _printf_return_value                     0x00000000   Number         0  printf_stubs.o ABSOLUTE
    _printf_sizespec                         0x00000000   Number         0  printf_stubs.o ABSOLUTE
    _printf_widthprec                        0x00000000   Number         0  printf_stubs.o ABSOLUTE
    __ARM_exceptions_init                     - Undefined Weak Reference
    __alloca_initialize                       - Undefined Weak Reference
    __arm_fini_                               - Undefined Weak Reference
    __arm_preinit_                            - Undefined Weak Reference
    __cpp_initialize__aeabi_                  - Undefined Weak Reference
    __cxa_finalize                            - Undefined Weak Reference
    __rt_locale                               - Undefined Weak Reference
    __sigvec_lookup                           - Undefined Weak Reference
    _atexit_init                              - Undefined Weak Reference
    _call_atexit_fns                          - Undefined Weak Reference
    _clock_init                               - Undefined Weak Reference
    _fp_trap_init                             - Undefined Weak Reference
    _fp_trap_shutdown                         - Undefined Weak Reference
    _get_lc_collate                           - Undefined Weak Reference
    _get_lc_ctype                             - Undefined Weak Reference
    _get_lc_monetary                          - Undefined Weak Reference
    _get_lc_numeric                           - Undefined Weak Reference
    _get_lc_time                              - Undefined Weak Reference
    _getenv_init                              - Undefined Weak Reference
    _handle_redirection                       - Undefined Weak Reference
    _init_alloc                               - Undefined Weak Reference
    _init_user_alloc                          - Undefined Weak Reference
    _initio                                   - Undefined Weak Reference
    _printf_mbtowc                            - Undefined Weak Reference
    _printf_truncate_signed                   - Undefined Weak Reference
    _printf_truncate_unsigned                 - Undefined Weak Reference
    _rand_init                                - Undefined Weak Reference
    _signal_finish                            - Undefined Weak Reference
    _signal_init                              - Undefined Weak Reference
    _terminate_alloc                          - Undefined Weak Reference
    _terminate_user_alloc                     - Undefined Weak Reference
    _terminateio                              - Undefined Weak Reference
    __Vectors_Size                           0x00000188   Number         0  startup_stm32f407xx.o ABSOLUTE
    __Vectors                                0x08010000   Data           4  startup_stm32f407xx.o(RESET)
    __Vectors_End                            0x08010188   Data           0  startup_stm32f407xx.o(RESET)
    __main                                   0x08010189   Thumb Code     8  __main.o(!!!main)
    __scatterload                            0x08010191   Thumb Code     0  __scatter.o(!!!scatter)
    __scatterload_rt2                        0x08010191   Thumb Code    44  __scatter.o(!!!scatter)
    __scatterload_rt2_thumb_only             0x08010191   Thumb Code     0  __scatter.o(!!!scatter)
    __scatterload_null                       0x0801019f   Thumb Code     0  __scatter.o(!!!scatter)
    __scatterload_copy                       0x080101c5   Thumb Code    26  __scatter_copy.o(!!handler_copy)
    __scatterload_zeroinit                   0x080101e1   Thumb Code    28  __scatter_zi.o(!!handler_zi)
    _printf_d                                0x080101fd   Thumb Code     0  _printf_d.o(.ARM.Collect$$_printf_percent$$00000009)
    _printf_percent                          0x080101fd   Thumb Code     0  _printf_percent.o(.ARM.Collect$$_printf_percent$$00000000)
    _printf_s                                0x08010203   Thumb Code     0  _printf_s.o(.ARM.Collect$$_printf_percent$$00000014)
    _printf_percent_end                      0x08010209   Thumb Code     0  _printf_percent_end.o(.ARM.Collect$$_printf_percent$$00000017)
    __rt_lib_init                            0x0801020d   Thumb Code     0  libinit.o(.ARM.Collect$$libinit$$00000000)
    __rt_lib_init_fp_1                       0x0801020f   Thumb Code     0  libinit2.o(.ARM.Collect$$libinit$$00000001)
    __rt_lib_init_alloca_1                   0x08010213   Thumb Code     0  libinit2.o(.ARM.Collect$$libinit$$0000002E)
    __rt_lib_init_argv_1                     0x08010213   Thumb Code     0  libinit2.o(.ARM.Collect$$libinit$$0000002C)
    __rt_lib_init_atexit_1                   0x08010213   Thumb Code     0  libinit2.o(.ARM.Collect$$libinit$$0000001B)
    __rt_lib_init_clock_1                    0x08010213   Thumb Code     0  libinit2.o(.ARM.Collect$$libinit$$00000021)
    __rt_lib_init_cpp_1                      0x08010213   Thumb Code     0  libinit2.o(.ARM.Collect$$libinit$$00000032)
    __rt_lib_init_exceptions_1               0x08010213   Thumb Code     0  libinit2.o(.ARM.Collect$$libinit$$00000030)
    __rt_lib_init_fp_trap_1                  0x08010213   Thumb Code     0  libinit2.o(.ARM.Collect$$libinit$$0000001F)
    __rt_lib_init_getenv_1                   0x08010213   Thumb Code     0  libinit2.o(.ARM.Collect$$libinit$$00000023)
    __rt_lib_init_heap_1                     0x08010213   Thumb Code     0  libinit2.o(.ARM.Collect$$libinit$$0000000A)
    __rt_lib_init_lc_collate_1               0x08010213   Thumb Code     0  libinit2.o(.ARM.Collect$$libinit$$00000011)
    __rt_lib_init_lc_ctype_1                 0x08010213   Thumb Code     0  libinit2.o(.ARM.Collect$$libinit$$00000013)
    __rt_lib_init_lc_monetary_1              0x08010213   Thumb Code     0  libinit2.o(.ARM.Collect$$libinit$$00000015)
    __rt_lib_init_lc_numeric_1               0x08010213   Thumb Code     0  libinit2.o(.ARM.Collect$$libinit$$00000017)
    __rt_lib_init_lc_time_1                  0x08010213   Thumb Code     0  libinit2.o(.ARM.Collect$$libinit$$00000019)
    __rt_lib_init_preinit_1                  0x08010213   Thumb Code     0  libinit2.o(.ARM.Collect$$libinit$$00000004)
    __rt_lib_init_rand_1                     0x08010213   Thumb Code     0  libinit2.o(.ARM.Collect$$libinit$$0000000E)
    __rt_lib_init_return                     0x08010213   Thumb Code     0  libinit2.o(.ARM.Collect$$libinit$$00000033)
    __rt_lib_init_signal_1                   0x08010213   Thumb Code     0  libinit2.o(.ARM.Collect$$libinit$$0000001D)
    __rt_lib_init_stdio_1                    0x08010213   Thumb Code     0  libinit2.o(.ARM.Collect$$libinit$$00000025)
    __rt_lib_init_user_alloc_1               0x08010213   Thumb Code     0  libinit2.o(.ARM.Collect$$libinit$$0000000C)
    __rt_lib_shutdown                        0x08010215   Thumb Code     0  libshutdown.o(.ARM.Collect$$libshutdown$$00000000)
    __rt_lib_shutdown_cpp_1                  0x08010217   Thumb Code     0  libshutdown2.o(.ARM.Collect$$libshutdown$$00000004)
    __rt_lib_shutdown_fini_1                 0x08010217   Thumb Code     0  libshutdown2.o(.ARM.Collect$$libshutdown$$00000002)
    __rt_lib_shutdown_fp_trap_1              0x08010217   Thumb Code     0  libshutdown2.o(.ARM.Collect$$libshutdown$$00000009)
    __rt_lib_shutdown_heap_1                 0x08010217   Thumb Code     0  libshutdown2.o(.ARM.Collect$$libshutdown$$00000011)
    __rt_lib_shutdown_return                 0x08010217   Thumb Code     0  libshutdown2.o(.ARM.Collect$$libshutdown$$00000012)
    __rt_lib_shutdown_signal_1               0x08010217   Thumb Code     0  libshutdown2.o(.ARM.Collect$$libshutdown$$0000000C)
    __rt_lib_shutdown_stdio_1                0x08010217   Thumb Code     0  libshutdown2.o(.ARM.Collect$$libshutdown$$00000006)
    __rt_lib_shutdown_user_alloc_1           0x08010217   Thumb Code     0  libshutdown2.o(.ARM.Collect$$libshutdown$$0000000E)
    __rt_entry                               0x08010219   Thumb Code     0  __rtentry.o(.ARM.Collect$$rtentry$$00000000)
    __rt_entry_presh_1                       0x08010219   Thumb Code     0  __rtentry2.o(.ARM.Collect$$rtentry$$00000002)
    __rt_entry_sh                            0x08010219   Thumb Code     0  __rtentry4.o(.ARM.Collect$$rtentry$$00000004)
    __rt_entry_li                            0x0801021f   Thumb Code     0  __rtentry2.o(.ARM.Collect$$rtentry$$0000000A)
    __rt_entry_postsh_1                      0x0801021f   Thumb Code     0  __rtentry2.o(.ARM.Collect$$rtentry$$00000009)
    __rt_entry_main                          0x08010223   Thumb Code     0  __rtentry2.o(.ARM.Collect$$rtentry$$0000000D)
    __rt_entry_postli_1                      0x08010223   Thumb Code     0  __rtentry2.o(.ARM.Collect$$rtentry$$0000000C)
    __rt_exit                                0x0801022b   Thumb Code     0  rtexit.o(.ARM.Collect$$rtexit$$00000000)
    __rt_exit_ls                             0x0801022d   Thumb Code     0  rtexit2.o(.ARM.Collect$$rtexit$$00000003)
    __rt_exit_prels_1                        0x0801022d   Thumb Code     0  rtexit2.o(.ARM.Collect$$rtexit$$00000002)
    __rt_exit_exit                           0x08010231   Thumb Code     0  rtexit2.o(.ARM.Collect$$rtexit$$00000004)
    Reset_Handler                            0x08010239   Thumb Code     8  startup_stm32f407xx.o(.text)
    ADC_IRQHandler                           0x08010253   Thumb Code     0  startup_stm32f407xx.o(.text)
    CAN1_RX0_IRQHandler                      0x08010253   Thumb Code     0  startup_stm32f407xx.o(.text)
    CAN1_RX1_IRQHandler                      0x08010253   Thumb Code     0  startup_stm32f407xx.o(.text)
    CAN1_SCE_IRQHandler                      0x08010253   Thumb Code     0  startup_stm32f407xx.o(.text)
    CAN1_TX_IRQHandler                       0x08010253   Thumb Code     0  startup_stm32f407xx.o(.text)
    CAN2_RX0_IRQHandler                      0x08010253   Thumb Code     0  startup_stm32f407xx.o(.text)
    CAN2_RX1_IRQHandler                      0x08010253   Thumb Code     0  startup_stm32f407xx.o(.text)
    CAN2_SCE_IRQHandler                      0x08010253   Thumb Code     0  startup_stm32f407xx.o(.text)
    CAN2_TX_IRQHandler                       0x08010253   Thumb Code     0  startup_stm32f407xx.o(.text)
    DCMI_IRQHandler                          0x08010253   Thumb Code     0  startup_stm32f407xx.o(.text)
    DMA1_Stream0_IRQHandler                  0x08010253   Thumb Code     0  startup_stm32f407xx.o(.text)
    DMA1_Stream1_IRQHandler                  0x08010253   Thumb Code     0  startup_stm32f407xx.o(.text)
    DMA1_Stream2_IRQHandler                  0x08010253   Thumb Code     0  startup_stm32f407xx.o(.text)
    DMA1_Stream3_IRQHandler                  0x08010253   Thumb Code     0  startup_stm32f407xx.o(.text)
    DMA1_Stream4_IRQHandler                  0x08010253   Thumb Code     0  startup_stm32f407xx.o(.text)
    DMA1_Stream5_IRQHandler                  0x08010253   Thumb Code     0  startup_stm32f407xx.o(.text)
    DMA1_Stream6_IRQHandler                  0x08010253   Thumb Code     0  startup_stm32f407xx.o(.text)
    DMA1_Stream7_IRQHandler                  0x08010253   Thumb Code     0  startup_stm32f407xx.o(.text)
    DMA2_Stream0_IRQHandler                  0x08010253   Thumb Code     0  startup_stm32f407xx.o(.text)
    DMA2_Stream1_IRQHandler                  0x08010253   Thumb Code     0  startup_stm32f407xx.o(.text)
    DMA2_Stream2_IRQHandler                  0x08010253   Thumb Code     0  startup_stm32f407xx.o(.text)
    DMA2_Stream3_IRQHandler                  0x08010253   Thumb Code     0  startup_stm32f407xx.o(.text)
    DMA2_Stream4_IRQHandler                  0x08010253   Thumb Code     0  startup_stm32f407xx.o(.text)
    DMA2_Stream5_IRQHandler                  0x08010253   Thumb Code     0  startup_stm32f407xx.o(.text)
    DMA2_Stream6_IRQHandler                  0x08010253   Thumb Code     0  startup_stm32f407xx.o(.text)
    DMA2_Stream7_IRQHandler                  0x08010253   Thumb Code     0  startup_stm32f407xx.o(.text)
    ETH_IRQHandler                           0x08010253   Thumb Code     0  startup_stm32f407xx.o(.text)
    ETH_WKUP_IRQHandler                      0x08010253   Thumb Code     0  startup_stm32f407xx.o(.text)
    EXTI0_IRQHandler                         0x08010253   Thumb Code     0  startup_stm32f407xx.o(.text)
    EXTI15_10_IRQHandler                     0x08010253   Thumb Code     0  startup_stm32f407xx.o(.text)
    EXTI1_IRQHandler                         0x08010253   Thumb Code     0  startup_stm32f407xx.o(.text)
    EXTI2_IRQHandler                         0x08010253   Thumb Code     0  startup_stm32f407xx.o(.text)
    EXTI3_IRQHandler                         0x08010253   Thumb Code     0  startup_stm32f407xx.o(.text)
    EXTI4_IRQHandler                         0x08010253   Thumb Code     0  startup_stm32f407xx.o(.text)
    EXTI9_5_IRQHandler                       0x08010253   Thumb Code     0  startup_stm32f407xx.o(.text)
    FLASH_IRQHandler                         0x08010253   Thumb Code     0  startup_stm32f407xx.o(.text)
    FMC_IRQHandler                           0x08010253   Thumb Code     0  startup_stm32f407xx.o(.text)
    FPU_IRQHandler                           0x08010253   Thumb Code     0  startup_stm32f407xx.o(.text)
    HASH_RNG_IRQHandler                      0x08010253   Thumb Code     0  startup_stm32f407xx.o(.text)
    I2C1_ER_IRQHandler                       0x08010253   Thumb Code     0  startup_stm32f407xx.o(.text)
    I2C1_EV_IRQHandler                       0x08010253   Thumb Code     0  startup_stm32f407xx.o(.text)
    I2C2_ER_IRQHandler                       0x08010253   Thumb Code     0  startup_stm32f407xx.o(.text)
    I2C2_EV_IRQHandler                       0x08010253   Thumb Code     0  startup_stm32f407xx.o(.text)
    I2C3_ER_IRQHandler                       0x08010253   Thumb Code     0  startup_stm32f407xx.o(.text)
    I2C3_EV_IRQHandler                       0x08010253   Thumb Code     0  startup_stm32f407xx.o(.text)
    OTG_FS_WKUP_IRQHandler                   0x08010253   Thumb Code     0  startup_stm32f407xx.o(.text)
    OTG_HS_EP1_IN_IRQHandler                 0x08010253   Thumb Code     0  startup_stm32f407xx.o(.text)
    OTG_HS_EP1_OUT_IRQHandler                0x08010253   Thumb Code     0  startup_stm32f407xx.o(.text)
    OTG_HS_IRQHandler                        0x08010253   Thumb Code     0  startup_stm32f407xx.o(.text)
    OTG_HS_WKUP_IRQHandler                   0x08010253   Thumb Code     0  startup_stm32f407xx.o(.text)
    PVD_IRQHandler                           0x08010253   Thumb Code     0  startup_stm32f407xx.o(.text)
    RCC_IRQHandler                           0x08010253   Thumb Code     0  startup_stm32f407xx.o(.text)
    RTC_Alarm_IRQHandler                     0x08010253   Thumb Code     0  startup_stm32f407xx.o(.text)
    RTC_WKUP_IRQHandler                      0x08010253   Thumb Code     0  startup_stm32f407xx.o(.text)
    SDIO_IRQHandler                          0x08010253   Thumb Code     0  startup_stm32f407xx.o(.text)
    SPI1_IRQHandler                          0x08010253   Thumb Code     0  startup_stm32f407xx.o(.text)
    SPI2_IRQHandler                          0x08010253   Thumb Code     0  startup_stm32f407xx.o(.text)
    SPI3_IRQHandler                          0x08010253   Thumb Code     0  startup_stm32f407xx.o(.text)
    TAMP_STAMP_IRQHandler                    0x08010253   Thumb Code     0  startup_stm32f407xx.o(.text)
    TIM1_BRK_TIM9_IRQHandler                 0x08010253   Thumb Code     0  startup_stm32f407xx.o(.text)
    TIM1_CC_IRQHandler                       0x08010253   Thumb Code     0  startup_stm32f407xx.o(.text)
    TIM1_TRG_COM_TIM11_IRQHandler            0x08010253   Thumb Code     0  startup_stm32f407xx.o(.text)
    TIM1_UP_TIM10_IRQHandler                 0x08010253   Thumb Code     0  startup_stm32f407xx.o(.text)
    TIM2_IRQHandler                          0x08010253   Thumb Code     0  startup_stm32f407xx.o(.text)
    TIM3_IRQHandler                          0x08010253   Thumb Code     0  startup_stm32f407xx.o(.text)
    TIM4_IRQHandler                          0x08010253   Thumb Code     0  startup_stm32f407xx.o(.text)
    TIM5_IRQHandler                          0x08010253   Thumb Code     0  startup_stm32f407xx.o(.text)
    TIM6_DAC_IRQHandler                      0x08010253   Thumb Code     0  startup_stm32f407xx.o(.text)
    TIM7_IRQHandler                          0x08010253   Thumb Code     0  startup_stm32f407xx.o(.text)
    TIM8_BRK_TIM12_IRQHandler                0x08010253   Thumb Code     0  startup_stm32f407xx.o(.text)
    TIM8_CC_IRQHandler                       0x08010253   Thumb Code     0  startup_stm32f407xx.o(.text)
    TIM8_TRG_COM_TIM14_IRQHandler            0x08010253   Thumb Code     0  startup_stm32f407xx.o(.text)
    TIM8_UP_TIM13_IRQHandler                 0x08010253   Thumb Code     0  startup_stm32f407xx.o(.text)
    UART4_IRQHandler                         0x08010253   Thumb Code     0  startup_stm32f407xx.o(.text)
    UART5_IRQHandler                         0x08010253   Thumb Code     0  startup_stm32f407xx.o(.text)
    USART1_IRQHandler                        0x08010253   Thumb Code     0  startup_stm32f407xx.o(.text)
    USART2_IRQHandler                        0x08010253   Thumb Code     0  startup_stm32f407xx.o(.text)
    USART3_IRQHandler                        0x08010253   Thumb Code     0  startup_stm32f407xx.o(.text)
    USART6_IRQHandler                        0x08010253   Thumb Code     0  startup_stm32f407xx.o(.text)
    WWDG_IRQHandler                          0x08010253   Thumb Code     0  startup_stm32f407xx.o(.text)
    __user_initial_stackheap                 0x08010255   Thumb Code     0  startup_stm32f407xx.o(.text)
    __I$use$semihosting                      0x08010279   Thumb Code     0  use_no_semi.o(.text)
    __use_no_semihosting_swi                 0x08010279   Thumb Code     2  use_no_semi.o(.text)
    __aeabi_uldivmod                         0x0801027b   Thumb Code     0  lludivv7m.o(.text)
    _ll_udiv                                 0x0801027b   Thumb Code   238  lludivv7m.o(.text)
    __2printf                                0x08010369   Thumb Code    20  noretval__2printf.o(.text)
    _printf_str                              0x08010381   Thumb Code    82  _printf_str.o(.text)
    _printf_int_dec                          0x080103d5   Thumb Code   104  _printf_dec.o(.text)
    __printf                                 0x0801044d   Thumb Code   308  __printf_flags_wp.o(.text)
    __aeabi_memcpy                           0x08010585   Thumb Code     0  rt_memcpy_v6.o(.text)
    __rt_memcpy                              0x08010585   Thumb Code   138  rt_memcpy_v6.o(.text)
    _memcpy_lastbytes                        0x080105eb   Thumb Code     0  rt_memcpy_v6.o(.text)
    __aeabi_memclr4                          0x0801060f   Thumb Code     0  rt_memclr_w.o(.text)
    __aeabi_memclr8                          0x0801060f   Thumb Code     0  rt_memclr_w.o(.text)
    __rt_memclr_w                            0x0801060f   Thumb Code    78  rt_memclr_w.o(.text)
    _memset_w                                0x08010613   Thumb Code     0  rt_memclr_w.o(.text)
    __use_two_region_memory                  0x0801065d   Thumb Code     2  heapauxi.o(.text)
    __rt_heap_escrow$2region                 0x0801065f   Thumb Code     2  heapauxi.o(.text)
    __rt_heap_expand$2region                 0x08010661   Thumb Code     2  heapauxi.o(.text)
    _printf_int_common                       0x08010663   Thumb Code   178  _printf_intcommon.o(.text)
    _printf_cs_common                        0x08010715   Thumb Code    20  _printf_char.o(.text)
    _printf_char                             0x08010729   Thumb Code    16  _printf_char.o(.text)
    _printf_string                           0x08010739   Thumb Code     8  _printf_char.o(.text)
    _printf_char_file                        0x08010741   Thumb Code    32  _printf_char_file.o(.text)
    __aeabi_memcpy4                          0x08010765   Thumb Code     0  rt_memcpy_w.o(.text)
    __aeabi_memcpy8                          0x08010765   Thumb Code     0  rt_memcpy_w.o(.text)
    __rt_memcpy_w                            0x08010765   Thumb Code   100  rt_memcpy_w.o(.text)
    _memcpy_lastbytes_aligned                0x080107ad   Thumb Code     0  rt_memcpy_w.o(.text)
    _printf_char_common                      0x080107d3   Thumb Code    32  _printf_char_common.o(.text)
    __user_setup_stackheap                   0x080107f9   Thumb Code    74  sys_stackheap_outer.o(.text)
    exit                                     0x08010843   Thumb Code    18  exit.o(.text)
    __user_libspace                          0x08010855   Thumb Code     8  libspace.o(.text)
    __user_perproc_libspace                  0x08010855   Thumb Code     0  libspace.o(.text)
    __user_perthread_libspace                0x08010855   Thumb Code     0  libspace.o(.text)
    BusFault_Handler                         0x0801085d   Thumb Code     2  stm32f4xx_it.o(i.BusFault_Handler)
    DebugMon_Handler                         0x0801085f   Thumb Code     2  stm32f4xx_it.o(i.DebugMon_Handler)
    Error_Handler                            0x08010861   Thumb Code     4  main.o(i.Error_Handler)
    HAL_Delay                                0x08010865   Thumb Code    32  stm32f4xx_hal.o(i.HAL_Delay)
    HAL_GPIO_Init                            0x08010889   Thumb Code   450  stm32f4xx_hal_gpio.o(i.HAL_GPIO_Init)
    HAL_GetTick                              0x08010a79   Thumb Code     6  stm32f4xx_hal.o(i.HAL_GetTick)
    HAL_IncTick                              0x08010a85   Thumb Code    12  stm32f4xx_hal.o(i.HAL_IncTick)
    HAL_Init                                 0x08010a95   Thumb Code    48  stm32f4xx_hal.o(i.HAL_Init)
    HAL_InitTick                             0x08010ac9   Thumb Code    54  stm32f4xx_hal.o(i.HAL_InitTick)
    HAL_MspInit                              0x08010b09   Thumb Code    42  stm32f4xx_hal_msp.o(i.HAL_MspInit)
    HAL_NVIC_EnableIRQ                       0x08010b39   Thumb Code    26  stm32f4xx_hal_cortex.o(i.HAL_NVIC_EnableIRQ)
    HAL_NVIC_SetPriority                     0x08010b55   Thumb Code    60  stm32f4xx_hal_cortex.o(i.HAL_NVIC_SetPriority)
    HAL_NVIC_SetPriorityGrouping             0x08010b95   Thumb Code    26  stm32f4xx_hal_cortex.o(i.HAL_NVIC_SetPriorityGrouping)
    HAL_PCDEx_LPM_Callback                   0x08010bb9   Thumb Code     2  stm32f4xx_hal_pcd_ex.o(i.HAL_PCDEx_LPM_Callback)
    HAL_PCDEx_SetRxFiFo                      0x08010bbb   Thumb Code     8  stm32f4xx_hal_pcd_ex.o(i.HAL_PCDEx_SetRxFiFo)
    HAL_PCDEx_SetTxFiFo                      0x08010bc3   Thumb Code    68  stm32f4xx_hal_pcd_ex.o(i.HAL_PCDEx_SetTxFiFo)
    HAL_PCD_ConnectCallback                  0x08010c07   Thumb Code     8  usbd_conf.o(i.HAL_PCD_ConnectCallback)
    HAL_PCD_DataInStageCallback              0x08010c0f   Thumb Code    18  usbd_conf.o(i.HAL_PCD_DataInStageCallback)
    HAL_PCD_DataOutStageCallback             0x08010c21   Thumb Code    20  usbd_conf.o(i.HAL_PCD_DataOutStageCallback)
    HAL_PCD_DisconnectCallback               0x08010c35   Thumb Code     8  usbd_conf.o(i.HAL_PCD_DisconnectCallback)
    HAL_PCD_EP_Abort                         0x08010c3d   Thumb Code    30  stm32f4xx_hal_pcd.o(i.HAL_PCD_EP_Abort)
    HAL_PCD_EP_Close                         0x08010c5b   Thumb Code    74  stm32f4xx_hal_pcd.o(i.HAL_PCD_EP_Close)
    HAL_PCD_EP_ClrStall                      0x08010ca5   Thumb Code    90  stm32f4xx_hal_pcd.o(i.HAL_PCD_EP_ClrStall)
    HAL_PCD_EP_Flush                         0x08010cff   Thumb Code    52  stm32f4xx_hal_pcd.o(i.HAL_PCD_EP_Flush)
    HAL_PCD_EP_GetRxCount                    0x08010d33   Thumb Code    18  stm32f4xx_hal_pcd.o(i.HAL_PCD_EP_GetRxCount)
    HAL_PCD_EP_Open                          0x08010d45   Thumb Code    98  stm32f4xx_hal_pcd.o(i.HAL_PCD_EP_Open)
    HAL_PCD_EP_Receive                       0x08010da7   Thumb Code    56  stm32f4xx_hal_pcd.o(i.HAL_PCD_EP_Receive)
    HAL_PCD_EP_SetStall                      0x08010ddf   Thumb Code   114  stm32f4xx_hal_pcd.o(i.HAL_PCD_EP_SetStall)
    HAL_PCD_EP_Transmit                      0x08010e51   Thumb Code    50  stm32f4xx_hal_pcd.o(i.HAL_PCD_EP_Transmit)
    HAL_PCD_IRQHandler                       0x08010e85   Thumb Code  1372  stm32f4xx_hal_pcd.o(i.HAL_PCD_IRQHandler)
    HAL_PCD_ISOINIncompleteCallback          0x080113e1   Thumb Code     8  usbd_conf.o(i.HAL_PCD_ISOINIncompleteCallback)
    HAL_PCD_ISOOUTIncompleteCallback         0x080113e9   Thumb Code     8  usbd_conf.o(i.HAL_PCD_ISOOUTIncompleteCallback)
    HAL_PCD_Init                             0x080113f1   Thumb Code   204  stm32f4xx_hal_pcd.o(i.HAL_PCD_Init)
    HAL_PCD_MspInit                          0x080114bd   Thumb Code   122  usbd_conf.o(i.HAL_PCD_MspInit)
    HAL_PCD_ResetCallback                    0x08011541   Thumb Code    44  usbd_conf.o(i.HAL_PCD_ResetCallback)
    HAL_PCD_ResumeCallback                   0x0801156d   Thumb Code     8  usbd_conf.o(i.HAL_PCD_ResumeCallback)
    HAL_PCD_SOFCallback                      0x08011575   Thumb Code     8  usbd_conf.o(i.HAL_PCD_SOFCallback)
    HAL_PCD_SetAddress                       0x0801157d   Thumb Code    38  stm32f4xx_hal_pcd.o(i.HAL_PCD_SetAddress)
    HAL_PCD_SetupStageCallback               0x080115a3   Thumb Code    14  usbd_conf.o(i.HAL_PCD_SetupStageCallback)
    HAL_PCD_Start                            0x080115b1   Thumb Code    66  stm32f4xx_hal_pcd.o(i.HAL_PCD_Start)
    HAL_PCD_SuspendCallback                  0x080115f5   Thumb Code    44  usbd_conf.o(i.HAL_PCD_SuspendCallback)
    HAL_RCC_ClockConfig                      0x08011625   Thumb Code   288  stm32f4xx_hal_rcc.o(i.HAL_RCC_ClockConfig)
    HAL_RCC_GetHCLKFreq                      0x08011759   Thumb Code     6  stm32f4xx_hal_rcc.o(i.HAL_RCC_GetHCLKFreq)
    HAL_RCC_GetPCLK1Freq                     0x08011765   Thumb Code    20  stm32f4xx_hal_rcc.o(i.HAL_RCC_GetPCLK1Freq)
    HAL_RCC_GetPCLK2Freq                     0x08011785   Thumb Code    20  stm32f4xx_hal_rcc.o(i.HAL_RCC_GetPCLK2Freq)
    HAL_RCC_GetSysClockFreq                  0x080117a5   Thumb Code    88  stm32f4xx_hal_rcc.o(i.HAL_RCC_GetSysClockFreq)
    HAL_RCC_OscConfig                        0x08011805   Thumb Code   856  stm32f4xx_hal_rcc.o(i.HAL_RCC_OscConfig)
    HAL_SYSTICK_Config                       0x08011b71   Thumb Code    40  stm32f4xx_hal_cortex.o(i.HAL_SYSTICK_Config)
    HAL_UART_Init                            0x08011b99   Thumb Code   100  stm32f4xx_hal_uart.o(i.HAL_UART_Init)
    HAL_UART_MspInit                         0x08011bfd   Thumb Code    94  usart.o(i.HAL_UART_MspInit)
    HAL_UART_Transmit                        0x08011c69   Thumb Code   160  stm32f4xx_hal_uart.o(i.HAL_UART_Transmit)
    HardFault_Handler                        0x08011d09   Thumb Code     2  stm32f4xx_it.o(i.HardFault_Handler)
    MSC_BOT_CplClrFeature                    0x08011e95   Thumb Code    72  usbd_msc_bot.o(i.MSC_BOT_CplClrFeature)
    MSC_BOT_DataIn                           0x08011ee5   Thumb Code    70  usbd_msc_bot.o(i.MSC_BOT_DataIn)
    MSC_BOT_DataOut                          0x08011f2b   Thumb Code    70  usbd_msc_bot.o(i.MSC_BOT_DataOut)
    MSC_BOT_DeInit                           0x08011f71   Thumb Code    22  usbd_msc_bot.o(i.MSC_BOT_DeInit)
    MSC_BOT_Init                             0x08011f89   Thumb Code    96  usbd_msc_bot.o(i.MSC_BOT_Init)
    MSC_BOT_Reset                            0x08011ff1   Thumb Code    68  usbd_msc_bot.o(i.MSC_BOT_Reset)
    MSC_BOT_SendCSW                          0x0801203d   Thumb Code    72  usbd_msc_bot.o(i.MSC_BOT_SendCSW)
    MX_GPIO_Init                             0x08012091   Thumb Code    38  gpio.o(i.MX_GPIO_Init)
    MX_USART1_UART_Init                      0x080120bd   Thumb Code    48  usart.o(i.MX_USART1_UART_Init)
    MX_USB_DEVICE_Init                       0x080120f5   Thumb Code    66  usb_device.o(i.MX_USB_DEVICE_Init)
    MemManage_Handler                        0x08012149   Thumb Code     2  stm32f4xx_it.o(i.MemManage_Handler)
    NMI_Handler                              0x0801214b   Thumb Code     2  stm32f4xx_it.o(i.NMI_Handler)
    OTG_FS_IRQHandler                        0x0801214d   Thumb Code     6  stm32f4xx_it.o(i.OTG_FS_IRQHandler)
    PendSV_Handler                           0x080122c7   Thumb Code     2  stm32f4xx_it.o(i.PendSV_Handler)
    SCSI_ProcessCmd                          0x08012375   Thumb Code   420  usbd_msc_scsi.o(i.SCSI_ProcessCmd)
    SCSI_SenseCode                           0x08012a0f   Thumb Code    76  usbd_msc_scsi.o(i.SCSI_SenseCode)
    SVC_Handler                              0x08012d6d   Thumb Code     2  stm32f4xx_it.o(i.SVC_Handler)
    SysTick_Handler                          0x08012d79   Thumb Code     4  stm32f4xx_it.o(i.SysTick_Handler)
    SystemClock_Config                       0x08012d7d   Thumb Code   140  main.o(i.SystemClock_Config)
    SystemInit                               0x08012e11   Thumb Code    12  system_stm32f4xx.o(i.SystemInit)
    USBD_ClrClassConfig                      0x08012fef   Thumb Code    20  usbd_core.o(i.USBD_ClrClassConfig)
    USBD_CoreFindEP                          0x08013003   Thumb Code     4  usbd_core.o(i.USBD_CoreFindEP)
    USBD_CoreFindIF                          0x08013007   Thumb Code     4  usbd_core.o(i.USBD_CoreFindIF)
    USBD_CtlContinueRx                       0x0801300b   Thumb Code    16  usbd_ioreq.o(i.USBD_CtlContinueRx)
    USBD_CtlContinueSendData                 0x0801301b   Thumb Code    16  usbd_ioreq.o(i.USBD_CtlContinueSendData)
    USBD_CtlError                            0x0801302b   Thumb Code    22  usbd_ctlreq.o(i.USBD_CtlError)
    USBD_CtlReceiveStatus                    0x08013041   Thumb Code    22  usbd_ioreq.o(i.USBD_CtlReceiveStatus)
    USBD_CtlSendData                         0x08013057   Thumb Code    26  usbd_ioreq.o(i.USBD_CtlSendData)
    USBD_CtlSendStatus                       0x08013071   Thumb Code    22  usbd_ioreq.o(i.USBD_CtlSendStatus)
    USBD_FS_ConfigStrDescriptor              0x08013089   Thumb Code    16  usbd_desc.o(i.USBD_FS_ConfigStrDescriptor)
    USBD_FS_DeviceDescriptor                 0x080130a9   Thumb Code     8  usbd_desc.o(i.USBD_FS_DeviceDescriptor)
    USBD_FS_InterfaceStrDescriptor           0x080130b5   Thumb Code    16  usbd_desc.o(i.USBD_FS_InterfaceStrDescriptor)
    USBD_FS_LangIDStrDescriptor              0x080130d9   Thumb Code     8  usbd_desc.o(i.USBD_FS_LangIDStrDescriptor)
    USBD_FS_ManufacturerStrDescriptor        0x080130e5   Thumb Code    16  usbd_desc.o(i.USBD_FS_ManufacturerStrDescriptor)
    USBD_FS_ProductStrDescriptor             0x0801310d   Thumb Code    16  usbd_desc.o(i.USBD_FS_ProductStrDescriptor)
    USBD_FS_SerialStrDescriptor              0x08013135   Thumb Code    48  usbd_desc.o(i.USBD_FS_SerialStrDescriptor)
    USBD_GetEpDesc                           0x08013253   Thumb Code    58  usbd_core.o(i.USBD_GetEpDesc)
    USBD_GetNextDesc                         0x080132a1   Thumb Code    14  usbd_core.o(i.USBD_GetNextDesc)
    USBD_GetString                           0x080132af   Thumb Code    78  usbd_ctlreq.o(i.USBD_GetString)
    USBD_Get_USB_Status                      0x080132fd   Thumb Code    24  usbd_conf.o(i.USBD_Get_USB_Status)
    USBD_Init                                0x08013315   Thumb Code    38  usbd_core.o(i.USBD_Init)
    USBD_LL_ClearStallEP                     0x0801333b   Thumb Code    18  usbd_conf.o(i.USBD_LL_ClearStallEP)
    USBD_LL_CloseEP                          0x0801334d   Thumb Code    18  usbd_conf.o(i.USBD_LL_CloseEP)
    USBD_LL_DataInStage                      0x0801335f   Thumb Code   182  usbd_core.o(i.USBD_LL_DataInStage)
    USBD_LL_DataOutStage                     0x08013415   Thumb Code   142  usbd_core.o(i.USBD_LL_DataOutStage)
    USBD_LL_DevConnected                     0x080134a3   Thumb Code     4  usbd_core.o(i.USBD_LL_DevConnected)
    USBD_LL_DevDisconnected                  0x080134a7   Thumb Code    30  usbd_core.o(i.USBD_LL_DevDisconnected)
    USBD_LL_FlushEP                          0x080134c5   Thumb Code    18  usbd_conf.o(i.USBD_LL_FlushEP)
    USBD_LL_GetRxDataSize                    0x080134d7   Thumb Code     8  usbd_conf.o(i.USBD_LL_GetRxDataSize)
    USBD_LL_Init                             0x080134e1   Thumb Code    90  usbd_conf.o(i.USBD_LL_Init)
    USBD_LL_IsStallEP                        0x08013541   Thumb Code    30  usbd_conf.o(i.USBD_LL_IsStallEP)
    USBD_LL_IsoINIncomplete                  0x0801355f   Thumb Code    40  usbd_core.o(i.USBD_LL_IsoINIncomplete)
    USBD_LL_IsoOUTIncomplete                 0x08013587   Thumb Code    40  usbd_core.o(i.USBD_LL_IsoOUTIncomplete)
    USBD_LL_OpenEP                           0x080135af   Thumb Code    24  usbd_conf.o(i.USBD_LL_OpenEP)
    USBD_LL_PrepareReceive                   0x080135c7   Thumb Code    18  usbd_conf.o(i.USBD_LL_PrepareReceive)
    USBD_LL_Reset                            0x080135d9   Thumb Code    92  usbd_core.o(i.USBD_LL_Reset)
    USBD_LL_Resume                           0x08013635   Thumb Code    20  usbd_core.o(i.USBD_LL_Resume)
    USBD_LL_SOF                              0x08013649   Thumb Code    26  usbd_core.o(i.USBD_LL_SOF)
    USBD_LL_SetSpeed                         0x08013663   Thumb Code     6  usbd_core.o(i.USBD_LL_SetSpeed)
    USBD_LL_SetUSBAddress                    0x08013669   Thumb Code    18  usbd_conf.o(i.USBD_LL_SetUSBAddress)
    USBD_LL_SetupStage                       0x0801367b   Thumb Code    96  usbd_core.o(i.USBD_LL_SetupStage)
    USBD_LL_StallEP                          0x080136db   Thumb Code    18  usbd_conf.o(i.USBD_LL_StallEP)
    USBD_LL_Start                            0x080136ed   Thumb Code    18  usbd_conf.o(i.USBD_LL_Start)
    USBD_LL_Suspend                          0x080136ff   Thumb Code    26  usbd_core.o(i.USBD_LL_Suspend)
    USBD_LL_Transmit                         0x08013719   Thumb Code    18  usbd_conf.o(i.USBD_LL_Transmit)
    USBD_MSC_DataIn                          0x0801372b   Thumb Code    10  usbd_msc.o(i.USBD_MSC_DataIn)
    USBD_MSC_DataOut                         0x08013735   Thumb Code    10  usbd_msc.o(i.USBD_MSC_DataOut)
    USBD_MSC_DeInit                          0x08013741   Thumb Code   112  usbd_msc.o(i.USBD_MSC_DeInit)
    USBD_MSC_GetDeviceQualifierDescriptor    0x080137b5   Thumb Code     8  usbd_msc.o(i.USBD_MSC_GetDeviceQualifierDescriptor)
    USBD_MSC_GetFSCfgDesc                    0x080137c1   Thumb Code    40  usbd_msc.o(i.USBD_MSC_GetFSCfgDesc)
    USBD_MSC_GetHSCfgDesc                    0x080137ed   Thumb Code    42  usbd_msc.o(i.USBD_MSC_GetHSCfgDesc)
    USBD_MSC_GetOtherSpeedCfgDesc            0x0801381d   Thumb Code    40  usbd_msc.o(i.USBD_MSC_GetOtherSpeedCfgDesc)
    USBD_MSC_Init                            0x08013849   Thumb Code   168  usbd_msc.o(i.USBD_MSC_Init)
    USBD_MSC_RegisterStorage                 0x080138f5   Thumb Code    22  usbd_msc.o(i.USBD_MSC_RegisterStorage)
    USBD_MSC_Setup                           0x0801390b   Thumb Code   220  usbd_msc.o(i.USBD_MSC_Setup)
    USBD_ParseSetupRequest                   0x080139e7   Thumb Code    44  usbd_ctlreq.o(i.USBD_ParseSetupRequest)
    USBD_RegisterClass                       0x08013a13   Thumb Code    58  usbd_core.o(i.USBD_RegisterClass)
    USBD_SetClassConfig                      0x08013a4d   Thumb Code    20  usbd_core.o(i.USBD_SetClassConfig)
    USBD_Start                               0x08013b19   Thumb Code     4  usbd_core.o(i.USBD_Start)
    USBD_StdDevReq                           0x08013b1d   Thumb Code   300  usbd_ctlreq.o(i.USBD_StdDevReq)
    USBD_StdEPReq                            0x08013c49   Thumb Code   352  usbd_ctlreq.o(i.USBD_StdEPReq)
    USBD_StdItfReq                           0x08013da9   Thumb Code   114  usbd_ctlreq.o(i.USBD_StdItfReq)
    USBD_static_free                         0x08013e1b   Thumb Code     2  usbd_conf.o(i.USBD_static_free)
    USBD_static_malloc                       0x08013e1d   Thumb Code     4  usbd_conf.o(i.USBD_static_malloc)
    USB_ActivateEndpoint                     0x08013e25   Thumb Code   122  stm32f4xx_ll_usb.o(i.USB_ActivateEndpoint)
    USB_ActivateSetup                        0x08013ea5   Thumb Code    28  stm32f4xx_ll_usb.o(i.USB_ActivateSetup)
    USB_CoreInit                             0x08013ec1   Thumb Code   126  stm32f4xx_ll_usb.o(i.USB_CoreInit)
    USB_DeactivateEndpoint                   0x08013f81   Thumb Code   194  stm32f4xx_ll_usb.o(i.USB_DeactivateEndpoint)
    USB_DevConnect                           0x0801404d   Thumb Code    28  stm32f4xx_ll_usb.o(i.USB_DevConnect)
    USB_DevDisconnect                        0x08014069   Thumb Code    28  stm32f4xx_ll_usb.o(i.USB_DevDisconnect)
    USB_DevInit                              0x08014085   Thumb Code   370  stm32f4xx_ll_usb.o(i.USB_DevInit)
    USB_DisableGlobalInt                     0x08014201   Thumb Code    12  stm32f4xx_ll_usb.o(i.USB_DisableGlobalInt)
    USB_EP0_OutStart                         0x0801420d   Thumb Code    84  stm32f4xx_ll_usb.o(i.USB_EP0_OutStart)
    USB_EPClearStall                         0x08014265   Thumb Code    88  stm32f4xx_ll_usb.o(i.USB_EPClearStall)
    USB_EPSetStall                           0x080142bd   Thumb Code    88  stm32f4xx_ll_usb.o(i.USB_EPSetStall)
    USB_EPStartXfer                          0x08014315   Thumb Code   562  stm32f4xx_ll_usb.o(i.USB_EPStartXfer)
    USB_EPStopXfer                           0x0801454d   Thumb Code   158  stm32f4xx_ll_usb.o(i.USB_EPStopXfer)
    USB_EnableGlobalInt                      0x080145eb   Thumb Code    12  stm32f4xx_ll_usb.o(i.USB_EnableGlobalInt)
    USB_FlushRxFifo                          0x080145f7   Thumb Code    56  stm32f4xx_ll_usb.o(i.USB_FlushRxFifo)
    USB_FlushTxFifo                          0x0801462f   Thumb Code    60  stm32f4xx_ll_usb.o(i.USB_FlushTxFifo)
    USB_GetDevSpeed                          0x0801466b   Thumb Code    26  stm32f4xx_ll_usb.o(i.USB_GetDevSpeed)
    USB_GetMode                              0x08014685   Thumb Code     8  stm32f4xx_ll_usb.o(i.USB_GetMode)
    USB_ReadDevAllInEpInterrupt              0x0801468d   Thumb Code    14  stm32f4xx_ll_usb.o(i.USB_ReadDevAllInEpInterrupt)
    USB_ReadDevAllOutEpInterrupt             0x0801469b   Thumb Code    14  stm32f4xx_ll_usb.o(i.USB_ReadDevAllOutEpInterrupt)
    USB_ReadDevInEPInterrupt                 0x080146a9   Thumb Code    36  stm32f4xx_ll_usb.o(i.USB_ReadDevInEPInterrupt)
    USB_ReadDevOutEPInterrupt                0x080146cd   Thumb Code    16  stm32f4xx_ll_usb.o(i.USB_ReadDevOutEPInterrupt)
    USB_ReadInterrupts                       0x080146dd   Thumb Code     8  stm32f4xx_ll_usb.o(i.USB_ReadInterrupts)
    USB_ReadPacket                           0x080146e5   Thumb Code    62  stm32f4xx_ll_usb.o(i.USB_ReadPacket)
    USB_SetCurrentMode                       0x08014723   Thumb Code    92  stm32f4xx_ll_usb.o(i.USB_SetCurrentMode)
    USB_SetDevAddress                        0x0801477f   Thumb Code    34  stm32f4xx_ll_usb.o(i.USB_SetDevAddress)
    USB_SetTurnaroundTime                    0x080147a1   Thumb Code   158  stm32f4xx_ll_usb.o(i.USB_SetTurnaroundTime)
    USB_WritePacket                          0x08014889   Thumb Code    40  stm32f4xx_ll_usb.o(i.USB_WritePacket)
    UsageFault_Handler                       0x080148b1   Thumb Code     2  stm32f4xx_it.o(i.UsageFault_Handler)
    _is_digit                                0x080148d3   Thumb Code    14  __printf_wp.o(i._is_digit)
    _sys_exit                                0x080148e1   Thumb Code     2  retarget.o(i._sys_exit)
    ferror                                   0x080148e3   Thumb Code     6  retarget.o(i.ferror)
    fputc                                    0x080148e9   Thumb Code     4  retarget.o(i.fputc)
    main                                     0x080148ed   Thumb Code    32  main.o(i.main)
    sendchar                                 0x08014921   Thumb Code    20  main.o(i.sendchar)
    _fp_init                                 0x08014939   Thumb Code    10  fpinit.o(x$fpl$fpinit)
    __fplib_config_fpu_vfp                   0x08014941   Thumb Code     0  fpinit.o(x$fpl$fpinit)
    __fplib_config_pureend_doubles           0x08014941   Thumb Code     0  fpinit.o(x$fpl$fpinit)
    STORAGE_Inquirydata_FS                   0x08014947   Data          36  usbd_storage_if.o(.constdata)
    AHBPrescTable                            0x0801498c   Data          16  system_stm32f4xx.o(.constdata)
    APBPrescTable                            0x0801499c   Data           8  system_stm32f4xx.o(.constdata)
    Region$$Table$$Base                      0x080149b8   Number         0  anon$$obj.o(Region$$Table)
    Region$$Table$$Limit                     0x080149d8   Number         0  anon$$obj.o(Region$$Table)
    __stdout                                 0x20000000   Data           4  retarget.o(.data)
    FS_Desc                                  0x20000004   Data          28  usbd_desc.o(.data)
    USBD_LangIDDesc                          0x20000020   Data           4  usbd_desc.o(.data)
    USBD_FS_DeviceDesc                       0x20000024   Data          18  usbd_desc.o(.data)
    USBD_StringSerial                        0x20000038   Data          26  usbd_desc.o(.data)
    USBD_Storage_Interface_fops_FS           0x20000054   Data          32  usbd_storage_if.o(.data)
    uwTickFreq                               0x20000074   Data           1  stm32f4xx_hal.o(.data)
    uwTickPrio                               0x20000078   Data           4  stm32f4xx_hal.o(.data)
    uwTick                                   0x2000007c   Data           4  stm32f4xx_hal.o(.data)
    SystemCoreClock                          0x20000080   Data           4  system_stm32f4xx.o(.data)
    USBD_MSC                                 0x20000088   Data          56  usbd_msc.o(.data)
    MSCInEpAdd                               0x200000c0   Data           1  usbd_msc.o(.data)
    MSCOutEpAdd                              0x200000c1   Data           1  usbd_msc.o(.data)
    MSC_Page00_Inquiry_Data                  0x200000ee   Data           6  usbd_msc_data.o(.data)
    MSC_Page80_Inquiry_Data                  0x200000f4   Data           8  usbd_msc_data.o(.data)
    MSC_Mode_Sense6_data                     0x200000fc   Data           4  usbd_msc_data.o(.data)
    MSC_Mode_Sense10_data                    0x20000100   Data           8  usbd_msc_data.o(.data)
    huart1                                   0x20000108   Data          72  usart.o(.bss)
    hUsbDeviceFS                             0x20000150   Data         732  usb_device.o(.bss)
    USBD_StrDesc                             0x2000042c   Data         512  usbd_desc.o(.bss)
    buffer                                   0x2000062c   Data       65536  usbd_storage_if.o(.bss)
    hpcd_USB_OTG_FS                          0x200108a4   Data        1252  usbd_conf.o(.bss)
    __libspace_start                         0x20010d88   Data          96  libspace.o(.bss)
    __temporary_stack_top$libspace           0x20010de8   Data           0  libspace.o(.bss)



==============================================================================

Memory Map of the image

  Image Entry point : 0x08010189

  Load Region LR_IROM1 (Base: 0x08010000, Size: 0x00004ae0, Max: 0x00070000, ABSOLUTE)

    Execution Region ER_IROM1 (Exec base: 0x08010000, Load base: 0x08010000, Size: 0x000049d8, Max: 0x00070000, ABSOLUTE)

    Exec Addr    Load Addr    Size         Type   Attr      Idx    E Section Name        Object

    0x08010000   0x08010000   0x00000188   Data   RO            3    RESET               startup_stm32f407xx.o
    0x08010188   0x08010188   0x00000008   Code   RO         3662  * !!!main             c_w.l(__main.o)
    0x08010190   0x08010190   0x00000034   Code   RO         3838    !!!scatter          c_w.l(__scatter.o)
    0x080101c4   0x080101c4   0x0000001a   Code   RO         3840    !!handler_copy      c_w.l(__scatter_copy.o)
    0x080101de   0x080101de   0x00000002   PAD
    0x080101e0   0x080101e0   0x0000001c   Code   RO         3842    !!handler_zi        c_w.l(__scatter_zi.o)
    0x080101fc   0x080101fc   0x00000000   Code   RO         3655    .ARM.Collect$$_printf_percent$$00000000  c_w.l(_printf_percent.o)
    0x080101fc   0x080101fc   0x00000006   Code   RO         3654    .ARM.Collect$$_printf_percent$$00000009  c_w.l(_printf_d.o)
    0x08010202   0x08010202   0x00000006   Code   RO         3652    .ARM.Collect$$_printf_percent$$00000014  c_w.l(_printf_s.o)
    0x08010208   0x08010208   0x00000004   Code   RO         3675    .ARM.Collect$$_printf_percent$$00000017  c_w.l(_printf_percent_end.o)
    0x0801020c   0x0801020c   0x00000002   Code   RO         3712    .ARM.Collect$$libinit$$00000000  c_w.l(libinit.o)
    0x0801020e   0x0801020e   0x00000004   Code   RO         3724    .ARM.Collect$$libinit$$00000001  c_w.l(libinit2.o)
    0x08010212   0x08010212   0x00000000   Code   RO         3727    .ARM.Collect$$libinit$$00000004  c_w.l(libinit2.o)
    0x08010212   0x08010212   0x00000000   Code   RO         3730    .ARM.Collect$$libinit$$0000000A  c_w.l(libinit2.o)
    0x08010212   0x08010212   0x00000000   Code   RO         3732    .ARM.Collect$$libinit$$0000000C  c_w.l(libinit2.o)
    0x08010212   0x08010212   0x00000000   Code   RO         3734    .ARM.Collect$$libinit$$0000000E  c_w.l(libinit2.o)
    0x08010212   0x08010212   0x00000000   Code   RO         3737    .ARM.Collect$$libinit$$00000011  c_w.l(libinit2.o)
    0x08010212   0x08010212   0x00000000   Code   RO         3739    .ARM.Collect$$libinit$$00000013  c_w.l(libinit2.o)
    0x08010212   0x08010212   0x00000000   Code   RO         3741    .ARM.Collect$$libinit$$00000015  c_w.l(libinit2.o)
    0x08010212   0x08010212   0x00000000   Code   RO         3743    .ARM.Collect$$libinit$$00000017  c_w.l(libinit2.o)
    0x08010212   0x08010212   0x00000000   Code   RO         3745    .ARM.Collect$$libinit$$00000019  c_w.l(libinit2.o)
    0x08010212   0x08010212   0x00000000   Code   RO         3747    .ARM.Collect$$libinit$$0000001B  c_w.l(libinit2.o)
    0x08010212   0x08010212   0x00000000   Code   RO         3749    .ARM.Collect$$libinit$$0000001D  c_w.l(libinit2.o)
    0x08010212   0x08010212   0x00000000   Code   RO         3751    .ARM.Collect$$libinit$$0000001F  c_w.l(libinit2.o)
    0x08010212   0x08010212   0x00000000   Code   RO         3753    .ARM.Collect$$libinit$$00000021  c_w.l(libinit2.o)
    0x08010212   0x08010212   0x00000000   Code   RO         3755    .ARM.Collect$$libinit$$00000023  c_w.l(libinit2.o)
    0x08010212   0x08010212   0x00000000   Code   RO         3757    .ARM.Collect$$libinit$$00000025  c_w.l(libinit2.o)
    0x08010212   0x08010212   0x00000000   Code   RO         3761    .ARM.Collect$$libinit$$0000002C  c_w.l(libinit2.o)
    0x08010212   0x08010212   0x00000000   Code   RO         3763    .ARM.Collect$$libinit$$0000002E  c_w.l(libinit2.o)
    0x08010212   0x08010212   0x00000000   Code   RO         3765    .ARM.Collect$$libinit$$00000030  c_w.l(libinit2.o)
    0x08010212   0x08010212   0x00000000   Code   RO         3767    .ARM.Collect$$libinit$$00000032  c_w.l(libinit2.o)
    0x08010212   0x08010212   0x00000002   Code   RO         3768    .ARM.Collect$$libinit$$00000033  c_w.l(libinit2.o)
    0x08010214   0x08010214   0x00000002   Code   RO         3792    .ARM.Collect$$libshutdown$$00000000  c_w.l(libshutdown.o)
    0x08010216   0x08010216   0x00000000   Code   RO         3818    .ARM.Collect$$libshutdown$$00000002  c_w.l(libshutdown2.o)
    0x08010216   0x08010216   0x00000000   Code   RO         3820    .ARM.Collect$$libshutdown$$00000004  c_w.l(libshutdown2.o)
    0x08010216   0x08010216   0x00000000   Code   RO         3822    .ARM.Collect$$libshutdown$$00000006  c_w.l(libshutdown2.o)
    0x08010216   0x08010216   0x00000000   Code   RO         3825    .ARM.Collect$$libshutdown$$00000009  c_w.l(libshutdown2.o)
    0x08010216   0x08010216   0x00000000   Code   RO         3828    .ARM.Collect$$libshutdown$$0000000C  c_w.l(libshutdown2.o)
    0x08010216   0x08010216   0x00000000   Code   RO         3830    .ARM.Collect$$libshutdown$$0000000E  c_w.l(libshutdown2.o)
    0x08010216   0x08010216   0x00000000   Code   RO         3833    .ARM.Collect$$libshutdown$$00000011  c_w.l(libshutdown2.o)
    0x08010216   0x08010216   0x00000002   Code   RO         3834    .ARM.Collect$$libshutdown$$00000012  c_w.l(libshutdown2.o)
    0x08010218   0x08010218   0x00000000   Code   RO         3664    .ARM.Collect$$rtentry$$00000000  c_w.l(__rtentry.o)
    0x08010218   0x08010218   0x00000000   Code   RO         3679    .ARM.Collect$$rtentry$$00000002  c_w.l(__rtentry2.o)
    0x08010218   0x08010218   0x00000006   Code   RO         3691    .ARM.Collect$$rtentry$$00000004  c_w.l(__rtentry4.o)
    0x0801021e   0x0801021e   0x00000000   Code   RO         3681    .ARM.Collect$$rtentry$$00000009  c_w.l(__rtentry2.o)
    0x0801021e   0x0801021e   0x00000004   Code   RO         3682    .ARM.Collect$$rtentry$$0000000A  c_w.l(__rtentry2.o)
    0x08010222   0x08010222   0x00000000   Code   RO         3684    .ARM.Collect$$rtentry$$0000000C  c_w.l(__rtentry2.o)
    0x08010222   0x08010222   0x00000008   Code   RO         3685    .ARM.Collect$$rtentry$$0000000D  c_w.l(__rtentry2.o)
    0x0801022a   0x0801022a   0x00000002   Code   RO         3716    .ARM.Collect$$rtexit$$00000000  c_w.l(rtexit.o)
    0x0801022c   0x0801022c   0x00000000   Code   RO         3770    .ARM.Collect$$rtexit$$00000002  c_w.l(rtexit2.o)
    0x0801022c   0x0801022c   0x00000004   Code   RO         3771    .ARM.Collect$$rtexit$$00000003  c_w.l(rtexit2.o)
    0x08010230   0x08010230   0x00000006   Code   RO         3772    .ARM.Collect$$rtexit$$00000004  c_w.l(rtexit2.o)
    0x08010236   0x08010236   0x00000002   PAD
    0x08010238   0x08010238   0x00000040   Code   RO            4    .text               startup_stm32f407xx.o
    0x08010278   0x08010278   0x00000002   Code   RO         3595    .text               c_w.l(use_no_semi.o)
    0x0801027a   0x0801027a   0x000000ee   Code   RO         3597    .text               c_w.l(lludivv7m.o)
    0x08010368   0x08010368   0x00000018   Code   RO         3601    .text               c_w.l(noretval__2printf.o)
    0x08010380   0x08010380   0x00000052   Code   RO         3607    .text               c_w.l(_printf_str.o)
    0x080103d2   0x080103d2   0x00000002   PAD
    0x080103d4   0x080103d4   0x00000078   Code   RO         3609    .text               c_w.l(_printf_dec.o)
    0x0801044c   0x0801044c   0x00000138   Code   RO         3644    .text               c_w.l(__printf_flags_wp.o)
    0x08010584   0x08010584   0x0000008a   Code   RO         3656    .text               c_w.l(rt_memcpy_v6.o)
    0x0801060e   0x0801060e   0x0000004e   Code   RO         3658    .text               c_w.l(rt_memclr_w.o)
    0x0801065c   0x0801065c   0x00000006   Code   RO         3660    .text               c_w.l(heapauxi.o)
    0x08010662   0x08010662   0x000000b2   Code   RO         3669    .text               c_w.l(_printf_intcommon.o)
    0x08010714   0x08010714   0x0000002c   Code   RO         3671    .text               c_w.l(_printf_char.o)
    0x08010740   0x08010740   0x00000024   Code   RO         3673    .text               c_w.l(_printf_char_file.o)
    0x08010764   0x08010764   0x00000064   Code   RO         3676    .text               c_w.l(rt_memcpy_w.o)
    0x080107c8   0x080107c8   0x00000030   Code   RO         3695    .text               c_w.l(_printf_char_common.o)
    0x080107f8   0x080107f8   0x0000004a   Code   RO         3697    .text               c_w.l(sys_stackheap_outer.o)
    0x08010842   0x08010842   0x00000012   Code   RO         3701    .text               c_w.l(exit.o)
    0x08010854   0x08010854   0x00000008   Code   RO         3713    .text               c_w.l(libspace.o)
    0x0801085c   0x0801085c   0x00000002   Code   RO          278    i.BusFault_Handler  stm32f4xx_it.o
    0x0801085e   0x0801085e   0x00000002   Code   RO          279    i.DebugMon_Handler  stm32f4xx_it.o
    0x08010860   0x08010860   0x00000004   Code   RO           13    i.Error_Handler     main.o
    0x08010864   0x08010864   0x00000024   Code   RO         2323    i.HAL_Delay         stm32f4xx_hal.o
    0x08010888   0x08010888   0x000001f0   Code   RO         1779    i.HAL_GPIO_Init     stm32f4xx_hal_gpio.o
    0x08010a78   0x08010a78   0x0000000c   Code   RO         2329    i.HAL_GetTick       stm32f4xx_hal.o
    0x08010a84   0x08010a84   0x00000010   Code   RO         2335    i.HAL_IncTick       stm32f4xx_hal.o
    0x08010a94   0x08010a94   0x00000034   Code   RO         2336    i.HAL_Init          stm32f4xx_hal.o
    0x08010ac8   0x08010ac8   0x00000040   Code   RO         2337    i.HAL_InitTick      stm32f4xx_hal.o
    0x08010b08   0x08010b08   0x00000030   Code   RO          360    i.HAL_MspInit       stm32f4xx_hal_msp.o
    0x08010b38   0x08010b38   0x0000001a   Code   RO         2171    i.HAL_NVIC_EnableIRQ  stm32f4xx_hal_cortex.o
    0x08010b52   0x08010b52   0x00000002   PAD
    0x08010b54   0x08010b54   0x00000040   Code   RO         2177    i.HAL_NVIC_SetPriority  stm32f4xx_hal_cortex.o
    0x08010b94   0x08010b94   0x00000024   Code   RO         2178    i.HAL_NVIC_SetPriorityGrouping  stm32f4xx_hal_cortex.o
    0x08010bb8   0x08010bb8   0x00000002   Code   RO         1078    i.HAL_PCDEx_LPM_Callback  stm32f4xx_hal_pcd_ex.o
    0x08010bba   0x08010bba   0x00000008   Code   RO         1079    i.HAL_PCDEx_SetRxFiFo  stm32f4xx_hal_pcd_ex.o
    0x08010bc2   0x08010bc2   0x00000044   Code   RO         1080    i.HAL_PCDEx_SetTxFiFo  stm32f4xx_hal_pcd_ex.o
    0x08010c06   0x08010c06   0x00000008   Code   RO          632    i.HAL_PCD_ConnectCallback  usbd_conf.o
    0x08010c0e   0x08010c0e   0x00000012   Code   RO          633    i.HAL_PCD_DataInStageCallback  usbd_conf.o
    0x08010c20   0x08010c20   0x00000014   Code   RO          634    i.HAL_PCD_DataOutStageCallback  usbd_conf.o
    0x08010c34   0x08010c34   0x00000008   Code   RO          635    i.HAL_PCD_DisconnectCallback  usbd_conf.o
    0x08010c3c   0x08010c3c   0x0000001e   Code   RO          848    i.HAL_PCD_EP_Abort  stm32f4xx_hal_pcd.o
    0x08010c5a   0x08010c5a   0x0000004a   Code   RO          849    i.HAL_PCD_EP_Close  stm32f4xx_hal_pcd.o
    0x08010ca4   0x08010ca4   0x0000005a   Code   RO          850    i.HAL_PCD_EP_ClrStall  stm32f4xx_hal_pcd.o
    0x08010cfe   0x08010cfe   0x00000034   Code   RO          851    i.HAL_PCD_EP_Flush  stm32f4xx_hal_pcd.o
    0x08010d32   0x08010d32   0x00000012   Code   RO          852    i.HAL_PCD_EP_GetRxCount  stm32f4xx_hal_pcd.o
    0x08010d44   0x08010d44   0x00000062   Code   RO          853    i.HAL_PCD_EP_Open   stm32f4xx_hal_pcd.o
    0x08010da6   0x08010da6   0x00000038   Code   RO          854    i.HAL_PCD_EP_Receive  stm32f4xx_hal_pcd.o
    0x08010dde   0x08010dde   0x00000072   Code   RO          855    i.HAL_PCD_EP_SetStall  stm32f4xx_hal_pcd.o
    0x08010e50   0x08010e50   0x00000032   Code   RO          856    i.HAL_PCD_EP_Transmit  stm32f4xx_hal_pcd.o
    0x08010e82   0x08010e82   0x00000002   PAD
    0x08010e84   0x08010e84   0x0000055c   Code   RO          858    i.HAL_PCD_IRQHandler  stm32f4xx_hal_pcd.o
    0x080113e0   0x080113e0   0x00000008   Code   RO          636    i.HAL_PCD_ISOINIncompleteCallback  usbd_conf.o
    0x080113e8   0x080113e8   0x00000008   Code   RO          637    i.HAL_PCD_ISOOUTIncompleteCallback  usbd_conf.o
    0x080113f0   0x080113f0   0x000000cc   Code   RO          861    i.HAL_PCD_Init      stm32f4xx_hal_pcd.o
    0x080114bc   0x080114bc   0x00000084   Code   RO          639    i.HAL_PCD_MspInit   usbd_conf.o
    0x08011540   0x08011540   0x0000002c   Code   RO          640    i.HAL_PCD_ResetCallback  usbd_conf.o
    0x0801156c   0x0801156c   0x00000008   Code   RO          641    i.HAL_PCD_ResumeCallback  usbd_conf.o
    0x08011574   0x08011574   0x00000008   Code   RO          642    i.HAL_PCD_SOFCallback  usbd_conf.o
    0x0801157c   0x0801157c   0x00000026   Code   RO          867    i.HAL_PCD_SetAddress  stm32f4xx_hal_pcd.o
    0x080115a2   0x080115a2   0x0000000e   Code   RO          643    i.HAL_PCD_SetupStageCallback  usbd_conf.o
    0x080115b0   0x080115b0   0x00000042   Code   RO          870    i.HAL_PCD_Start     stm32f4xx_hal_pcd.o
    0x080115f2   0x080115f2   0x00000002   PAD
    0x080115f4   0x080115f4   0x00000030   Code   RO          644    i.HAL_PCD_SuspendCallback  usbd_conf.o
    0x08011624   0x08011624   0x00000134   Code   RO         1425    i.HAL_RCC_ClockConfig  stm32f4xx_hal_rcc.o
    0x08011758   0x08011758   0x0000000c   Code   RO         1430    i.HAL_RCC_GetHCLKFreq  stm32f4xx_hal_rcc.o
    0x08011764   0x08011764   0x00000020   Code   RO         1432    i.HAL_RCC_GetPCLK1Freq  stm32f4xx_hal_rcc.o
    0x08011784   0x08011784   0x00000020   Code   RO         1433    i.HAL_RCC_GetPCLK2Freq  stm32f4xx_hal_rcc.o
    0x080117a4   0x080117a4   0x00000060   Code   RO         1434    i.HAL_RCC_GetSysClockFreq  stm32f4xx_hal_rcc.o
    0x08011804   0x08011804   0x0000036c   Code   RO         1437    i.HAL_RCC_OscConfig  stm32f4xx_hal_rcc.o
    0x08011b70   0x08011b70   0x00000028   Code   RO         2182    i.HAL_SYSTICK_Config  stm32f4xx_hal_cortex.o
    0x08011b98   0x08011b98   0x00000064   Code   RO         2640    i.HAL_UART_Init     stm32f4xx_hal_uart.o
    0x08011bfc   0x08011bfc   0x0000006c   Code   RO          237    i.HAL_UART_MspInit  usart.o
    0x08011c68   0x08011c68   0x000000a0   Code   RO         2648    i.HAL_UART_Transmit  stm32f4xx_hal_uart.o
    0x08011d08   0x08011d08   0x00000002   Code   RO          280    i.HardFault_Handler  stm32f4xx_it.o
    0x08011d0a   0x08011d0a   0x00000002   PAD
    0x08011d0c   0x08011d0c   0x00000038   Code   RO          483    i.IntToUnicode      usbd_desc.o
    0x08011d44   0x08011d44   0x00000060   Code   RO         3393    i.MSC_BOT_Abort     usbd_msc_bot.o
    0x08011da4   0x08011da4   0x000000f0   Code   RO         3394    i.MSC_BOT_CBW_Decode  usbd_msc_bot.o
    0x08011e94   0x08011e94   0x00000050   Code   RO         3395    i.MSC_BOT_CplClrFeature  usbd_msc_bot.o
    0x08011ee4   0x08011ee4   0x00000046   Code   RO         3396    i.MSC_BOT_DataIn    usbd_msc_bot.o
    0x08011f2a   0x08011f2a   0x00000046   Code   RO         3397    i.MSC_BOT_DataOut   usbd_msc_bot.o
    0x08011f70   0x08011f70   0x00000016   Code   RO         3398    i.MSC_BOT_DeInit    usbd_msc_bot.o
    0x08011f86   0x08011f86   0x00000002   PAD
    0x08011f88   0x08011f88   0x00000068   Code   RO         3399    i.MSC_BOT_Init      usbd_msc_bot.o
    0x08011ff0   0x08011ff0   0x0000004c   Code   RO         3400    i.MSC_BOT_Reset     usbd_msc_bot.o
    0x0801203c   0x0801203c   0x00000054   Code   RO         3401    i.MSC_BOT_SendCSW   usbd_msc_bot.o
    0x08012090   0x08012090   0x0000002c   Code   RO          212    i.MX_GPIO_Init      gpio.o
    0x080120bc   0x080120bc   0x00000038   Code   RO          238    i.MX_USART1_UART_Init  usart.o
    0x080120f4   0x080120f4   0x00000054   Code   RO          438    i.MX_USB_DEVICE_Init  usb_device.o
    0x08012148   0x08012148   0x00000002   Code   RO          281    i.MemManage_Handler  stm32f4xx_it.o
    0x0801214a   0x0801214a   0x00000002   Code   RO          282    i.NMI_Handler       stm32f4xx_it.o
    0x0801214c   0x0801214c   0x0000000c   Code   RO          283    i.OTG_FS_IRQHandler  stm32f4xx_it.o
    0x08012158   0x08012158   0x000000cc   Code   RO          874    i.PCD_EP_OutXfrComplete_int  stm32f4xx_hal_pcd.o
    0x08012224   0x08012224   0x000000a2   Code   RO          875    i.PCD_WriteEmptyTxFifo  stm32f4xx_hal_pcd.o
    0x080122c6   0x080122c6   0x00000002   Code   RO          284    i.PendSV_Handler    stm32f4xx_it.o
    0x080122c8   0x080122c8   0x0000002e   Code   RO         3491    i.SCSI_CheckAddressRange  usbd_msc_scsi.o
    0x080122f6   0x080122f6   0x00000002   PAD
    0x080122f8   0x080122f8   0x0000007c   Code   RO         3492    i.SCSI_Inquiry      usbd_msc_scsi.o
    0x08012374   0x08012374   0x000001ac   Code   RO         3493    i.SCSI_ProcessCmd   usbd_msc_scsi.o
    0x08012520   0x08012520   0x000000a8   Code   RO         3494    i.SCSI_ProcessRead  usbd_msc_scsi.o
    0x080125c8   0x080125c8   0x000000b4   Code   RO         3495    i.SCSI_ProcessWrite  usbd_msc_scsi.o
    0x0801267c   0x0801267c   0x000000ae   Code   RO         3496    i.SCSI_Read10       usbd_msc_scsi.o
    0x0801272a   0x0801272a   0x000000b8   Code   RO         3497    i.SCSI_Read12       usbd_msc_scsi.o
    0x080127e2   0x080127e2   0x00000076   Code   RO         3498    i.SCSI_ReadCapacity10  usbd_msc_scsi.o
    0x08012858   0x08012858   0x000000a8   Code   RO         3499    i.SCSI_ReadCapacity16  usbd_msc_scsi.o
    0x08012900   0x08012900   0x00000086   Code   RO         3500    i.SCSI_ReadFormatCapacity  usbd_msc_scsi.o
    0x08012986   0x08012986   0x00000088   Code   RO         3501    i.SCSI_RequestSense  usbd_msc_scsi.o
    0x08012a0e   0x08012a0e   0x0000004c   Code   RO         3502    i.SCSI_SenseCode    usbd_msc_scsi.o
    0x08012a5a   0x08012a5a   0x00000060   Code   RO         3503    i.SCSI_TestUnitReady  usbd_msc_scsi.o
    0x08012aba   0x08012aba   0x00000020   Code   RO         3504    i.SCSI_UpdateBotData  usbd_msc_scsi.o
    0x08012ada   0x08012ada   0x00000002   PAD
    0x08012adc   0x08012adc   0x000000e4   Code   RO         3505    i.SCSI_Write10      usbd_msc_scsi.o
    0x08012bc0   0x08012bc0   0x000000f0   Code   RO         3506    i.SCSI_Write12      usbd_msc_scsi.o
    0x08012cb0   0x08012cb0   0x0000000c   Code   RO          569    i.STORAGE_GetCapacity_FS  usbd_storage_if.o
    0x08012cbc   0x08012cbc   0x00000004   Code   RO          570    i.STORAGE_GetMaxLun_FS  usbd_storage_if.o
    0x08012cc0   0x08012cc0   0x00000004   Code   RO          571    i.STORAGE_Init_FS   usbd_storage_if.o
    0x08012cc4   0x08012cc4   0x00000004   Code   RO          572    i.STORAGE_IsReady_FS  usbd_storage_if.o
    0x08012cc8   0x08012cc8   0x00000004   Code   RO          573    i.STORAGE_IsWriteProtected_FS  usbd_storage_if.o
    0x08012ccc   0x08012ccc   0x00000050   Code   RO          574    i.STORAGE_Read_FS   usbd_storage_if.o
    0x08012d1c   0x08012d1c   0x00000050   Code   RO          575    i.STORAGE_Write_FS  usbd_storage_if.o
    0x08012d6c   0x08012d6c   0x00000002   Code   RO          285    i.SVC_Handler       stm32f4xx_it.o
    0x08012d6e   0x08012d6e   0x0000000a   Code   RO         3170    i.SWAPBYTE          usbd_ctlreq.o
    0x08012d78   0x08012d78   0x00000004   Code   RO          286    i.SysTick_Handler   stm32f4xx_it.o
    0x08012d7c   0x08012d7c   0x00000094   Code   RO           14    i.SystemClock_Config  main.o
    0x08012e10   0x08012e10   0x00000010   Code   RO         2974    i.SystemInit        system_stm32f4xx.o
    0x08012e20   0x08012e20   0x0000004e   Code   RO         2663    i.UART_EndRxTransfer  stm32f4xx_hal_uart.o
    0x08012e6e   0x08012e6e   0x00000002   PAD
    0x08012e70   0x08012e70   0x0000010c   Code   RO         2666    i.UART_SetConfig    stm32f4xx_hal_uart.o
    0x08012f7c   0x08012f7c   0x00000072   Code   RO         2669    i.UART_WaitOnFlagUntilTimeout  stm32f4xx_hal_uart.o
    0x08012fee   0x08012fee   0x00000014   Code   RO         3011    i.USBD_ClrClassConfig  usbd_core.o
    0x08013002   0x08013002   0x00000004   Code   RO         3012    i.USBD_CoreFindEP   usbd_core.o
    0x08013006   0x08013006   0x00000004   Code   RO         3013    i.USBD_CoreFindIF   usbd_core.o
    0x0801300a   0x0801300a   0x00000010   Code   RO         3248    i.USBD_CtlContinueRx  usbd_ioreq.o
    0x0801301a   0x0801301a   0x00000010   Code   RO         3249    i.USBD_CtlContinueSendData  usbd_ioreq.o
    0x0801302a   0x0801302a   0x00000016   Code   RO         3171    i.USBD_CtlError     usbd_ctlreq.o
    0x08013040   0x08013040   0x00000016   Code   RO         3251    i.USBD_CtlReceiveStatus  usbd_ioreq.o
    0x08013056   0x08013056   0x0000001a   Code   RO         3252    i.USBD_CtlSendData  usbd_ioreq.o
    0x08013070   0x08013070   0x00000016   Code   RO         3253    i.USBD_CtlSendStatus  usbd_ioreq.o
    0x08013086   0x08013086   0x00000002   PAD
    0x08013088   0x08013088   0x00000020   Code   RO          484    i.USBD_FS_ConfigStrDescriptor  usbd_desc.o
    0x080130a8   0x080130a8   0x0000000c   Code   RO          485    i.USBD_FS_DeviceDescriptor  usbd_desc.o
    0x080130b4   0x080130b4   0x00000024   Code   RO          486    i.USBD_FS_InterfaceStrDescriptor  usbd_desc.o
    0x080130d8   0x080130d8   0x0000000c   Code   RO          487    i.USBD_FS_LangIDStrDescriptor  usbd_desc.o
    0x080130e4   0x080130e4   0x00000028   Code   RO          488    i.USBD_FS_ManufacturerStrDescriptor  usbd_desc.o
    0x0801310c   0x0801310c   0x00000028   Code   RO          489    i.USBD_FS_ProductStrDescriptor  usbd_desc.o
    0x08013134   0x08013134   0x00000038   Code   RO          490    i.USBD_FS_SerialStrDescriptor  usbd_desc.o
    0x0801316c   0x0801316c   0x000000e6   Code   RO         3172    i.USBD_GetDescriptor  usbd_ctlreq.o
    0x08013252   0x08013252   0x0000003a   Code   RO         3015    i.USBD_GetEpDesc    usbd_core.o
    0x0801328c   0x0801328c   0x00000014   Code   RO         3173    i.USBD_GetLen       usbd_ctlreq.o
    0x080132a0   0x080132a0   0x0000000e   Code   RO         3016    i.USBD_GetNextDesc  usbd_core.o
    0x080132ae   0x080132ae   0x0000004e   Code   RO         3174    i.USBD_GetString    usbd_ctlreq.o
    0x080132fc   0x080132fc   0x00000018   Code   RO          645    i.USBD_Get_USB_Status  usbd_conf.o
    0x08013314   0x08013314   0x00000026   Code   RO         3017    i.USBD_Init         usbd_core.o
    0x0801333a   0x0801333a   0x00000012   Code   RO          646    i.USBD_LL_ClearStallEP  usbd_conf.o
    0x0801334c   0x0801334c   0x00000012   Code   RO          647    i.USBD_LL_CloseEP   usbd_conf.o
    0x0801335e   0x0801335e   0x000000b6   Code   RO         3018    i.USBD_LL_DataInStage  usbd_core.o
    0x08013414   0x08013414   0x0000008e   Code   RO         3019    i.USBD_LL_DataOutStage  usbd_core.o
    0x080134a2   0x080134a2   0x00000004   Code   RO         3020    i.USBD_LL_DevConnected  usbd_core.o
    0x080134a6   0x080134a6   0x0000001e   Code   RO         3021    i.USBD_LL_DevDisconnected  usbd_core.o
    0x080134c4   0x080134c4   0x00000012   Code   RO          650    i.USBD_LL_FlushEP   usbd_conf.o
    0x080134d6   0x080134d6   0x00000008   Code   RO          651    i.USBD_LL_GetRxDataSize  usbd_conf.o
    0x080134de   0x080134de   0x00000002   PAD
    0x080134e0   0x080134e0   0x00000060   Code   RO          652    i.USBD_LL_Init      usbd_conf.o
    0x08013540   0x08013540   0x0000001e   Code   RO          653    i.USBD_LL_IsStallEP  usbd_conf.o
    0x0801355e   0x0801355e   0x00000028   Code   RO         3022    i.USBD_LL_IsoINIncomplete  usbd_core.o
    0x08013586   0x08013586   0x00000028   Code   RO         3023    i.USBD_LL_IsoOUTIncomplete  usbd_core.o
    0x080135ae   0x080135ae   0x00000018   Code   RO          654    i.USBD_LL_OpenEP    usbd_conf.o
    0x080135c6   0x080135c6   0x00000012   Code   RO          655    i.USBD_LL_PrepareReceive  usbd_conf.o
    0x080135d8   0x080135d8   0x0000005c   Code   RO         3024    i.USBD_LL_Reset     usbd_core.o
    0x08013634   0x08013634   0x00000014   Code   RO         3025    i.USBD_LL_Resume    usbd_core.o
    0x08013648   0x08013648   0x0000001a   Code   RO         3026    i.USBD_LL_SOF       usbd_core.o
    0x08013662   0x08013662   0x00000006   Code   RO         3027    i.USBD_LL_SetSpeed  usbd_core.o
    0x08013668   0x08013668   0x00000012   Code   RO          656    i.USBD_LL_SetUSBAddress  usbd_conf.o
    0x0801367a   0x0801367a   0x00000060   Code   RO         3028    i.USBD_LL_SetupStage  usbd_core.o
    0x080136da   0x080136da   0x00000012   Code   RO          657    i.USBD_LL_StallEP   usbd_conf.o
    0x080136ec   0x080136ec   0x00000012   Code   RO          658    i.USBD_LL_Start     usbd_conf.o
    0x080136fe   0x080136fe   0x0000001a   Code   RO         3029    i.USBD_LL_Suspend   usbd_core.o
    0x08013718   0x08013718   0x00000012   Code   RO          660    i.USBD_LL_Transmit  usbd_conf.o
    0x0801372a   0x0801372a   0x0000000a   Code   RO         3308    i.USBD_MSC_DataIn   usbd_msc.o
    0x08013734   0x08013734   0x0000000a   Code   RO         3309    i.USBD_MSC_DataOut  usbd_msc.o
    0x0801373e   0x0801373e   0x00000002   PAD
    0x08013740   0x08013740   0x00000074   Code   RO         3310    i.USBD_MSC_DeInit   usbd_msc.o
    0x080137b4   0x080137b4   0x0000000c   Code   RO         3311    i.USBD_MSC_GetDeviceQualifierDescriptor  usbd_msc.o
    0x080137c0   0x080137c0   0x0000002c   Code   RO         3312    i.USBD_MSC_GetFSCfgDesc  usbd_msc.o
    0x080137ec   0x080137ec   0x00000030   Code   RO         3313    i.USBD_MSC_GetHSCfgDesc  usbd_msc.o
    0x0801381c   0x0801381c   0x0000002c   Code   RO         3314    i.USBD_MSC_GetOtherSpeedCfgDesc  usbd_msc.o
    0x08013848   0x08013848   0x000000ac   Code   RO         3315    i.USBD_MSC_Init     usbd_msc.o
    0x080138f4   0x080138f4   0x00000016   Code   RO         3316    i.USBD_MSC_RegisterStorage  usbd_msc.o
    0x0801390a   0x0801390a   0x000000dc   Code   RO         3317    i.USBD_MSC_Setup    usbd_msc.o
    0x080139e6   0x080139e6   0x0000002c   Code   RO         3175    i.USBD_ParseSetupRequest  usbd_ctlreq.o
    0x08013a12   0x08013a12   0x0000003a   Code   RO         3030    i.USBD_RegisterClass  usbd_core.o
    0x08013a4c   0x08013a4c   0x00000014   Code   RO         3032    i.USBD_SetClassConfig  usbd_core.o
    0x08013a60   0x08013a60   0x000000b8   Code   RO         3176    i.USBD_SetConfig    usbd_ctlreq.o
    0x08013b18   0x08013b18   0x00000004   Code   RO         3033    i.USBD_Start        usbd_core.o
    0x08013b1c   0x08013b1c   0x0000012c   Code   RO         3177    i.USBD_StdDevReq    usbd_ctlreq.o
    0x08013c48   0x08013c48   0x00000160   Code   RO         3178    i.USBD_StdEPReq     usbd_ctlreq.o
    0x08013da8   0x08013da8   0x00000072   Code   RO         3179    i.USBD_StdItfReq    usbd_ctlreq.o
    0x08013e1a   0x08013e1a   0x00000002   Code   RO          661    i.USBD_static_free  usbd_conf.o
    0x08013e1c   0x08013e1c   0x00000008   Code   RO          662    i.USBD_static_malloc  usbd_conf.o
    0x08013e24   0x08013e24   0x00000080   Code   RO         1120    i.USB_ActivateEndpoint  stm32f4xx_ll_usb.o
    0x08013ea4   0x08013ea4   0x0000001c   Code   RO         1122    i.USB_ActivateSetup  stm32f4xx_ll_usb.o
    0x08013ec0   0x08013ec0   0x00000084   Code   RO         1124    i.USB_CoreInit      stm32f4xx_ll_usb.o
    0x08013f44   0x08013f44   0x0000003c   Code   RO         1125    i.USB_CoreReset     stm32f4xx_ll_usb.o
    0x08013f80   0x08013f80   0x000000cc   Code   RO         1128    i.USB_DeactivateEndpoint  stm32f4xx_ll_usb.o
    0x0801404c   0x0801404c   0x0000001c   Code   RO         1129    i.USB_DevConnect    stm32f4xx_ll_usb.o
    0x08014068   0x08014068   0x0000001c   Code   RO         1130    i.USB_DevDisconnect  stm32f4xx_ll_usb.o
    0x08014084   0x08014084   0x0000017c   Code   RO         1131    i.USB_DevInit       stm32f4xx_ll_usb.o
    0x08014200   0x08014200   0x0000000c   Code   RO         1132    i.USB_DisableGlobalInt  stm32f4xx_ll_usb.o
    0x0801420c   0x0801420c   0x00000058   Code   RO         1135    i.USB_EP0_OutStart  stm32f4xx_ll_usb.o
    0x08014264   0x08014264   0x00000058   Code   RO         1136    i.USB_EPClearStall  stm32f4xx_ll_usb.o
    0x080142bc   0x080142bc   0x00000058   Code   RO         1137    i.USB_EPSetStall    stm32f4xx_ll_usb.o
    0x08014314   0x08014314   0x00000238   Code   RO         1138    i.USB_EPStartXfer   stm32f4xx_ll_usb.o
    0x0801454c   0x0801454c   0x0000009e   Code   RO         1139    i.USB_EPStopXfer    stm32f4xx_ll_usb.o
    0x080145ea   0x080145ea   0x0000000c   Code   RO         1140    i.USB_EnableGlobalInt  stm32f4xx_ll_usb.o
    0x080145f6   0x080145f6   0x00000038   Code   RO         1141    i.USB_FlushRxFifo   stm32f4xx_ll_usb.o
    0x0801462e   0x0801462e   0x0000003c   Code   RO         1142    i.USB_FlushTxFifo   stm32f4xx_ll_usb.o
    0x0801466a   0x0801466a   0x0000001a   Code   RO         1144    i.USB_GetDevSpeed   stm32f4xx_ll_usb.o
    0x08014684   0x08014684   0x00000008   Code   RO         1146    i.USB_GetMode       stm32f4xx_ll_usb.o
    0x0801468c   0x0801468c   0x0000000e   Code   RO         1154    i.USB_ReadDevAllInEpInterrupt  stm32f4xx_ll_usb.o
    0x0801469a   0x0801469a   0x0000000e   Code   RO         1155    i.USB_ReadDevAllOutEpInterrupt  stm32f4xx_ll_usb.o
    0x080146a8   0x080146a8   0x00000024   Code   RO         1156    i.USB_ReadDevInEPInterrupt  stm32f4xx_ll_usb.o
    0x080146cc   0x080146cc   0x00000010   Code   RO         1157    i.USB_ReadDevOutEPInterrupt  stm32f4xx_ll_usb.o
    0x080146dc   0x080146dc   0x00000008   Code   RO         1158    i.USB_ReadInterrupts  stm32f4xx_ll_usb.o
    0x080146e4   0x080146e4   0x0000003e   Code   RO         1159    i.USB_ReadPacket    stm32f4xx_ll_usb.o
    0x08014722   0x08014722   0x0000005c   Code   RO         1161    i.USB_SetCurrentMode  stm32f4xx_ll_usb.o
    0x0801477e   0x0801477e   0x00000022   Code   RO         1162    i.USB_SetDevAddress  stm32f4xx_ll_usb.o
    0x080147a0   0x080147a0   0x000000e8   Code   RO         1164    i.USB_SetTurnaroundTime  stm32f4xx_ll_usb.o
    0x08014888   0x08014888   0x00000028   Code   RO         1167    i.USB_WritePacket   stm32f4xx_ll_usb.o
    0x080148b0   0x080148b0   0x00000002   Code   RO          287    i.UsageFault_Handler  stm32f4xx_it.o
    0x080148b2   0x080148b2   0x00000020   Code   RO         2184    i.__NVIC_SetPriority  stm32f4xx_hal_cortex.o
    0x080148d2   0x080148d2   0x0000000e   Code   RO         3642    i._is_digit         c_w.l(__printf_wp.o)
    0x080148e0   0x080148e0   0x00000002   Code   RO          381    i._sys_exit         retarget.o
    0x080148e2   0x080148e2   0x00000006   Code   RO          383    i.ferror            retarget.o
    0x080148e8   0x080148e8   0x00000004   Code   RO          385    i.fputc             retarget.o
    0x080148ec   0x080148ec   0x00000034   Code   RO           17    i.main              main.o
    0x08014920   0x08014920   0x00000018   Code   RO           18    i.sendchar          main.o
    0x08014938   0x08014938   0x0000000a   Code   RO         3782    x$fpl$fpinit        fz_wm.l(fpinit.o)
    0x08014942   0x08014942   0x00000005   Data   RO           20    .constdata          main.o
    0x08014947   0x08014947   0x00000024   Data   RO          577    .constdata          usbd_storage_if.o
    0x0801496b   0x0801496b   0x00000021   Data   RO          578    .constdata          usbd_storage_if.o
    0x0801498c   0x0801498c   0x00000010   Data   RO         2975    .constdata          system_stm32f4xx.o
    0x0801499c   0x0801499c   0x00000008   Data   RO         2976    .constdata          system_stm32f4xx.o
    0x080149a4   0x080149a4   0x00000011   Data   RO         3645    .constdata          c_w.l(__printf_flags_wp.o)
    0x080149b5   0x080149b5   0x00000003   PAD
    0x080149b8   0x080149b8   0x00000020   Data   RO         3836    Region$$Table       anon$$obj.o


    Execution Region RW_IRAM1 (Exec base: 0x20000000, Load base: 0x080149d8, Size: 0x000113e8, Max: 0x0001c000, ABSOLUTE)

    Exec Addr    Load Addr    Size         Type   Attr      Idx    E Section Name        Object

    0x20000000   0x080149d8   0x00000004   Data   RW          386    .data               retarget.o
    0x20000004   0x080149dc   0x0000001c   Data   RW          492    .data               usbd_desc.o
    0x20000020   0x080149f8   0x00000032   Data   RW          493    .data               usbd_desc.o
    0x20000052   0x08014a2a   0x00000002   PAD
    0x20000054   0x08014a2c   0x00000020   Data   RW          579    .data               usbd_storage_if.o
    0x20000074   0x08014a4c   0x0000000c   Data   RW         2343    .data               stm32f4xx_hal.o
    0x20000080   0x08014a58   0x00000004   Data   RW         2977    .data               system_stm32f4xx.o
    0x20000084   0x08014a5c   0x00000001   Data   RW         3180    .data               usbd_ctlreq.o
    0x20000085   0x08014a5d   0x00000003   PAD
    0x20000088   0x08014a60   0x00000038   Data   RW         3318    .data               usbd_msc.o
    0x200000c0   0x08014a98   0x0000002e   Data   RW         3319    .data               usbd_msc.o
    0x200000ee   0x08014ac6   0x00000006   Data   RW         3464    .data               usbd_msc_data.o
    0x200000f4   0x08014acc   0x00000008   Data   RW         3465    .data               usbd_msc_data.o
    0x200000fc   0x08014ad4   0x00000004   Data   RW         3466    .data               usbd_msc_data.o
    0x20000100   0x08014ad8   0x00000008   Data   RW         3467    .data               usbd_msc_data.o
    0x20000108        -       0x00000048   Zero   RW          239    .bss                usart.o
    0x20000150        -       0x000002dc   Zero   RW          439    .bss                usb_device.o
    0x2000042c        -       0x00000200   Zero   RW          491    .bss                usbd_desc.o
    0x2000062c        -       0x00010000   Zero   RW          576    .bss                usbd_storage_if.o
    0x2001062c        -       0x0000075c   Zero   RW          663    .bss                usbd_conf.o
    0x20010d88        -       0x00000060   Zero   RW         3714    .bss                c_w.l(libspace.o)
    0x20010de8        -       0x00000200   Zero   RW            2    HEAP                startup_stm32f407xx.o
    0x20010fe8        -       0x00000400   Zero   RW            1    STACK               startup_stm32f407xx.o


    Execution Region RW_IRAM2 (Exec base: 0x2001c000, Load base: 0x08014ae0, Size: 0x00000000, Max: 0x00004000, ABSOLUTE)

    **** No section assigned to this execution region ****


==============================================================================

Image component sizes


      Code (inc. data)   RO Data    RW Data    ZI Data      Debug   Object Name

        44          6          0          0          0        779   gpio.o
       228         32          5          0          0     674356   main.o
        12          0          0          4          0       3205   retarget.o
        64         26        392          0       1536        836   startup_stm32f407xx.o
       180         28          0         12          0       9337   stm32f4xx_hal.o
       198         14          0          0          0      33759   stm32f4xx_hal_cortex.o
       496         46          0          0          0       1516   stm32f4xx_hal_gpio.o
        48          6          0          0          0        842   stm32f4xx_hal_msp.o
      2628         12          0          0          0      14167   stm32f4xx_hal_pcd.o
        78          0          0          0          0       2361   stm32f4xx_hal_pcd_ex.o
      1356         78          0          0          0       5656   stm32f4xx_hal_rcc.o
       720         10          0          0          0       4792   stm32f4xx_hal_uart.o
        32          6          0          0          0       4542   stm32f4xx_it.o
      2700        116          0          0          0      22984   stm32f4xx_ll_usb.o
        16          4         24          4          0       1103   system_stm32f4xx.o
       164         22          0          0         72       1678   usart.o
        84         18          0          0        732       5499   usb_device.o
       660         24          0          0       1884      17210   usbd_conf.o
       924          0          0          0          0      15267   usbd_core.o
      1354         28          0          1          0      15212   usbd_ctlreq.o
       284        100          0         78        512       6085   usbd_desc.o
       102          0          0          0          0       3764   usbd_ioreq.o
       698         26          0        102          0       9789   usbd_msc.o
       842         58          0          0          0       7650   usbd_msc_bot.o
         0          0          0         26          0        913   usbd_msc_data.o
      2532         32          0          0          0      17236   usbd_msc_scsi.o
       188         82         69         32      65536       4722   usbd_storage_if.o

    ----------------------------------------------------------------------
     16654        774        522        264      70272     885260   Object Totals
         0          0         32          0          0          0   (incl. Generated)
        22          0          0          5          0          0   (incl. Padding)

    ----------------------------------------------------------------------

      Code (inc. data)   RO Data    RW Data    ZI Data      Debug   Library Member Name

         8          0          0          0          0         68   __main.o
       312          4         17          0          0         92   __printf_flags_wp.o
        14          0          0          0          0         68   __printf_wp.o
         0          0          0          0          0          0   __rtentry.o
        12          0          0          0          0          0   __rtentry2.o
         6          0          0          0          0          0   __rtentry4.o
        52          8          0          0          0          0   __scatter.o
        26          0          0          0          0          0   __scatter_copy.o
        28          0          0          0          0          0   __scatter_zi.o
        44          0          0          0          0        108   _printf_char.o
        48          6          0          0          0         96   _printf_char_common.o
        36          4          0          0          0         80   _printf_char_file.o
         6          0          0          0          0          0   _printf_d.o
       120         16          0          0          0         92   _printf_dec.o
       178          0          0          0          0         88   _printf_intcommon.o
         0          0          0          0          0          0   _printf_percent.o
         4          0          0          0          0          0   _printf_percent_end.o
         6          0          0          0          0          0   _printf_s.o
        82          0          0          0          0         80   _printf_str.o
        18          0          0          0          0         80   exit.o
         6          0          0          0          0        152   heapauxi.o
         2          0          0          0          0          0   libinit.o
         6          0          0          0          0          0   libinit2.o
         2          0          0          0          0          0   libshutdown.o
         2          0          0          0          0          0   libshutdown2.o
         8          4          0          0         96         68   libspace.o
       238          0          0          0          0        100   lludivv7m.o
        24          4          0          0          0         84   noretval__2printf.o
        78          0          0          0          0         80   rt_memclr_w.o
       138          0          0          0          0         68   rt_memcpy_v6.o
       100          0          0          0          0         80   rt_memcpy_w.o
         2          0          0          0          0          0   rtexit.o
        10          0          0          0          0          0   rtexit2.o
        74          0          0          0          0         80   sys_stackheap_outer.o
         2          0          0          0          0         68   use_no_semi.o
        10          0          0          0          0        116   fpinit.o

    ----------------------------------------------------------------------
      1708         46         20          0         96       1748   Library Totals
         6          0          3          0          0          0   (incl. Padding)

    ----------------------------------------------------------------------

      Code (inc. data)   RO Data    RW Data    ZI Data      Debug   Library Name

      1692         46         17          0         96       1632   c_w.l
        10          0          0          0          0        116   fz_wm.l

    ----------------------------------------------------------------------
      1708         46         20          0         96       1748   Library Totals

    ----------------------------------------------------------------------

==============================================================================


      Code (inc. data)   RO Data    RW Data    ZI Data      Debug   

     18362        820        542        264      70368     866528   Grand Totals
     18362        820        542        264      70368     866528   ELF Image Totals
     18362        820        542        264          0          0   ROM Totals

==============================================================================

    Total RO  Size (Code + RO Data)                18904 (  18.46kB)
    Total RW  Size (RW Data + ZI Data)             70632 (  68.98kB)
    Total ROM Size (Code + RO Data + RW Data)      19168 (  18.72kB)

==============================================================================

