Component: ARM Compiler 5.06 update 7 (build 960) Tool: armlink [4d3601]

==============================================================================

Section Cross References

    startup_stm32f407xx.o(STACK) refers (Special) to heapauxi.o(.text) for __use_two_region_memory
    startup_stm32f407xx.o(HEAP) refers (Special) to heapauxi.o(.text) for __use_two_region_memory
    startup_stm32f407xx.o(RESET) refers (Special) to heapauxi.o(.text) for __use_two_region_memory
    startup_stm32f407xx.o(RESET) refers to startup_stm32f407xx.o(STACK) for __initial_sp
    startup_stm32f407xx.o(RESET) refers to startup_stm32f407xx.o(.text) for Reset_Handler
    startup_stm32f407xx.o(RESET) refers to stm32f4xx_it.o(i.NMI_Handler) for NMI_Handler
    startup_stm32f407xx.o(RESET) refers to stm32f4xx_it.o(i.HardFault_Handler) for HardFault_Handler
    startup_stm32f407xx.o(RESET) refers to stm32f4xx_it.o(i.MemManage_Handler) for MemManage_Handler
    startup_stm32f407xx.o(RESET) refers to stm32f4xx_it.o(i.BusFault_Handler) for BusFault_Handler
    startup_stm32f407xx.o(RESET) refers to stm32f4xx_it.o(i.UsageFault_Handler) for UsageFault_Handler
    startup_stm32f407xx.o(RESET) refers to stm32f4xx_it.o(i.SVC_Handler) for SVC_Handler
    startup_stm32f407xx.o(RESET) refers to stm32f4xx_it.o(i.DebugMon_Handler) for DebugMon_Handler
    startup_stm32f407xx.o(RESET) refers to stm32f4xx_it.o(i.PendSV_Handler) for PendSV_Handler
    startup_stm32f407xx.o(RESET) refers to stm32f4xx_it.o(i.SysTick_Handler) for SysTick_Handler
    startup_stm32f407xx.o(RESET) refers to stm32f4xx_it.o(i.OTG_FS_IRQHandler) for OTG_FS_IRQHandler
    startup_stm32f407xx.o(.text) refers (Special) to heapauxi.o(.text) for __use_two_region_memory
    startup_stm32f407xx.o(.text) refers to system_stm32f4xx.o(i.SystemInit) for SystemInit
    startup_stm32f407xx.o(.text) refers to __main.o(!!!main) for __main
    startup_stm32f407xx.o(.text) refers to startup_stm32f407xx.o(HEAP) for Heap_Mem
    startup_stm32f407xx.o(.text) refers to startup_stm32f407xx.o(STACK) for Stack_Mem
    main.o(i.SystemClock_Config) refers to rt_memclr_w.o(.text) for __aeabi_memclr4
    main.o(i.SystemClock_Config) refers to stm32f4xx_hal_rcc.o(i.HAL_RCC_OscConfig) for HAL_RCC_OscConfig
    main.o(i.SystemClock_Config) refers to stm32f4xx_hal_rcc.o(i.HAL_RCC_ClockConfig) for HAL_RCC_ClockConfig
    main.o(i.array_printf) refers to _printf_pad.o(.text) for _printf_pre_padding
    main.o(i.array_printf) refers to _printf_percent.o(.ARM.Collect$$_printf_percent$$00000000) for _printf_percent
    main.o(i.array_printf) refers to _printf_x.o(.ARM.Collect$$_printf_percent$$0000000C) for _printf_x
    main.o(i.array_printf) refers to _printf_hex_int.o(.text) for _printf_longlong_hex
    main.o(i.array_printf) refers to noretval__2printf.o(.text) for __2printf
    main.o(i.array_printf) refers to main.o(.data) for .data
    main.o(i.main) refers to _printf_percent.o(.ARM.Collect$$_printf_percent$$00000000) for _printf_percent
    main.o(i.main) refers to _printf_d.o(.ARM.Collect$$_printf_percent$$00000009) for _printf_d
    main.o(i.main) refers to _printf_s.o(.ARM.Collect$$_printf_percent$$00000014) for _printf_s
    main.o(i.main) refers to _printf_dec.o(.text) for _printf_int_dec
    main.o(i.main) refers to _printf_str.o(.text) for _printf_str
    main.o(i.main) refers to stm32f4xx_hal.o(i.HAL_Init) for HAL_Init
    main.o(i.main) refers to main.o(i.SystemClock_Config) for SystemClock_Config
    main.o(i.main) refers to gpio.o(i.MX_GPIO_Init) for MX_GPIO_Init
    main.o(i.main) refers to usart.o(i.MX_USART1_UART_Init) for MX_USART1_UART_Init
    main.o(i.main) refers to noretval__2printf.o(.text) for __2printf
    main.o(i.main) refers to stm32f4xx_hal.o(i.HAL_Delay) for HAL_Delay
    main.o(i.main) refers to main.o(.constdata) for .constdata
    main.o(i.sendchar) refers to stm32f4xx_hal_uart.o(i.HAL_UART_Transmit) for HAL_UART_Transmit
    main.o(i.sendchar) refers to usart.o(.bss) for huart1
    main.o(i.usb_stop) refers to usbd_core.o(i.USBD_DeInit) for USBD_DeInit
    main.o(i.usb_stop) refers to usb_device.o(.bss) for hUsbDeviceFS
    usart.o(i.HAL_UART_MspDeInit) refers to stm32f4xx_hal_gpio.o(i.HAL_GPIO_DeInit) for HAL_GPIO_DeInit
    usart.o(i.HAL_UART_MspInit) refers to rt_memclr_w.o(.text) for __aeabi_memclr4
    usart.o(i.HAL_UART_MspInit) refers to stm32f4xx_hal_gpio.o(i.HAL_GPIO_Init) for HAL_GPIO_Init
    usart.o(i.MX_USART1_UART_Init) refers to stm32f4xx_hal_uart.o(i.HAL_UART_Init) for HAL_UART_Init
    usart.o(i.MX_USART1_UART_Init) refers to main.o(i.Error_Handler) for Error_Handler
    usart.o(i.MX_USART1_UART_Init) refers to usart.o(.bss) for .bss
    stm32f4xx_it.o(i.OTG_FS_IRQHandler) refers to stm32f4xx_hal_pcd.o(i.HAL_PCD_IRQHandler) for HAL_PCD_IRQHandler
    stm32f4xx_it.o(i.OTG_FS_IRQHandler) refers to usbd_conf.o(.bss) for hpcd_USB_OTG_FS
    stm32f4xx_it.o(i.SysTick_Handler) refers to stm32f4xx_hal.o(i.HAL_IncTick) for HAL_IncTick
[...]
    ..\Drivers\STM32F4xx_HAL_Driver\Src\stm32f4xx_hal_dma.c 0x00000000   Number         0  stm32f4xx_hal_dma.o ABSOLUTE
    ..\Drivers\STM32F4xx_HAL_Driver\Src\stm32f4xx_hal_dma_ex.c 0x00000000   Number         0  stm32f4xx_hal_dma_ex.o ABSOLUTE
    ..\Drivers\STM32F4xx_HAL_Driver\Src\stm32f4xx_hal_exti.c 0x00000000   Number         0  stm32f4xx_hal_exti.o ABSOLUTE
    ..\Drivers\STM32F4xx_HAL_Driver\Src\stm32f4xx_hal_flash.c 0x00000000   Number         0  stm32f4xx_hal_flash.o ABSOLUTE
    ..\Drivers\STM32F4xx_HAL_Driver\Src\stm32f4xx_hal_flash_ex.c 0x00000000   Number         0  stm32f4xx_hal_flash_ex.o ABSOLUTE
    ..\Drivers\STM32F4xx_HAL_Driver\Src\stm32f4xx_hal_flash_ramfunc.c 0x00000000   Number         0  stm32f4xx_hal_flash_ramfunc.o ABSOLUTE
    ..\Drivers\STM32F4xx_HAL_Driver\Src\stm32f4xx_hal_gpio.c 0x00000000   Number         0  stm32f4xx_hal_gpio.o ABSOLUTE
    ..\Drivers\STM32F4xx_HAL_Driver\Src\stm32f4xx_hal_pcd.c 0x00000000   Number         0  stm32f4xx_hal_pcd.o ABSOLUTE
    ..\Drivers\STM32F4xx_HAL_Driver\Src\stm32f4xx_hal_pcd_ex.c 0x00000000   Number         0  stm32f4xx_hal_pcd_ex.o ABSOLUTE
    ..\Drivers\STM32F4xx_HAL_Driver\Src\stm32f4xx_hal_pwr.c 0x00000000   Number         0  stm32f4xx_hal_pwr.o ABSOLUTE
    ..\Drivers\STM32F4xx_HAL_Driver\Src\stm32f4xx_hal_pwr_ex.c 0x00000000   Number         0  stm32f4xx_hal_pwr_ex.o ABSOLUTE
    ..\Drivers\STM32F4xx_HAL_Driver\Src\stm32f4xx_hal_rcc.c 0x00000000   Number         0  stm32f4xx_hal_rcc.o ABSOLUTE
    ..\Drivers\STM32F4xx_HAL_Driver\Src\stm32f4xx_hal_rcc_ex.c 0x00000000   Number         0  stm32f4xx_hal_rcc_ex.o ABSOLUTE
    ..\Drivers\STM32F4xx_HAL_Driver\Src\stm32f4xx_hal_tim.c 0x00000000   Number         0  stm32f4xx_hal_tim.o ABSOLUTE
    ..\Drivers\STM32F4xx_HAL_Driver\Src\stm32f4xx_hal_tim_ex.c 0x00000000   Number         0  stm32f4xx_hal_tim_ex.o ABSOLUTE
    ..\Drivers\STM32F4xx_HAL_Driver\Src\stm32f4xx_hal_uart.c 0x00000000   Number         0  stm32f4xx_hal_uart.o ABSOLUTE
    ..\Drivers\STM32F4xx_HAL_Driver\Src\stm32f4xx_ll_usb.c 0x00000000   Number         0  stm32f4xx_ll_usb.o ABSOLUTE
    ..\Middlewares\ST\STM32_USB_Device_Library\Class\MSC\Src\usbd_msc.c 0x00000000   Number         0  usbd_msc.o ABSOLUTE
    ..\Middlewares\ST\STM32_USB_Device_Library\Class\MSC\Src\usbd_msc_bot.c 0x00000000   Number         0  usbd_msc_bot.o ABSOLUTE
    ..\Middlewares\ST\STM32_USB_Device_Library\Class\MSC\Src\usbd_msc_data.c 0x00000000   Number         0  usbd_msc_data.o ABSOLUTE
    ..\Middlewares\ST\STM32_USB_Device_Library\Class\MSC\Src\usbd_msc_scsi.c 0x00000000   Number         0  usbd_msc_scsi.o ABSOLUTE
    ..\Middlewares\ST\STM32_USB_Device_Library\Core\Src\usbd_core.c 0x00000000   Number         0  usbd_core.o ABSOLUTE
    ..\Middlewares\ST\STM32_USB_Device_Library\Core\Src\usbd_ctlreq.c 0x00000000   Number         0  usbd_ctlreq.o ABSOLUTE
    ..\Middlewares\ST\STM32_USB_Device_Library\Core\Src\usbd_ioreq.c 0x00000000   Number         0  usbd_ioreq.o ABSOLUTE
    ..\USB_DEVICE\App\usb_device.c           0x00000000   Number         0  usb_device.o ABSOLUTE
    ..\USB_DEVICE\App\usbd_desc.c            0x00000000   Number         0  usbd_desc.o ABSOLUTE
    ..\USB_DEVICE\App\usbd_storage_if.c      0x00000000   Number         0  usbd_storage_if.o ABSOLUTE
    ..\USB_DEVICE\Target\usbd_conf.c         0x00000000   Number         0  usbd_conf.o ABSOLUTE
    ..\\Core\\Src\\bootloader.c              0x00000000   Number         0  bootloader.o ABSOLUTE
    ..\\Core\\Src\\flash_port.c              0x00000000   Number         0  flash_port.o ABSOLUTE
    dc.s                                     0x00000000   Number         0  dc.o ABSOLUTE
    startup_stm32f407xx.s                    0x00000000   Number         0  startup_stm32f407xx.o ABSOLUTE
    RESET                                    0x08010000   Section      392  startup_stm32f407xx.o(RESET)
    !!!main                                  0x08010188   Section        8  __main.o(!!!main)
    !!!scatter                               0x08010190   Section       52  __scatter.o(!!!scatter)
    !!handler_copy                           0x080101c4   Section       26  __scatter_copy.o(!!handler_copy)
    !!handler_zi                             0x080101e0   Section       28  __scatter_zi.o(!!handler_zi)
    .ARM.Collect$$_printf_percent$$00000000  0x080101fc   Section        0  _printf_percent.o(.ARM.Collect$$_printf_percent$$00000000)
    .ARM.Collect$$_printf_percent$$00000009  0x080101fc   Section        6  _printf_d.o(.ARM.Collect$$_printf_percent$$00000009)
    .ARM.Collect$$_printf_percent$$00000014  0x08010202   Section        6  _printf_s.o(.ARM.Collect$$_printf_percent$$00000014)
    .ARM.Collect$$_printf_percent$$00000017  0x08010208   Section        4  _printf_percent_end.o(.ARM.Collect$$_printf_percent$$00000017)
    .ARM.Collect$$libinit$$00000000          0x0801020c   Section        2  libinit.o(.ARM.Collect$$libinit$$00000000)
    .ARM.Collect$$libinit$$00000001          0x0801020e   Section        4  libinit2.o(.ARM.Collect$$libinit$$00000001)
    .ARM.Collect$$libinit$$00000004          0x08010212   Section        0  libinit2.o(.ARM.Collect$$libinit$$00000004)
    .ARM.Collect$$libinit$$0000000A          0x08010212   Section        0  libinit2.o(.ARM.Collect$$libinit$$0000000A)
    .ARM.Collect$$libinit$$0000000C          0x08010212   Section        0  libinit2.o(.ARM.Collect$$libinit$$0000000C)
    .ARM.Collect$$libinit$$0000000E          0x08010212   Section        0  libinit2.o(.ARM.Collect$$libinit$$0000000E)
    .ARM.Collect$$libinit$$00000011          0x08010212   Section        0  libinit2.o(.ARM.Collect$$libinit$$00000011)
    .ARM.Collect$$libinit$$00000013          0x08010212   Section        0  libinit2.o(.ARM.Collect$$libinit$$00000013)
    .ARM.Collect$$libinit$$00000015          0x08010212   Section        0  libinit2.o(.ARM.Collect$$libinit$$00000015)
    .ARM.Collect$$libinit$$00000017          0x08010212   Section        0  libinit2.o(.ARM.Collect$$libinit$$00000017)
    .ARM.Collect$$libinit$$00000019          0x08010212   Section        0  libinit2.o(.ARM.Collect$$libinit$$00000019)
    .ARM.Collect$$libinit$$0000001B          0x08010212   Section        0  libinit2.o(.ARM.Collect$$libinit$$0000001B)
    .ARM.Collect$$libinit$$0000001D          0x08010212   Section        0  libinit2.o(.ARM.Collect$$libinit$$0000001D)
    .ARM.Collect$$libinit$$0000001F          0x08010212   Section        0  libinit2.o(.ARM.Collect$$libinit$$0000001F)
    .ARM.Collect$$libinit$$00000021          0x08010212   Section        0  libinit2.o(.ARM.Collect$$libinit$$00000021)
    .ARM.Collect$$libinit$$00000023          0x08010212   Section        0  libinit2.o(.ARM.Collect$$libinit$$00000023)
    .ARM.Collect$$libinit$$00000025          0x08010212   Section        0  libinit2.o(.ARM.Collect$$libinit$$00000025)
    .ARM.Collect$$libinit$$0000002C          0x08010212   Section        0  libinit2.o(.ARM.Collect$$libinit$$0000002C)
    .ARM.Collect$$libinit$$0000002E          0x08010212   Section        0  libinit2.o(.ARM.Collect$$libinit$$0000002E)
    .ARM.Collect$$libinit$$00000030          0x08010212   Section        0  libinit2.o(.ARM.Collect$$libinit$$00000030)
    .ARM.Collect$$libinit$$00000032          0x08010212   Section        0  libinit2.o(.ARM.Collect$$libinit$$00000032)
    .ARM.Collect$$libinit$$00000033          0x08010212   Section        2  libinit2.o(.ARM.Collect$$libinit$$00000033)
    .ARM.Collect$$libshutdown$$00000000      0x08010214   Section        2  libshutdown.o(.ARM.Collect$$libshutdown$$00000000)
    .ARM.Collect$$libshutdown$$00000002      0x08010216   Section        0  libshutdown2.o(.ARM.Collect$$libshutdown$$00000002)
    .ARM.Collect$$libshutdown$$00000004      0x08010216   Section        0  libshutdown2.o(.ARM.Collect$$libshutdown$$00000004)
    .ARM.Collect$$libshutdown$$00000006      0x08010216   Section        0  libshutdown2.o(.ARM.Collect$$libshutdown$$00000006)
    .ARM.Collect$$libshutdown$$00000009      0x08010216   Section        0  libshutdown2.o(.ARM.Collect$$libshutdown$$00000009)
    .ARM.Collect$$libshutdown$$0000000C      0x08010216   Section        0  libshutdown2.o(.ARM.Collect$$libshutdown$$0000000C)
    .ARM.Collect$$libshutdown$$0000000E      0x08010216   Section        0  libshutdown2.o(.ARM.Collect$$libshutdown$$0000000E)
    .ARM.Collect$$libshutdown$$00000011      0x08010216   Section        0  libshutdown2.o(.ARM.Collect$$libshutdown$$00000011)
    .ARM.Collect$$libshutdown$$00000012      0x08010216   Section        2  libshutdown2.o(.ARM.Collect$$libshutdown$$00000012)
    .ARM.Collect$$rtentry$$00000000          0x08010218   Section        0  __rtentry.o(.ARM.Collect$$rtentry$$00000000)
    .ARM.Collect$$rtentry$$00000002          0x08010218   Section        0  __rtentry2.o(.ARM.Collect$$rtentry$$00000002)
    .ARM.Collect$$rtentry$$00000004          0x08010218   Section        6  __rtentry4.o(.ARM.Collect$$rtentry$$00000004)
    .ARM.Collect$$rtentry$$00000009          0x0801021e   Section        0  __rtentry2.o(.ARM.Collect$$rtentry$$00000009)
    .ARM.Collect$$rtentry$$0000000A          0x0801021e   Section        4  __rtentry2.o(.ARM.Collect$$rtentry$$0000000A)
    .ARM.Collect$$rtentry$$0000000C          0x08010222   Section        0  __rtentry2.o(.ARM.Collect$$rtentry$$0000000C)
    .ARM.Collect$$rtentry$$0000000D          0x08010222   Section        8  __rtentry2.o(.ARM.Collect$$rtentry$$0000000D)
    .ARM.Collect$$rtexit$$00000000           0x0801022a   Section        2  rtexit.o(.ARM.Collect$$rtexit$$00000000)
    .ARM.Collect$$rtexit$$00000002           0x0801022c   Section        0  rtexit2.o(.ARM.Collect$$rtexit$$00000002)
    .ARM.Collect$$rtexit$$00000003           0x0801022c   Section        4  rtexit2.o(.ARM.Collect$$rtexit$$00000003)
    .ARM.Collect$$rtexit$$00000004           0x08010230   Section        6  rtexit2.o(.ARM.Collect$$rtexit$$00000004)
    .text                                    0x08010238   Section       64  startup_stm32f407xx.o(.text)
    $v0                                      0x08010238   Number         0  startup_stm32f407xx.o(.text)
    .text                                    0x08010278   Section        2  use_no_semi.o(.text)
    .text                                    0x0801027a   Section      238  lludivv7m.o(.text)
    .text                                    0x08010368   Section        0  noretval__2printf.o(.text)
    .text                                    0x08010380   Section        0  _printf_str.o(.text)
    .text                                    0x080103d4   Section        0  _printf_dec.o(.text)
    .text                                    0x0801044c   Section        0  __printf_flags_wp.o(.text)
    .text                                    0x08010584   Section       78  rt_memclr_w.o(.text)
    .text                                    0x080105d2   Section        0  heapauxi.o(.text)
    .text                                    0x080105d8   Section        0  _printf_intcommon.o(.text)
    .text                                    0x0801068a   Section        0  _printf_char.o(.text)
    .text                                    0x080106b8   Section        0  _printf_char_file.o(.text)
    .text                                    0x080106dc   Section        0  _printf_char_common.o(.text)
    _printf_input_char                       0x080106dd   Thumb Code    10  _printf_char_common.o(.text)
    .text                                    0x0801070c   Section       74  sys_stackheap_outer.o(.text)
    .text                                    0x08010756   Section        0  exit.o(.text)
    .text                                    0x08010768   Section        8  libspace.o(.text)
    i.BusFault_Handler                       0x08010770   Section        0  stm32f4xx_it.o(i.BusFault_Handler)
    i.DebugMon_Handler                       0x08010772   Section        0  stm32f4xx_it.o(i.DebugMon_Handler)
    i.Error_Handler                          0x08010774   Section        0  main.o(i.Error_Handler)
    i.HAL_Delay                              0x08010778   Section        0  stm32f4xx_hal.o(i.HAL_Delay)
    i.HAL_GPIO_Init                          0x0801079c   Section        0  stm32f4xx_hal_gpio.o(i.HAL_GPIO_Init)
    i.HAL_GetTick                            0x0801096c   Section        0  stm32f4xx_hal.o(i.HAL_GetTick)
    i.HAL_IncTick                            0x08010978   Section        0  stm32f4xx_hal.o(i.HAL_IncTick)
    i.HAL_Init                               0x08010988   Section        0  stm32f4xx_hal.o(i.HAL_Init)
    i.HAL_InitTick                           0x080109bc   Section        0  stm32f4xx_hal.o(i.HAL_InitTick)
    i.HAL_MspInit                            0x080109fc   Section        0  stm32f4xx_hal_msp.o(i.HAL_MspInit)
    i.HAL_NVIC_SetPriority                   0x08010a2c   Section        0  stm32f4xx_hal_cortex.o(i.HAL_NVIC_SetPriority)
    i.HAL_NVIC_SetPriorityGrouping           0x08010a6c   Section        0  stm32f4xx_hal_cortex.o(i.HAL_NVIC_SetPriorityGrouping)
    i.HAL_PCDEx_LPM_Callback                 0x08010a90   Section        0  stm32f4xx_hal_pcd_ex.o(i.HAL_PCDEx_LPM_Callback)
    i.HAL_PCD_ConnectCallback                0x08010a92   Section        0  usbd_conf.o(i.HAL_PCD_ConnectCallback)
    i.HAL_PCD_DataInStageCallback            0x08010a9a   Section        0  usbd_conf.o(i.HAL_PCD_DataInStageCallback)
    i.HAL_PCD_DataOutStageCallback           0x08010aac   Section        0  usbd_conf.o(i.HAL_PCD_DataOutStageCallback)
    i.HAL_PCD_DisconnectCallback             0x08010ac0   Section        0  usbd_conf.o(i.HAL_PCD_DisconnectCallback)
    i.HAL_PCD_EP_Abort                       0x08010ac8   Section        0  stm32f4xx_hal_pcd.o(i.HAL_PCD_EP_Abort)
    i.HAL_PCD_EP_ClrStall                    0x08010ae6   Section        0  stm32f4xx_hal_pcd.o(i.HAL_PCD_EP_ClrStall)
    i.HAL_PCD_EP_Open                        0x08010b40   Section        0  stm32f4xx_hal_pcd.o(i.HAL_PCD_EP_Open)
    i.HAL_PCD_EP_Receive                     0x08010ba2   Section        0  stm32f4xx_hal_pcd.o(i.HAL_PCD_EP_Receive)
    i.HAL_PCD_EP_SetStall                    0x08010bda   Section        0  stm32f4xx_hal_pcd.o(i.HAL_PCD_EP_SetStall)
    i.HAL_PCD_EP_Transmit                    0x08010c4c   Section        0  stm32f4xx_hal_pcd.o(i.HAL_PCD_EP_Transmit)
    i.HAL_PCD_IRQHandler                     0x08010c80   Section        0  stm32f4xx_hal_pcd.o(i.HAL_PCD_IRQHandler)
    i.HAL_PCD_ISOINIncompleteCallback        0x080111cc   Section        0  usbd_conf.o(i.HAL_PCD_ISOINIncompleteCallback)
    i.HAL_PCD_ISOOUTIncompleteCallback       0x080111d4   Section        0  usbd_conf.o(i.HAL_PCD_ISOOUTIncompleteCallback)
    i.HAL_PCD_ResetCallback                  0x080111dc   Section        0  usbd_conf.o(i.HAL_PCD_ResetCallback)
    i.HAL_PCD_ResumeCallback                 0x08011208   Section        0  usbd_conf.o(i.HAL_PCD_ResumeCallback)
    i.HAL_PCD_SOFCallback                    0x08011210   Section        0  usbd_conf.o(i.HAL_PCD_SOFCallback)
    i.HAL_PCD_SetAddress                     0x08011218   Section        0  stm32f4xx_hal_pcd.o(i.HAL_PCD_SetAddress)
    i.HAL_PCD_SetupStageCallback             0x0801123e   Section        0  usbd_conf.o(i.HAL_PCD_SetupStageCallback)
    i.HAL_PCD_SuspendCallback                0x0801124c   Section        0  usbd_conf.o(i.HAL_PCD_SuspendCallback)
    i.HAL_RCC_ClockConfig                    0x0801127c   Section        0  stm32f4xx_hal_rcc.o(i.HAL_RCC_ClockConfig)
    i.HAL_RCC_GetHCLKFreq                    0x080113b0   Section        0  stm32f4xx_hal_rcc.o(i.HAL_RCC_GetHCLKFreq)
    i.HAL_RCC_GetPCLK1Freq                   0x080113bc   Section        0  stm32f4xx_hal_rcc.o(i.HAL_RCC_GetPCLK1Freq)
    i.HAL_RCC_GetPCLK2Freq                   0x080113dc   Section        0  stm32f4xx_hal_rcc.o(i.HAL_RCC_GetPCLK2Freq)
    i.HAL_RCC_GetSysClockFreq                0x080113fc   Section        0  stm32f4xx_hal_rcc.o(i.HAL_RCC_GetSysClockFreq)
    i.HAL_RCC_OscConfig                      0x0801145c   Section        0  stm32f4xx_hal_rcc.o(i.HAL_RCC_OscConfig)
    i.HAL_SYSTICK_Config                     0x080117b4   Section        0  stm32f4xx_hal_cortex.o(i.HAL_SYSTICK_Config)
    i.HAL_UART_Init                          0x080117dc   Section        0  stm32f4xx_hal_uart.o(i.HAL_UART_Init)
    i.HAL_UART_MspInit                       0x08011840   Section        0  usart.o(i.HAL_UART_MspInit)
    i.HAL_UART_Transmit                      0x080118ac   Section        0  stm32f4xx_hal_uart.o(i.HAL_UART_Transmit)
    i.HardFault_Handler                      0x0801194c   Section        0  stm32f4xx_it.o(i.HardFault_Handler)
    i.MX_GPIO_Init                           0x08011950   Section        0  gpio.o(i.MX_GPIO_Init)
    i.MX_USART1_UART_Init                    0x0801197c   Section        0  usart.o(i.MX_USART1_UART_Init)
    i.MemManage_Handler                      0x080119b4   Section        0  stm32f4xx_it.o(i.MemManage_Handler)
    i.NMI_Handler                            0x080119b6   Section        0  stm32f4xx_it.o(i.NMI_Handler)
    i.OTG_FS_IRQHandler                      0x080119b8   Section        0  stm32f4xx_it.o(i.OTG_FS_IRQHandler)
    i.PCD_EP_OutXfrComplete_int              0x080119c4   Section        0  stm32f4xx_hal_pcd.o(i.PCD_EP_OutXfrComplete_int)
    PCD_EP_OutXfrComplete_int                0x080119c5   Thumb Code   194  stm32f4xx_hal_pcd.o(i.PCD_EP_OutXfrComplete_int)
    i.PCD_WriteEmptyTxFifo                   0x08011a90   Section        0  stm32f4xx_hal_pcd.o(i.PCD_WriteEmptyTxFifo)
    PCD_WriteEmptyTxFifo                     0x08011a91   Thumb Code   152  stm32f4xx_hal_pcd.o(i.PCD_WriteEmptyTxFifo)
    i.PendSV_Handler                         0x08011b28   Section        0  stm32f4xx_it.o(i.PendSV_Handler)
    i.SVC_Handler                            0x08011b2a   Section        0  stm32f4xx_it.o(i.SVC_Handler)
    i.SWAPBYTE                               0x08011b2c   Section        0  usbd_ctlreq.o(i.SWAPBYTE)
    SWAPBYTE                                 0x08011b2d   Thumb Code    10  usbd_ctlreq.o(i.SWAPBYTE)
    i.SysTick_Handler                        0x08011b36   Section        0  stm32f4xx_it.o(i.SysTick_Handler)
    i.SystemClock_Config                     0x08011b3c   Section        0  main.o(i.SystemClock_Config)
    i.SystemInit                             0x08011bd0   Section        0  system_stm32f4xx.o(i.SystemInit)
    i.UART_EndRxTransfer                     0x08011bec   Section        0  stm32f4xx_hal_uart.o(i.UART_EndRxTransfer)
    UART_EndRxTransfer                       0x08011bed   Thumb Code    78  stm32f4xx_hal_uart.o(i.UART_EndRxTransfer)
    i.UART_SetConfig                         0x08011c3c   Section        0  stm32f4xx_hal_uart.o(i.UART_SetConfig)
    UART_SetConfig                           0x08011c3d   Thumb Code   258  stm32f4xx_hal_uart.o(i.UART_SetConfig)
    i.UART_WaitOnFlagUntilTimeout            0x08011d48   Section        0  stm32f4xx_hal_uart.o(i.UART_WaitOnFlagUntilTimeout)
    UART_WaitOnFlagUntilTimeout              0x08011d49   Thumb Code   112  stm32f4xx_hal_uart.o(i.UART_WaitOnFlagUntilTimeout)
    i.USBD_ClrClassConfig                    0x08011db8   Section        0  usbd_core.o(i.USBD_ClrClassConfig)
    i.USBD_CoreFindEP                        0x08011dcc   Section        0  usbd_core.o(i.USBD_CoreFindEP)
    i.USBD_CoreFindIF                        0x08011dd0   Section        0  usbd_core.o(i.USBD_CoreFindIF)
    i.USBD_CtlContinueRx                     0x08011dd4   Section        0  usbd_ioreq.o(i.USBD_CtlContinueRx)
    i.USBD_CtlContinueSendData               0x08011de4   Section        0  usbd_ioreq.o(i.USBD_CtlContinueSendData)
    i.USBD_CtlError                          0x08011df4   Section        0  usbd_ctlreq.o(i.USBD_CtlError)
    i.USBD_CtlReceiveStatus                  0x08011e0a   Section        0  usbd_ioreq.o(i.USBD_CtlReceiveStatus)
    i.USBD_CtlSendData                       0x08011e20   Section        0  usbd_ioreq.o(i.USBD_CtlSendData)
    i.USBD_CtlSendStatus                     0x08011e3a   Section        0  usbd_ioreq.o(i.USBD_CtlSendStatus)
    i.USBD_GetDescriptor                     0x08011e50   Section        0  usbd_ctlreq.o(i.USBD_GetDescriptor)
    USBD_GetDescriptor                       0x08011e51   Thumb Code   230  usbd_ctlreq.o(i.USBD_GetDescriptor)
    i.USBD_Get_USB_Status                    0x08011f36   Section        0  usbd_conf.o(i.USBD_Get_USB_Status)
    i.USBD_LL_ClearStallEP                   0x08011f4e   Section        0  usbd_conf.o(i.USBD_LL_ClearStallEP)
    i.USBD_LL_DataInStage                    0x08011f60   Section        0  usbd_core.o(i.USBD_LL_DataInStage)
    i.USBD_LL_DataOutStage                   0x08012012   Section        0  usbd_core.o(i.USBD_LL_DataOutStage)
    i.USBD_LL_DevConnected                   0x080120a8   Section        0  usbd_core.o(i.USBD_LL_DevConnected)
    i.USBD_LL_DevDisconnected                0x080120ac   Section        0  usbd_core.o(i.USBD_LL_DevDisconnected)
    i.USBD_LL_IsStallEP                      0x080120ca   Section        0  usbd_conf.o(i.USBD_LL_IsStallEP)
    i.USBD_LL_IsoINIncomplete                0x080120e8   Section        0  usbd_core.o(i.USBD_LL_IsoINIncomplete)
    i.USBD_LL_IsoOUTIncomplete               0x08012110   Section        0  usbd_core.o(i.USBD_LL_IsoOUTIncomplete)
    i.USBD_LL_OpenEP                         0x08012138   Section        0  usbd_conf.o(i.USBD_LL_OpenEP)
    i.USBD_LL_PrepareReceive                 0x08012150   Section        0  usbd_conf.o(i.USBD_LL_PrepareReceive)
    i.USBD_LL_Reset                          0x08012162   Section        0  usbd_core.o(i.USBD_LL_Reset)
    i.USBD_LL_Resume                         0x080121be   Section        0  usbd_core.o(i.USBD_LL_Resume)
    i.USBD_LL_SOF                            0x080121d2   Section        0  usbd_core.o(i.USBD_LL_SOF)
    i.USBD_LL_SetSpeed                       0x080121ec   Section        0  usbd_core.o(i.USBD_LL_SetSpeed)
    i.USBD_LL_SetUSBAddress                  0x080121f2   Section        0  usbd_conf.o(i.USBD_LL_SetUSBAddress)
    i.USBD_LL_SetupStage                     0x08012204   Section        0  usbd_core.o(i.USBD_LL_SetupStage)
    i.USBD_LL_StallEP                        0x08012264   Section        0  usbd_conf.o(i.USBD_LL_StallEP)
    i.USBD_LL_Suspend                        0x08012276   Section        0  usbd_core.o(i.USBD_LL_Suspend)
    i.USBD_LL_Transmit                       0x08012290   Section        0  usbd_conf.o(i.USBD_LL_Transmit)
    i.USBD_ParseSetupRequest                 0x080122a2   Section        0  usbd_ctlreq.o(i.USBD_ParseSetupRequest)
    i.USBD_SetClassConfig                    0x080122d2   Section        0  usbd_core.o(i.USBD_SetClassConfig)
    i.USBD_SetConfig                         0x080122e8   Section        0  usbd_ctlreq.o(i.USBD_SetConfig)
    USBD_SetConfig                           0x080122e9   Thumb Code   180  usbd_ctlreq.o(i.USBD_SetConfig)
    i.USBD_StdDevReq                         0x080123a0   Section        0  usbd_ctlreq.o(i.USBD_StdDevReq)
    i.USBD_StdEPReq                          0x080124cc   Section        0  usbd_ctlreq.o(i.USBD_StdEPReq)
    i.USBD_StdItfReq                         0x0801262c   Section        0  usbd_ctlreq.o(i.USBD_StdItfReq)
    i.USB_ActivateEndpoint                   0x080126a0   Section        0  stm32f4xx_ll_usb.o(i.USB_ActivateEndpoint)
    i.USB_ActivateSetup                      0x08012720   Section        0  stm32f4xx_ll_usb.o(i.USB_ActivateSetup)
    i.USB_EP0_OutStart                       0x0801273c   Section        0  stm32f4xx_ll_usb.o(i.USB_EP0_OutStart)
    i.USB_EPClearStall                       0x08012794   Section        0  stm32f4xx_ll_usb.o(i.USB_EPClearStall)
    i.USB_EPSetStall                         0x080127ec   Section        0  stm32f4xx_ll_usb.o(i.USB_EPSetStall)
    i.USB_EPStartXfer                        0x08012844   Section        0  stm32f4xx_ll_usb.o(i.USB_EPStartXfer)
    i.USB_EPStopXfer                         0x08012a7c   Section        0  stm32f4xx_ll_usb.o(i.USB_EPStopXfer)
    i.USB_FlushTxFifo                        0x08012b18   Section        0  stm32f4xx_ll_usb.o(i.USB_FlushTxFifo)
    i.USB_GetDevSpeed                        0x08012b54   Section        0  stm32f4xx_ll_usb.o(i.USB_GetDevSpeed)
    i.USB_GetMode                            0x08012b6e   Section        0  stm32f4xx_ll_usb.o(i.USB_GetMode)
    i.USB_ReadDevAllInEpInterrupt            0x08012b76   Section        0  stm32f4xx_ll_usb.o(i.USB_ReadDevAllInEpInterrupt)
    i.USB_ReadDevAllOutEpInterrupt           0x08012b84   Section        0  stm32f4xx_ll_usb.o(i.USB_ReadDevAllOutEpInterrupt)
    i.USB_ReadDevInEPInterrupt               0x08012b92   Section        0  stm32f4xx_ll_usb.o(i.USB_ReadDevInEPInterrupt)
    i.USB_ReadDevOutEPInterrupt              0x08012bb6   Section        0  stm32f4xx_ll_usb.o(i.USB_ReadDevOutEPInterrupt)
    i.USB_ReadInterrupts                     0x08012bc6   Section        0  stm32f4xx_ll_usb.o(i.USB_ReadInterrupts)
    i.USB_ReadPacket                         0x08012bce   Section        0  stm32f4xx_ll_usb.o(i.USB_ReadPacket)
    i.USB_SetDevAddress                      0x08012c0c   Section        0  stm32f4xx_ll_usb.o(i.USB_SetDevAddress)
    i.USB_SetTurnaroundTime                  0x08012c30   Section        0  stm32f4xx_ll_usb.o(i.USB_SetTurnaroundTime)
    i.USB_WritePacket                        0x08012d18   Section        0  stm32f4xx_ll_usb.o(i.USB_WritePacket)
    i.UsageFault_Handler                     0x08012d3e   Section        0  stm32f4xx_it.o(i.UsageFault_Handler)
    i.__NVIC_SetPriority                     0x08012d40   Section        0  stm32f4xx_hal_cortex.o(i.__NVIC_SetPriority)
    __NVIC_SetPriority                       0x08012d41   Thumb Code    32  stm32f4xx_hal_cortex.o(i.__NVIC_SetPriority)
    i._is_digit                              0x08012d60   Section        0  __printf_wp.o(i._is_digit)
    i._sys_exit                              0x08012d6e   Section        0  retarget.o(i._sys_exit)
    i.ferror                                 0x08012d70   Section        0  retarget.o(i.ferror)
    i.fputc                                  0x08012d76   Section        0  retarget.o(i.fputc)
    i.main                                   0x08012d7c   Section        0  main.o(i.main)
    i.sendchar                               0x08012dd4   Section        0  main.o(i.sendchar)
    x$fpl$fpinit                             0x08012dec   Section       10  fpinit.o(x$fpl$fpinit)
    $v0                                      0x08012dec   Number         0  fpinit.o(x$fpl$fpinit)
    .constdata                               0x08012df6   Section        5  main.o(.constdata)
    __func__                                 0x08012df6   Data           5  main.o(.constdata)
    .constdata                               0x08012dfb   Section       16  system_stm32f4xx.o(.constdata)
    .constdata                               0x08012e0b   Section        8  system_stm32f4xx.o(.constdata)
    .constdata                               0x08012e13   Section       17  __printf_flags_wp.o(.constdata)
    maptable                                 0x08012e13   Data          17  __printf_flags_wp.o(.constdata)
    .data                                    0x20000000   Section        4  retarget.o(.data)
    .data                                    0x20000004   Section       12  stm32f4xx_hal.o(.data)
    .data                                    0x20000010   Section        4  system_stm32f4xx.o(.data)
    .data                                    0x20000014   Section        1  usbd_ctlreq.o(.data)
    cfgidx                                   0x20000014   Data           1  usbd_ctlreq.o(.data)
    .bss                                     0x20000018   Section       72  usart.o(.bss)
    .bss                                     0x20000060   Section     1884  usbd_conf.o(.bss)
    mem                                      0x20000060   Data         632  usbd_conf.o(.bss)
    .bss                                     0x200007bc   Section       96  libspace.o(.bss)
    HEAP                                     0x20000820   Section      512  startup_stm32f407xx.o(HEAP)
    Heap_Mem                                 0x20000820   Data         512  startup_stm32f407xx.o(HEAP)
    STACK                                    0x20000a20   Section     1024  startup_stm32f407xx.o(STACK)
    Stack_Mem                                0x20000a20   Data        1024  startup_stm32f407xx.o(STACK)
    __initial_sp                             0x20000e20   Data           0  startup_stm32f407xx.o(STACK)

    Global Symbols

    Symbol Name                              Value     Ov Type        Size  Object(Section)

    BuildAttributes$$THM_ISAv4$E$P$D$K$B$S$7EM$VFPi3$EXTD16$VFPS$VFMA$PE$A:L22UL41UL21$X:L11$S22US41US21$IEEE1$IW$USESV6$~STKCKD$USESV7$~SHL$OSPACE$ROPI$EBA8$UX$STANDARDLIB$REQ8$PRES8$EABIv2 0x00000000   Number         0  anon$$obj.o ABSOLUTE
    __ARM_use_no_argv                        0x00000000   Number         0  main.o ABSOLUTE
    _printf_flags                            0x00000000   Number         0  printf_stubs.o ABSOLUTE
    _printf_return_value                     0x00000000   Number         0  printf_stubs.o ABSOLUTE
    _printf_sizespec                         0x00000000   Number         0  printf_stubs.o ABSOLUTE
    _printf_widthprec                        0x00000000   Number         0  printf_stubs.o ABSOLUTE
    __ARM_exceptions_init                     - Undefined Weak Reference
    __alloca_initialize                       - Undefined Weak Reference
    __arm_fini_                               - Undefined Weak Reference
    __arm_preinit_                            - Undefined Weak Reference
    __cpp_initialize__aeabi_                  - Undefined Weak Reference
    __cxa_finalize                            - Undefined Weak Reference
    __rt_locale                               - Undefined Weak Reference
    __sigvec_lookup                           - Undefined Weak Reference
    _atexit_init                              - Undefined Weak Reference
    _call_atexit_fns                          - Undefined Weak Reference
    _clock_init                               - Undefined Weak Reference
    _fp_trap_init                             - Undefined Weak Reference
    _fp_trap_shutdown                         - Undefined Weak Reference
    _get_lc_collate                           - Undefined Weak Reference
    _get_lc_ctype                             - Undefined Weak Reference
    _get_lc_monetary                          - Undefined Weak Reference
    _get_lc_numeric                           - Undefined Weak Reference
    _get_lc_time                              - Undefined Weak Reference
    _getenv_init                              - Undefined Weak Reference
    _handle_redirection                       - Undefined Weak Reference
    _init_alloc                               - Undefined Weak Reference
    _init_user_alloc                          - Undefined Weak Reference
    _initio                                   - Undefined Weak Reference
    _printf_mbtowc                            - Undefined Weak Reference
    _printf_truncate_signed                   - Undefined Weak Reference
    _printf_truncate_unsigned                 - Undefined Weak Reference
    _rand_init                                - Undefined Weak Reference
    _signal_finish                            - Undefined Weak Reference
    _signal_init                              - Undefined Weak Reference
    _terminate_alloc                          - Undefined Weak Reference
    _terminate_user_alloc                     - Undefined Weak Reference
    _terminateio                              - Undefined Weak Reference
    __Vectors_Size                           0x00000188   Number         0  startup_stm32f407xx.o ABSOLUTE
    __Vectors                                0x08010000   Data           4  startup_stm32f407xx.o(RESET)
    __Vectors_End                            0x08010188   Data           0  startup_stm32f407xx.o(RESET)
    __main                                   0x08010189   Thumb Code     8  __main.o(!!!main)
    __scatterload                            0x08010191   Thumb Code     0  __scatter.o(!!!scatter)
    __scatterload_rt2                        0x08010191   Thumb Code    44  __scatter.o(!!!scatter)
    __scatterload_rt2_thumb_only             0x08010191   Thumb Code     0  __scatter.o(!!!scatter)
    __scatterload_null                       0x0801019f   Thumb Code     0  __scatter.o(!!!scatter)
    __scatterload_copy                       0x080101c5   Thumb Code    26  __scatter_copy.o(!!handler_copy)
    __scatterload_zeroinit                   0x080101e1   Thumb Code    28  __scatter_zi.o(!!handler_zi)
    _printf_d                                0x080101fd   Thumb Code     0  _printf_d.o(.ARM.Collect$$_printf_percent$$00000009)
    _printf_percent                          0x080101fd   Thumb Code     0  _printf_percent.o(.ARM.Collect$$_printf_percent$$00000000)
    _printf_s                                0x08010203   Thumb Code     0  _printf_s.o(.ARM.Collect$$_printf_percent$$00000014)
    _printf_percent_end                      0x08010209   Thumb Code     0  _printf_percent_end.o(.ARM.Collect$$_printf_percent$$00000017)
    __rt_lib_init                            0x0801020d   Thumb Code     0  libinit.o(.ARM.Collect$$libinit$$00000000)
    __rt_lib_init_fp_1                       0x0801020f   Thumb Code     0  libinit2.o(.ARM.Collect$$libinit$$00000001)
    __rt_lib_init_alloca_1                   0x08010213   Thumb Code     0  libinit2.o(.ARM.Collect$$libinit$$0000002E)
    __rt_lib_init_argv_1                     0x08010213   Thumb Code     0  libinit2.o(.ARM.Collect$$libinit$$0000002C)
    __rt_lib_init_atexit_1                   0x08010213   Thumb Code     0  libinit2.o(.ARM.Collect$$libinit$$0000001B)
    __rt_lib_init_clock_1                    0x08010213   Thumb Code     0  libinit2.o(.ARM.Collect$$libinit$$00000021)
    __rt_lib_init_cpp_1                      0x08010213   Thumb Code     0  libinit2.o(.ARM.Collect$$libinit$$00000032)
    __rt_lib_init_exceptions_1               0x08010213   Thumb Code     0  libinit2.o(.ARM.Collect$$libinit$$00000030)
    __rt_lib_init_fp_trap_1                  0x08010213   Thumb Code     0  libinit2.o(.ARM.Collect$$libinit$$0000001F)
    __rt_lib_init_getenv_1                   0x08010213   Thumb Code     0  libinit2.o(.ARM.Collect$$libinit$$00000023)
    __rt_lib_init_heap_1                     0x08010213   Thumb Code     0  libinit2.o(.ARM.Collect$$libinit$$0000000A)
    __rt_lib_init_lc_collate_1               0x08010213   Thumb Code     0  libinit2.o(.ARM.Collect$$libinit$$00000011)
    __rt_lib_init_lc_ctype_1                 0x08010213   Thumb Code     0  libinit2.o(.ARM.Collect$$libinit$$00000013)
    __rt_lib_init_lc_monetary_1              0x08010213   Thumb Code     0  libinit2.o(.ARM.Collect$$libinit$$00000015)
    __rt_lib_init_lc_numeric_1               0x08010213   Thumb Code     0  libinit2.o(.ARM.Collect$$libinit$$00000017)
    __rt_lib_init_lc_time_1                  0x08010213   Thumb Code     0  libinit2.o(.ARM.Collect$$libinit$$00000019)
    __rt_lib_init_preinit_1                  0x08010213   Thumb Code     0  libinit2.o(.ARM.Collect$$libinit$$00000004)
    __rt_lib_init_rand_1                     0x08010213   Thumb Code     0  libinit2.o(.ARM.Collect$$libinit$$0000000E)
    __rt_lib_init_return                     0x08010213   Thumb Code     0  libinit2.o(.ARM.Collect$$libinit$$00000033)
    __rt_lib_init_signal_1                   0x08010213   Thumb Code     0  libinit2.o(.ARM.Collect$$libinit$$0000001D)
    __rt_lib_init_stdio_1                    0x08010213   Thumb Code     0  libinit2.o(.ARM.Collect$$libinit$$00000025)
    __rt_lib_init_user_alloc_1               0x08010213   Thumb Code     0  libinit2.o(.ARM.Collect$$libinit$$0000000C)
    __rt_lib_shutdown                        0x08010215   Thumb Code     0  libshutdown.o(.ARM.Collect$$libshutdown$$00000000)
    __rt_lib_shutdown_cpp_1                  0x08010217   Thumb Code     0  libshutdown2.o(.ARM.Collect$$libshutdown$$00000004)
    __rt_lib_shutdown_fini_1                 0x08010217   Thumb Code     0  libshutdown2.o(.ARM.Collect$$libshutdown$$00000002)
    __rt_lib_shutdown_fp_trap_1              0x08010217   Thumb Code     0  libshutdown2.o(.ARM.Collect$$libshutdown$$00000009)
    __rt_lib_shutdown_heap_1                 0x08010217   Thumb Code     0  libshutdown2.o(.ARM.Collect$$libshutdown$$00000011)
    __rt_lib_shutdown_return                 0x08010217   Thumb Code     0  libshutdown2.o(.ARM.Collect$$libshutdown$$00000012)
    __rt_lib_shutdown_signal_1               0x08010217   Thumb Code     0  libshutdown2.o(.ARM.Collect$$libshutdown$$0000000C)
    __rt_lib_shutdown_stdio_1                0x08010217   Thumb Code     0  libshutdown2.o(.ARM.Collect$$libshutdown$$00000006)
    __rt_lib_shutdown_user_alloc_1           0x08010217   Thumb Code     0  libshutdown2.o(.ARM.Collect$$libshutdown$$0000000E)
    __rt_entry                               0x08010219   Thumb Code     0  __rtentry.o(.ARM.Collect$$rtentry$$00000000)
    __rt_entry_presh_1                       0x08010219   Thumb Code     0  __rtentry2.o(.ARM.Collect$$rtentry$$00000002)
    __rt_entry_sh                            0x08010219   Thumb Code     0  __rtentry4.o(.ARM.Collect$$rtentry$$00000004)
    __rt_entry_li                            0x0801021f   Thumb Code     0  __rtentry2.o(.ARM.Collect$$rtentry$$0000000A)
    __rt_entry_postsh_1                      0x0801021f   Thumb Code     0  __rtentry2.o(.ARM.Collect$$rtentry$$00000009)
    __rt_entry_main                          0x08010223   Thumb Code     0  __rtentry2.o(.ARM.Collect$$rtentry$$0000000D)
    __rt_entry_postli_1                      0x08010223   Thumb Code     0  __rtentry2.o(.ARM.Collect$$rtentry$$0000000C)
    __rt_exit                                0x0801022b   Thumb Code     0  rtexit.o(.ARM.Collect$$rtexit$$00000000)
    __rt_exit_ls                             0x0801022d   Thumb Code     0  rtexit2.o(.ARM.Collect$$rtexit$$00000003)
    __rt_exit_prels_1                        0x0801022d   Thumb Code     0  rtexit2.o(.ARM.Collect$$rtexit$$00000002)
    __rt_exit_exit                           0x08010231   Thumb Code     0  rtexit2.o(.ARM.Collect$$rtexit$$00000004)
    Reset_Handler                            0x08010239   Thumb Code     8  startup_stm32f407xx.o(.text)
    ADC_IRQHandler                           0x08010253   Thumb Code     0  startup_stm32f407xx.o(.text)
    CAN1_RX0_IRQHandler                      0x08010253   Thumb Code     0  startup_stm32f407xx.o(.text)
    CAN1_RX1_IRQHandler                      0x08010253   Thumb Code     0  startup_stm32f407xx.o(.text)
    CAN1_SCE_IRQHandler                      0x08010253   Thumb Code     0  startup_stm32f407xx.o(.text)
    CAN1_TX_IRQHandler                       0x08010253   Thumb Code     0  startup_stm32f407xx.o(.text)
    CAN2_RX0_IRQHandler                      0x08010253   Thumb Code     0  startup_stm32f407xx.o(.text)
    CAN2_RX1_IRQHandler                      0x08010253   Thumb Code     0  startup_stm32f407xx.o(.text)
    CAN2_SCE_IRQHandler                      0x08010253   Thumb Code     0  startup_stm32f407xx.o(.text)
    CAN2_TX_IRQHandler                       0x08010253   Thumb Code     0  startup_stm32f407xx.o(.text)
    DCMI_IRQHandler                          0x08010253   Thumb Code     0  startup_stm32f407xx.o(.text)
    DMA1_Stream0_IRQHandler                  0x08010253   Thumb Code     0  startup_stm32f407xx.o(.text)
    DMA1_Stream1_IRQHandler                  0x08010253   Thumb Code     0  startup_stm32f407xx.o(.text)
    DMA1_Stream2_IRQHandler                  0x08010253   Thumb Code     0  startup_stm32f407xx.o(.text)
    DMA1_Stream3_IRQHandler                  0x08010253   Thumb Code     0  startup_stm32f407xx.o(.text)
    DMA1_Stream4_IRQHandler                  0x08010253   Thumb Code     0  startup_stm32f407xx.o(.text)
    DMA1_Stream5_IRQHandler                  0x08010253   Thumb Code     0  startup_stm32f407xx.o(.text)
    DMA1_Stream6_IRQHandler                  0x08010253   Thumb Code     0  startup_stm32f407xx.o(.text)
    DMA1_Stream7_IRQHandler                  0x08010253   Thumb Code     0  startup_stm32f407xx.o(.text)
    DMA2_Stream0_IRQHandler                  0x08010253   Thumb Code     0  startup_stm32f407xx.o(.text)
    DMA2_Stream1_IRQHandler                  0x08010253   Thumb Code     0  startup_stm32f407xx.o(.text)
    DMA2_Stream2_IRQHandler                  0x08010253   Thumb Code     0  startup_stm32f407xx.o(.text)
    DMA2_Stream3_IRQHandler                  0x08010253   Thumb Code     0  startup_stm32f407xx.o(.text)
    DMA2_Stream4_IRQHandler                  0x08010253   Thumb Code     0  startup_stm32f407xx.o(.text)
    DMA2_Stream5_IRQHandler                  0x08010253   Thumb Code     0  startup_stm32f407xx.o(.text)
    DMA2_Stream6_IRQHandler                  0x08010253   Thumb Code     0  startup_stm32f407xx.o(.text)
    DMA2_Stream7_IRQHandler                  0x08010253   Thumb Code     0  startup_stm32f407xx.o(.text)
    ETH_IRQHandler                           0x08010253   Thumb Code     0  startup_stm32f407xx.o(.text)
    ETH_WKUP_IRQHandler                      0x08010253   Thumb Code     0  startup_stm32f407xx.o(.text)
    EXTI0_IRQHandler                         0x08010253   Thumb Code     0  startup_stm32f407xx.o(.text)
    EXTI15_10_IRQHandler                     0x08010253   Thumb Code     0  startup_stm32f407xx.o(.text)
    EXTI1_IRQHandler                         0x08010253   Thumb Code     0  startup_stm32f407xx.o(.text)
    EXTI2_IRQHandler                         0x08010253   Thumb Code     0  startup_stm32f407xx.o(.text)
    EXTI3_IRQHandler                         0x08010253   Thumb Code     0  startup_stm32f407xx.o(.text)
    EXTI4_IRQHandler                         0x08010253   Thumb Code     0  startup_stm32f407xx.o(.text)
    EXTI9_5_IRQHandler                       0x08010253   Thumb Code     0  startup_stm32f407xx.o(.text)
    FLASH_IRQHandler                         0x08010253   Thumb Code     0  startup_stm32f407xx.o(.text)
    FMC_IRQHandler                           0x08010253   Thumb Code     0  startup_stm32f407xx.o(.text)
    FPU_IRQHandler                           0x08010253   Thumb Code     0  startup_stm32f407xx.o(.text)
    HASH_RNG_IRQHandler                      0x08010253   Thumb Code     0  startup_stm32f407xx.o(.text)
    I2C1_ER_IRQHandler                       0x08010253   Thumb Code     0  startup_stm32f407xx.o(.text)
    I2C1_EV_IRQHandler                       0x08010253   Thumb Code     0  startup_stm32f407xx.o(.text)
    I2C2_ER_IRQHandler                       0x08010253   Thumb Code     0  startup_stm32f407xx.o(.text)
    I2C2_EV_IRQHandler                       0x08010253   Thumb Code     0  startup_stm32f407xx.o(.text)
    I2C3_ER_IRQHandler                       0x08010253   Thumb Code     0  startup_stm32f407xx.o(.text)
    I2C3_EV_IRQHandler                       0x08010253   Thumb Code     0  startup_stm32f407xx.o(.text)
    OTG_FS_WKUP_IRQHandler                   0x08010253   Thumb Code     0  startup_stm32f407xx.o(.text)
    OTG_HS_EP1_IN_IRQHandler                 0x08010253   Thumb Code     0  startup_stm32f407xx.o(.text)
    OTG_HS_EP1_OUT_IRQHandler                0x08010253   Thumb Code     0  startup_stm32f407xx.o(.text)
    OTG_HS_IRQHandler                        0x08010253   Thumb Code     0  startup_stm32f407xx.o(.text)
    OTG_HS_WKUP_IRQHandler                   0x08010253   Thumb Code     0  startup_stm32f407xx.o(.text)
    PVD_IRQHandler                           0x08010253   Thumb Code     0  startup_stm32f407xx.o(.text)
    RCC_IRQHandler                           0x08010253   Thumb Code     0  startup_stm32f407xx.o(.text)
    RTC_Alarm_IRQHandler                     0x08010253   Thumb Code     0  startup_stm32f407xx.o(.text)
    RTC_WKUP_IRQHandler                      0x08010253   Thumb Code     0  startup_stm32f407xx.o(.text)
    SDIO_IRQHandler                          0x08010253   Thumb Code     0  startup_stm32f407xx.o(.text)
    SPI1_IRQHandler                          0x08010253   Thumb Code     0  startup_stm32f407xx.o(.text)
    SPI2_IRQHandler                          0x08010253   Thumb Code     0  startup_stm32f407xx.o(.text)
    SPI3_IRQHandler                          0x08010253   Thumb Code     0  startup_stm32f407xx.o(.text)
    TAMP_STAMP_IRQHandler                    0x08010253   Thumb Code     0  startup_stm32f407xx.o(.text)
    TIM1_BRK_TIM9_IRQHandler                 0x08010253   Thumb Code     0  startup_stm32f407xx.o(.text)
    TIM1_CC_IRQHandler                       0x08010253   Thumb Code     0  startup_stm32f407xx.o(.text)
    TIM1_TRG_COM_TIM11_IRQHandler            0x08010253   Thumb Code     0  startup_stm32f407xx.o(.text)
    TIM1_UP_TIM10_IRQHandler                 0x08010253   Thumb Code     0  startup_stm32f407xx.o(.text)
    TIM2_IRQHandler                          0x08010253   Thumb Code     0  startup_stm32f407xx.o(.text)
    TIM3_IRQHandler                          0x08010253   Thumb Code     0  startup_stm32f407xx.o(.text)
    TIM4_IRQHandler                          0x08010253   Thumb Code     0  startup_stm32f407xx.o(.text)
    TIM5_IRQHandler                          0x08010253   Thumb Code     0  startup_stm32f407xx.o(.text)
    TIM6_DAC_IRQHandler                      0x08010253   Thumb Code     0  startup_stm32f407xx.o(.text)
    TIM7_IRQHandler                          0x08010253   Thumb Code     0  startup_stm32f407xx.o(.text)
    TIM8_BRK_TIM12_IRQHandler                0x08010253   Thumb Code     0  startup_stm32f407xx.o(.text)
    TIM8_CC_IRQHandler                       0x08010253   Thumb Code     0  startup_stm32f407xx.o(.text)
    TIM8_TRG_COM_TIM14_IRQHandler            0x08010253   Thumb Code     0  startup_stm32f407xx.o(.text)
    TIM8_UP_TIM13_IRQHandler                 0x08010253   Thumb Code     0  startup_stm32f407xx.o(.text)
    UART4_IRQHandler                         0x08010253   Thumb Code     0  startup_stm32f407xx.o(.text)
    UART5_IRQHandler                         0x08010253   Thumb Code     0  startup_stm32f407xx.o(.text)
    USART1_IRQHandler                        0x08010253   Thumb Code     0  startup_stm32f407xx.o(.text)
    USART2_IRQHandler                        0x08010253   Thumb Code     0  startup_stm32f407xx.o(.text)
    USART3_IRQHandler                        0x08010253   Thumb Code     0  startup_stm32f407xx.o(.text)
    USART6_IRQHandler                        0x08010253   Thumb Code     0  startup_stm32f407xx.o(.text)
    WWDG_IRQHandler                          0x08010253   Thumb Code     0  startup_stm32f407xx.o(.text)
    __user_initial_stackheap                 0x08010255   Thumb Code     0  startup_stm32f407xx.o(.text)
    __I$use$semihosting                      0x08010279   Thumb Code     0  use_no_semi.o(.text)
    __use_no_semihosting_swi                 0x08010279   Thumb Code     2  use_no_semi.o(.text)
    __aeabi_uldivmod                         0x0801027b   Thumb Code     0  lludivv7m.o(.text)
    _ll_udiv                                 0x0801027b   Thumb Code   238  lludivv7m.o(.text)
    __2printf                                0x08010369   Thumb Code    20  noretval__2printf.o(.text)
    _printf_str                              0x08010381   Thumb Code    82  _printf_str.o(.text)
    _printf_int_dec                          0x080103d5   Thumb Code   104  _printf_dec.o(.text)
    __printf                                 0x0801044d   Thumb Code   308  __printf_flags_wp.o(.text)
    __aeabi_memclr4                          0x08010585   Thumb Code     0  rt_memclr_w.o(.text)
    __aeabi_memclr8                          0x08010585   Thumb Code     0  rt_memclr_w.o(.text)
    __rt_memclr_w                            0x08010585   Thumb Code    78  rt_memclr_w.o(.text)
    _memset_w                                0x08010589   Thumb Code     0  rt_memclr_w.o(.text)
    __use_two_region_memory                  0x080105d3   Thumb Code     2  heapauxi.o(.text)
    __rt_heap_escrow$2region                 0x080105d5   Thumb Code     2  heapauxi.o(.text)
    __rt_heap_expand$2region                 0x080105d7   Thumb Code     2  heapauxi.o(.text)
    _printf_int_common                       0x080105d9   Thumb Code   178  _printf_intcommon.o(.text)
    _printf_cs_common                        0x0801068b   Thumb Code    20  _printf_char.o(.text)
    _printf_char                             0x0801069f   Thumb Code    16  _printf_char.o(.text)
    _printf_string                           0x080106af   Thumb Code     8  _printf_char.o(.text)
    _printf_char_file                        0x080106b9   Thumb Code    32  _printf_char_file.o(.text)
    _printf_char_common                      0x080106e7   Thumb Code    32  _printf_char_common.o(.text)
    __user_setup_stackheap                   0x0801070d   Thumb Code    74  sys_stackheap_outer.o(.text)
    exit                                     0x08010757   Thumb Code    18  exit.o(.text)
    __user_libspace                          0x08010769   Thumb Code     8  libspace.o(.text)
    __user_perproc_libspace                  0x08010769   Thumb Code     0  libspace.o(.text)
    __user_perthread_libspace                0x08010769   Thumb Code     0  libspace.o(.text)
    BusFault_Handler                         0x08010771   Thumb Code     2  stm32f4xx_it.o(i.BusFault_Handler)
    DebugMon_Handler                         0x08010773   Thumb Code     2  stm32f4xx_it.o(i.DebugMon_Handler)
    Error_Handler                            0x08010775   Thumb Code     4  main.o(i.Error_Handler)
    HAL_Delay                                0x08010779   Thumb Code    32  stm32f4xx_hal.o(i.HAL_Delay)
    HAL_GPIO_Init                            0x0801079d   Thumb Code   418  stm32f4xx_hal_gpio.o(i.HAL_GPIO_Init)
    HAL_GetTick                              0x0801096d   Thumb Code     6  stm32f4xx_hal.o(i.HAL_GetTick)
    HAL_IncTick                              0x08010979   Thumb Code    12  stm32f4xx_hal.o(i.HAL_IncTick)
    HAL_Init                                 0x08010989   Thumb Code    48  stm32f4xx_hal.o(i.HAL_Init)
    HAL_InitTick                             0x080109bd   Thumb Code    54  stm32f4xx_hal.o(i.HAL_InitTick)
    HAL_MspInit                              0x080109fd   Thumb Code    42  stm32f4xx_hal_msp.o(i.HAL_MspInit)
    HAL_NVIC_SetPriority                     0x08010a2d   Thumb Code    60  stm32f4xx_hal_cortex.o(i.HAL_NVIC_SetPriority)
    HAL_NVIC_SetPriorityGrouping             0x08010a6d   Thumb Code    26  stm32f4xx_hal_cortex.o(i.HAL_NVIC_SetPriorityGrouping)
    HAL_PCDEx_LPM_Callback                   0x08010a91   Thumb Code     2  stm32f4xx_hal_pcd_ex.o(i.HAL_PCDEx_LPM_Callback)
    HAL_PCD_ConnectCallback                  0x08010a93   Thumb Code     8  usbd_conf.o(i.HAL_PCD_ConnectCallback)
    HAL_PCD_DataInStageCallback              0x08010a9b   Thumb Code    18  usbd_conf.o(i.HAL_PCD_DataInStageCallback)
    HAL_PCD_DataOutStageCallback             0x08010aad   Thumb Code    20  usbd_conf.o(i.HAL_PCD_DataOutStageCallback)
    HAL_PCD_DisconnectCallback               0x08010ac1   Thumb Code     8  usbd_conf.o(i.HAL_PCD_DisconnectCallback)
    HAL_PCD_EP_Abort                         0x08010ac9   Thumb Code    30  stm32f4xx_hal_pcd.o(i.HAL_PCD_EP_Abort)
    HAL_PCD_EP_ClrStall                      0x08010ae7   Thumb Code    90  stm32f4xx_hal_pcd.o(i.HAL_PCD_EP_ClrStall)
    HAL_PCD_EP_Open                          0x08010b41   Thumb Code    98  stm32f4xx_hal_pcd.o(i.HAL_PCD_EP_Open)
    HAL_PCD_EP_Receive                       0x08010ba3   Thumb Code    56  stm32f4xx_hal_pcd.o(i.HAL_PCD_EP_Receive)
    HAL_PCD_EP_SetStall                      0x08010bdb   Thumb Code   114  stm32f4xx_hal_pcd.o(i.HAL_PCD_EP_SetStall)
    HAL_PCD_EP_Transmit                      0x08010c4d   Thumb Code    50  stm32f4xx_hal_pcd.o(i.HAL_PCD_EP_Transmit)
    HAL_PCD_IRQHandler                       0x08010c81   Thumb Code  1350  stm32f4xx_hal_pcd.o(i.HAL_PCD_IRQHandler)
    HAL_PCD_ISOINIncompleteCallback          0x080111cd   Thumb Code     8  usbd_conf.o(i.HAL_PCD_ISOINIncompleteCallback)
    HAL_PCD_ISOOUTIncompleteCallback         0x080111d5   Thumb Code     8  usbd_conf.o(i.HAL_PCD_ISOOUTIncompleteCallback)
    HAL_PCD_ResetCallback                    0x080111dd   Thumb Code    44  usbd_conf.o(i.HAL_PCD_ResetCallback)
    HAL_PCD_ResumeCallback                   0x08011209   Thumb Code     8  usbd_conf.o(i.HAL_PCD_ResumeCallback)
    HAL_PCD_SOFCallback                      0x08011211   Thumb Code     8  usbd_conf.o(i.HAL_PCD_SOFCallback)
    HAL_PCD_SetAddress                       0x08011219   Thumb Code    38  stm32f4xx_hal_pcd.o(i.HAL_PCD_SetAddress)
    HAL_PCD_SetupStageCallback               0x0801123f   Thumb Code    14  usbd_conf.o(i.HAL_PCD_SetupStageCallback)
    HAL_PCD_SuspendCallback                  0x0801124d   Thumb Code    44  usbd_conf.o(i.HAL_PCD_SuspendCallback)
    HAL_RCC_ClockConfig                      0x0801127d   Thumb Code   288  stm32f4xx_hal_rcc.o(i.HAL_RCC_ClockConfig)
    HAL_RCC_GetHCLKFreq                      0x080113b1   Thumb Code     6  stm32f4xx_hal_rcc.o(i.HAL_RCC_GetHCLKFreq)
    HAL_RCC_GetPCLK1Freq                     0x080113bd   Thumb Code    20  stm32f4xx_hal_rcc.o(i.HAL_RCC_GetPCLK1Freq)
    HAL_RCC_GetPCLK2Freq                     0x080113dd   Thumb Code    20  stm32f4xx_hal_rcc.o(i.HAL_RCC_GetPCLK2Freq)
    HAL_RCC_GetSysClockFreq                  0x080113fd   Thumb Code    88  stm32f4xx_hal_rcc.o(i.HAL_RCC_GetSysClockFreq)
    HAL_RCC_OscConfig                        0x0801145d   Thumb Code   836  stm32f4xx_hal_rcc.o(i.HAL_RCC_OscConfig)
    HAL_SYSTICK_Config                       0x080117b5   Thumb Code    40  stm32f4xx_hal_cortex.o(i.HAL_SYSTICK_Config)
    HAL_UART_Init                            0x080117dd   Thumb Code   100  stm32f4xx_hal_uart.o(i.HAL_UART_Init)
    HAL_UART_MspInit                         0x08011841   Thumb Code    94  usart.o(i.HAL_UART_MspInit)
    HAL_UART_Transmit                        0x080118ad   Thumb Code   160  stm32f4xx_hal_uart.o(i.HAL_UART_Transmit)
    HardFault_Handler                        0x0801194d   Thumb Code     2  stm32f4xx_it.o(i.HardFault_Handler)
    MX_GPIO_Init                             0x08011951   Thumb Code    38  gpio.o(i.MX_GPIO_Init)
    MX_USART1_UART_Init                      0x0801197d   Thumb Code    48  usart.o(i.MX_USART1_UART_Init)
    MemManage_Handler                        0x080119b5   Thumb Code     2  stm32f4xx_it.o(i.MemManage_Handler)
    NMI_Handler                              0x080119b7   Thumb Code     2  stm32f4xx_it.o(i.NMI_Handler)
    OTG_FS_IRQHandler                        0x080119b9   Thumb Code     6  stm32f4xx_it.o(i.OTG_FS_IRQHandler)
    PendSV_Handler                           0x08011b29   Thumb Code     2  stm32f4xx_it.o(i.PendSV_Handler)
    SVC_Handler                              0x08011b2b   Thumb Code     2  stm32f4xx_it.o(i.SVC_Handler)
    SysTick_Handler                          0x08011b37   Thumb Code     4  stm32f4xx_it.o(i.SysTick_Handler)
    SystemClock_Config                       0x08011b3d   Thumb Code   140  main.o(i.SystemClock_Config)
    SystemInit                               0x08011bd1   Thumb Code    20  system_stm32f4xx.o(i.SystemInit)
    USBD_ClrClassConfig                      0x08011db9   Thumb Code    20  usbd_core.o(i.USBD_ClrClassConfig)
    USBD_CoreFindEP                          0x08011dcd   Thumb Code     4  usbd_core.o(i.USBD_CoreFindEP)
    USBD_CoreFindIF                          0x08011dd1   Thumb Code     4  usbd_core.o(i.USBD_CoreFindIF)
    USBD_CtlContinueRx                       0x08011dd5   Thumb Code    16  usbd_ioreq.o(i.USBD_CtlContinueRx)
    USBD_CtlContinueSendData                 0x08011de5   Thumb Code    16  usbd_ioreq.o(i.USBD_CtlContinueSendData)
    USBD_CtlError                            0x08011df5   Thumb Code    22  usbd_ctlreq.o(i.USBD_CtlError)
    USBD_CtlReceiveStatus                    0x08011e0b   Thumb Code    22  usbd_ioreq.o(i.USBD_CtlReceiveStatus)
    USBD_CtlSendData                         0x08011e21   Thumb Code    26  usbd_ioreq.o(i.USBD_CtlSendData)
    USBD_CtlSendStatus                       0x08011e3b   Thumb Code    22  usbd_ioreq.o(i.USBD_CtlSendStatus)
    USBD_Get_USB_Status                      0x08011f37   Thumb Code    24  usbd_conf.o(i.USBD_Get_USB_Status)
    USBD_LL_ClearStallEP                     0x08011f4f   Thumb Code    18  usbd_conf.o(i.USBD_LL_ClearStallEP)
    USBD_LL_DataInStage                      0x08011f61   Thumb Code   178  usbd_core.o(i.USBD_LL_DataInStage)
    USBD_LL_DataOutStage                     0x08012013   Thumb Code   150  usbd_core.o(i.USBD_LL_DataOutStage)
    USBD_LL_DevConnected                     0x080120a9   Thumb Code     4  usbd_core.o(i.USBD_LL_DevConnected)
    USBD_LL_DevDisconnected                  0x080120ad   Thumb Code    30  usbd_core.o(i.USBD_LL_DevDisconnected)
    USBD_LL_IsStallEP                        0x080120cb   Thumb Code    30  usbd_conf.o(i.USBD_LL_IsStallEP)
    USBD_LL_IsoINIncomplete                  0x080120e9   Thumb Code    40  usbd_core.o(i.USBD_LL_IsoINIncomplete)
    USBD_LL_IsoOUTIncomplete                 0x08012111   Thumb Code    40  usbd_core.o(i.USBD_LL_IsoOUTIncomplete)
    USBD_LL_OpenEP                           0x08012139   Thumb Code    24  usbd_conf.o(i.USBD_LL_OpenEP)
    USBD_LL_PrepareReceive                   0x08012151   Thumb Code    18  usbd_conf.o(i.USBD_LL_PrepareReceive)
    USBD_LL_Reset                            0x08012163   Thumb Code    92  usbd_core.o(i.USBD_LL_Reset)
    USBD_LL_Resume                           0x080121bf   Thumb Code    20  usbd_core.o(i.USBD_LL_Resume)
    USBD_LL_SOF                              0x080121d3   Thumb Code    26  usbd_core.o(i.USBD_LL_SOF)
    USBD_LL_SetSpeed                         0x080121ed   Thumb Code     6  usbd_core.o(i.USBD_LL_SetSpeed)
    USBD_LL_SetUSBAddress                    0x080121f3   Thumb Code    18  usbd_conf.o(i.USBD_LL_SetUSBAddress)
    USBD_LL_SetupStage                       0x08012205   Thumb Code    96  usbd_core.o(i.USBD_LL_SetupStage)
    USBD_LL_StallEP                          0x08012265   Thumb Code    18  usbd_conf.o(i.USBD_LL_StallEP)
    USBD_LL_Suspend                          0x08012277   Thumb Code    26  usbd_core.o(i.USBD_LL_Suspend)
    USBD_LL_Transmit                         0x08012291   Thumb Code    18  usbd_conf.o(i.USBD_LL_Transmit)
    USBD_ParseSetupRequest                   0x080122a3   Thumb Code    48  usbd_ctlreq.o(i.USBD_ParseSetupRequest)
    USBD_SetClassConfig                      0x080122d3   Thumb Code    20  usbd_core.o(i.USBD_SetClassConfig)
    USBD_StdDevReq                           0x080123a1   Thumb Code   300  usbd_ctlreq.o(i.USBD_StdDevReq)
    USBD_StdEPReq                            0x080124cd   Thumb Code   352  usbd_ctlreq.o(i.USBD_StdEPReq)
    USBD_StdItfReq                           0x0801262d   Thumb Code   114  usbd_ctlreq.o(i.USBD_StdItfReq)
    USB_ActivateEndpoint                     0x080126a1   Thumb Code   122  stm32f4xx_ll_usb.o(i.USB_ActivateEndpoint)
    USB_ActivateSetup                        0x08012721   Thumb Code    28  stm32f4xx_ll_usb.o(i.USB_ActivateSetup)
    USB_EP0_OutStart                         0x0801273d   Thumb Code    84  stm32f4xx_ll_usb.o(i.USB_EP0_OutStart)
    USB_EPClearStall                         0x08012795   Thumb Code    88  stm32f4xx_ll_usb.o(i.USB_EPClearStall)
    USB_EPSetStall                           0x080127ed   Thumb Code    88  stm32f4xx_ll_usb.o(i.USB_EPSetStall)
    USB_EPStartXfer                          0x08012845   Thumb Code   562  stm32f4xx_ll_usb.o(i.USB_EPStartXfer)
    USB_EPStopXfer                           0x08012a7d   Thumb Code   156  stm32f4xx_ll_usb.o(i.USB_EPStopXfer)
    USB_FlushTxFifo                          0x08012b19   Thumb Code    60  stm32f4xx_ll_usb.o(i.USB_FlushTxFifo)
    USB_GetDevSpeed                          0x08012b55   Thumb Code    26  stm32f4xx_ll_usb.o(i.USB_GetDevSpeed)
    USB_GetMode                              0x08012b6f   Thumb Code     8  stm32f4xx_ll_usb.o(i.USB_GetMode)
    USB_ReadDevAllInEpInterrupt              0x08012b77   Thumb Code    14  stm32f4xx_ll_usb.o(i.USB_ReadDevAllInEpInterrupt)
    USB_ReadDevAllOutEpInterrupt             0x08012b85   Thumb Code    14  stm32f4xx_ll_usb.o(i.USB_ReadDevAllOutEpInterrupt)
    USB_ReadDevInEPInterrupt                 0x08012b93   Thumb Code    36  stm32f4xx_ll_usb.o(i.USB_ReadDevInEPInterrupt)
    USB_ReadDevOutEPInterrupt                0x08012bb7   Thumb Code    16  stm32f4xx_ll_usb.o(i.USB_ReadDevOutEPInterrupt)
    USB_ReadInterrupts                       0x08012bc7   Thumb Code     8  stm32f4xx_ll_usb.o(i.USB_ReadInterrupts)
    USB_ReadPacket                           0x08012bcf   Thumb Code    62  stm32f4xx_ll_usb.o(i.USB_ReadPacket)
    USB_SetDevAddress                        0x08012c0d   Thumb Code    34  stm32f4xx_ll_usb.o(i.USB_SetDevAddress)
    USB_SetTurnaroundTime                    0x08012c31   Thumb Code   158  stm32f4xx_ll_usb.o(i.USB_SetTurnaroundTime)
    USB_WritePacket                          0x08012d19   Thumb Code    38  stm32f4xx_ll_usb.o(i.USB_WritePacket)
    UsageFault_Handler                       0x08012d3f   Thumb Code     2  stm32f4xx_it.o(i.UsageFault_Handler)
    _is_digit                                0x08012d61   Thumb Code    14  __printf_wp.o(i._is_digit)
    _sys_exit                                0x08012d6f   Thumb Code     2  retarget.o(i._sys_exit)
    ferror                                   0x08012d71   Thumb Code     6  retarget.o(i.ferror)
    fputc                                    0x08012d77   Thumb Code     4  retarget.o(i.fputc)
    main                                     0x08012d7d   Thumb Code    48  main.o(i.main)
    sendchar                                 0x08012dd5   Thumb Code    20  main.o(i.sendchar)
    _fp_init                                 0x08012ded   Thumb Code    10  fpinit.o(x$fpl$fpinit)
    __fplib_config_fpu_vfp                   0x08012df5   Thumb Code     0  fpinit.o(x$fpl$fpinit)
    __fplib_config_pureend_doubles           0x08012df5   Thumb Code     0  fpinit.o(x$fpl$fpinit)
    AHBPrescTable                            0x08012dfb   Data          16  system_stm32f4xx.o(.constdata)
    APBPrescTable                            0x08012e0b   Data           8  system_stm32f4xx.o(.constdata)
    Region$$Table$$Base                      0x08012e24   Number         0  anon$$obj.o(Region$$Table)
    Region$$Table$$Limit                     0x08012e44   Number         0  anon$$obj.o(Region$$Table)
    __stdout                                 0x20000000   Data           4  retarget.o(.data)
    uwTickFreq                               0x20000004   Data           1  stm32f4xx_hal.o(.data)
    uwTickPrio                               0x20000008   Data           4  stm32f4xx_hal.o(.data)
    uwTick                                   0x2000000c   Data           4  stm32f4xx_hal.o(.data)
    SystemCoreClock                          0x20000010   Data           4  system_stm32f4xx.o(.data)
    huart1                                   0x20000018   Data          72  usart.o(.bss)
    hpcd_USB_OTG_FS                          0x200002d8   Data        1252  usbd_conf.o(.bss)
    __libspace_start                         0x200007bc   Data          96  libspace.o(.bss)
    __temporary_stack_top$libspace           0x2000081c   Data           0  libspace.o(.bss)



==============================================================================

Memory Map of the image

  Image Entry point : 0x08010189

  Load Region LR_IROM1 (Base: 0x08010000, Size: 0x00002e5c, Max: 0x00070000, ABSOLUTE)

    Execution Region ER_IROM1 (Exec base: 0x08010000, Load base: 0x08010000, Size: 0x00002e44, Max: 0x00070000, ABSOLUTE)

    Exec Addr    Load Addr    Size         Type   Attr      Idx    E Section Name        Object

    0x08010000   0x08010000   0x00000188   Data   RO            3    RESET               startup_stm32f407xx.o
    0x08010188   0x08010188   0x00000008   Code   RO         3778  * !!!main             c_w.l(__main.o)
    0x08010190   0x08010190   0x00000034   Code   RO         3954    !!!scatter          c_w.l(__scatter.o)
    0x080101c4   0x080101c4   0x0000001a   Code   RO         3956    !!handler_copy      c_w.l(__scatter_copy.o)
    0x080101de   0x080101de   0x00000002   PAD
    0x080101e0   0x080101e0   0x0000001c   Code   RO         3958    !!handler_zi        c_w.l(__scatter_zi.o)
    0x080101fc   0x080101fc   0x00000000   Code   RO         3771    .ARM.Collect$$_printf_percent$$00000000  c_w.l(_printf_percent.o)
    0x080101fc   0x080101fc   0x00000006   Code   RO         3770    .ARM.Collect$$_printf_percent$$00000009  c_w.l(_printf_d.o)
    0x08010202   0x08010202   0x00000006   Code   RO         3768    .ARM.Collect$$_printf_percent$$00000014  c_w.l(_printf_s.o)
    0x08010208   0x08010208   0x00000004   Code   RO         3791    .ARM.Collect$$_printf_percent$$00000017  c_w.l(_printf_percent_end.o)
    0x0801020c   0x0801020c   0x00000002   Code   RO         3828    .ARM.Collect$$libinit$$00000000  c_w.l(libinit.o)
    0x0801020e   0x0801020e   0x00000004   Code   RO         3840    .ARM.Collect$$libinit$$00000001  c_w.l(libinit2.o)
    0x08010212   0x08010212   0x00000000   Code   RO         3843    .ARM.Collect$$libinit$$00000004  c_w.l(libinit2.o)
    0x08010212   0x08010212   0x00000000   Code   RO         3846    .ARM.Collect$$libinit$$0000000A  c_w.l(libinit2.o)
    0x08010212   0x08010212   0x00000000   Code   RO         3848    .ARM.Collect$$libinit$$0000000C  c_w.l(libinit2.o)
    0x08010212   0x08010212   0x00000000   Code   RO         3850    .ARM.Collect$$libinit$$0000000E  c_w.l(libinit2.o)
    0x08010212   0x08010212   0x00000000   Code   RO         3853    .ARM.Collect$$libinit$$00000011  c_w.l(libinit2.o)
    0x08010212   0x08010212   0x00000000   Code   RO         3855    .ARM.Collect$$libinit$$00000013  c_w.l(libinit2.o)
    0x08010212   0x08010212   0x00000000   Code   RO         3857    .ARM.Collect$$libinit$$00000015  c_w.l(libinit2.o)
    0x08010212   0x08010212   0x00000000   Code   RO         3859    .ARM.Collect$$libinit$$00000017  c_w.l(libinit2.o)
    0x08010212   0x08010212   0x00000000   Code   RO         3861    .ARM.Collect$$libinit$$00000019  c_w.l(libinit2.o)
    0x08010212   0x08010212   0x00000000   Code   RO         3863    .ARM.Collect$$libinit$$0000001B  c_w.l(libinit2.o)
    0x08010212   0x08010212   0x00000000   Code   RO         3865    .ARM.Collect$$libinit$$0000001D  c_w.l(libinit2.o)
    0x08010212   0x08010212   0x00000000   Code   RO         3867    .ARM.Collect$$libinit$$0000001F  c_w.l(libinit2.o)
    0x08010212   0x08010212   0x00000000   Code   RO         3869    .ARM.Collect$$libinit$$00000021  c_w.l(libinit2.o)
    0x08010212   0x08010212   0x00000000   Code   RO         3871    .ARM.Collect$$libinit$$00000023  c_w.l(libinit2.o)
    0x08010212   0x08010212   0x00000000   Code   RO         3873    .ARM.Collect$$libinit$$00000025  c_w.l(libinit2.o)
    0x08010212   0x08010212   0x00000000   Code   RO         3877    .ARM.Collect$$libinit$$0000002C  c_w.l(libinit2.o)
    0x08010212   0x08010212   0x00000000   Code   RO         3879    .ARM.Collect$$libinit$$0000002E  c_w.l(libinit2.o)
    0x08010212   0x08010212   0x00000000   Code   RO         3881    .ARM.Collect$$libinit$$00000030  c_w.l(libinit2.o)
    0x08010212   0x08010212   0x00000000   Code   RO         3883    .ARM.Collect$$libinit$$00000032  c_w.l(libinit2.o)
    0x08010212   0x08010212   0x00000002   Code   RO         3884    .ARM.Collect$$libinit$$00000033  c_w.l(libinit2.o)
    0x08010214   0x08010214   0x00000002   Code   RO         3908    .ARM.Collect$$libshutdown$$00000000  c_w.l(libshutdown.o)
    0x08010216   0x08010216   0x00000000   Code   RO         3934    .ARM.Collect$$libshutdown$$00000002  c_w.l(libshutdown2.o)
    0x08010216   0x08010216   0x00000000   Code   RO         3936    .ARM.Collect$$libshutdown$$00000004  c_w.l(libshutdown2.o)
    0x08010216   0x08010216   0x00000000   Code   RO         3938    .ARM.Collect$$libshutdown$$00000006  c_w.l(libshutdown2.o)
    0x08010216   0x08010216   0x00000000   Code   RO         3941    .ARM.Collect$$libshutdown$$00000009  c_w.l(libshutdown2.o)
    0x08010216   0x08010216   0x00000000   Code   RO         3944    .ARM.Collect$$libshutdown$$0000000C  c_w.l(libshutdown2.o)
    0x08010216   0x08010216   0x00000000   Code   RO         3946    .ARM.Collect$$libshutdown$$0000000E  c_w.l(libshutdown2.o)
    0x08010216   0x08010216   0x00000000   Code   RO         3949    .ARM.Collect$$libshutdown$$00000011  c_w.l(libshutdown2.o)
    0x08010216   0x08010216   0x00000002   Code   RO         3950    .ARM.Collect$$libshutdown$$00000012  c_w.l(libshutdown2.o)
    0x08010218   0x08010218   0x00000000   Code   RO         3780    .ARM.Collect$$rtentry$$00000000  c_w.l(__rtentry.o)
    0x08010218   0x08010218   0x00000000   Code   RO         3795    .ARM.Collect$$rtentry$$00000002  c_w.l(__rtentry2.o)
    0x08010218   0x08010218   0x00000006   Code   RO         3807    .ARM.Collect$$rtentry$$00000004  c_w.l(__rtentry4.o)
    0x0801021e   0x0801021e   0x00000000   Code   RO         3797    .ARM.Collect$$rtentry$$00000009  c_w.l(__rtentry2.o)
    0x0801021e   0x0801021e   0x00000004   Code   RO         3798    .ARM.Collect$$rtentry$$0000000A  c_w.l(__rtentry2.o)
    0x08010222   0x08010222   0x00000000   Code   RO         3800    .ARM.Collect$$rtentry$$0000000C  c_w.l(__rtentry2.o)
    0x08010222   0x08010222   0x00000008   Code   RO         3801    .ARM.Collect$$rtentry$$0000000D  c_w.l(__rtentry2.o)
    0x0801022a   0x0801022a   0x00000002   Code   RO         3832    .ARM.Collect$$rtexit$$00000000  c_w.l(rtexit.o)
    0x0801022c   0x0801022c   0x00000000   Code   RO         3886    .ARM.Collect$$rtexit$$00000002  c_w.l(rtexit2.o)
    0x0801022c   0x0801022c   0x00000004   Code   RO         3887    .ARM.Collect$$rtexit$$00000003  c_w.l(rtexit2.o)
    0x08010230   0x08010230   0x00000006   Code   RO         3888    .ARM.Collect$$rtexit$$00000004  c_w.l(rtexit2.o)
    0x08010236   0x08010236   0x00000002   PAD
    0x08010238   0x08010238   0x00000040   Code   RO            4    .text               startup_stm32f407xx.o
    0x08010278   0x08010278   0x00000002   Code   RO         3711    .text               c_w.l(use_no_semi.o)
    0x0801027a   0x0801027a   0x000000ee   Code   RO         3713    .text               c_w.l(lludivv7m.o)
    0x08010368   0x08010368   0x00000018   Code   RO         3717    .text               c_w.l(noretval__2printf.o)
    0x08010380   0x08010380   0x00000052   Code   RO         3723    .text               c_w.l(_printf_str.o)
    0x080103d2   0x080103d2   0x00000002   PAD
    0x080103d4   0x080103d4   0x00000078   Code   RO         3725    .text               c_w.l(_printf_dec.o)
    0x0801044c   0x0801044c   0x00000138   Code   RO         3760    .text               c_w.l(__printf_flags_wp.o)
    0x08010584   0x08010584   0x0000004e   Code   RO         3774    .text               c_w.l(rt_memclr_w.o)
    0x080105d2   0x080105d2   0x00000006   Code   RO         3776    .text               c_w.l(heapauxi.o)
    0x080105d8   0x080105d8   0x000000b2   Code   RO         3785    .text               c_w.l(_printf_intcommon.o)
    0x0801068a   0x0801068a   0x0000002c   Code   RO         3787    .text               c_w.l(_printf_char.o)
    0x080106b6   0x080106b6   0x00000002   PAD
    0x080106b8   0x080106b8   0x00000024   Code   RO         3789    .text               c_w.l(_printf_char_file.o)
    0x080106dc   0x080106dc   0x00000030   Code   RO         3811    .text               c_w.l(_printf_char_common.o)
    0x0801070c   0x0801070c   0x0000004a   Code   RO         3813    .text               c_w.l(sys_stackheap_outer.o)
    0x08010756   0x08010756   0x00000012   Code   RO         3817    .text               c_w.l(exit.o)
    0x08010768   0x08010768   0x00000008   Code   RO         3829    .text               c_w.l(libspace.o)
    0x08010770   0x08010770   0x00000002   Code   RO          281    i.BusFault_Handler  stm32f4xx_it.o
    0x08010772   0x08010772   0x00000002   Code   RO          282    i.DebugMon_Handler  stm32f4xx_it.o
    0x08010774   0x08010774   0x00000004   Code   RO           13    i.Error_Handler     main.o
    0x08010778   0x08010778   0x00000024   Code   RO         2439    i.HAL_Delay         stm32f4xx_hal.o
    0x0801079c   0x0801079c   0x000001d0   Code   RO         1895    i.HAL_GPIO_Init     stm32f4xx_hal_gpio.o
    0x0801096c   0x0801096c   0x0000000c   Code   RO         2445    i.HAL_GetTick       stm32f4xx_hal.o
    0x08010978   0x08010978   0x00000010   Code   RO         2451    i.HAL_IncTick       stm32f4xx_hal.o
    0x08010988   0x08010988   0x00000034   Code   RO         2452    i.HAL_Init          stm32f4xx_hal.o
    0x080109bc   0x080109bc   0x00000040   Code   RO         2453    i.HAL_InitTick      stm32f4xx_hal.o
    0x080109fc   0x080109fc   0x00000030   Code   RO          363    i.HAL_MspInit       stm32f4xx_hal_msp.o
    0x08010a2c   0x08010a2c   0x00000040   Code   RO         2293    i.HAL_NVIC_SetPriority  stm32f4xx_hal_cortex.o
    0x08010a6c   0x08010a6c   0x00000024   Code   RO         2294    i.HAL_NVIC_SetPriorityGrouping  stm32f4xx_hal_cortex.o
    0x08010a90   0x08010a90   0x00000002   Code   RO         1194    i.HAL_PCDEx_LPM_Callback  stm32f4xx_hal_pcd_ex.o
    0x08010a92   0x08010a92   0x00000008   Code   RO          748    i.HAL_PCD_ConnectCallback  usbd_conf.o
    0x08010a9a   0x08010a9a   0x00000012   Code   RO          749    i.HAL_PCD_DataInStageCallback  usbd_conf.o
    0x08010aac   0x08010aac   0x00000014   Code   RO          750    i.HAL_PCD_DataOutStageCallback  usbd_conf.o
    0x08010ac0   0x08010ac0   0x00000008   Code   RO          751    i.HAL_PCD_DisconnectCallback  usbd_conf.o
    0x08010ac8   0x08010ac8   0x0000001e   Code   RO          964    i.HAL_PCD_EP_Abort  stm32f4xx_hal_pcd.o
    0x08010ae6   0x08010ae6   0x0000005a   Code   RO          966    i.HAL_PCD_EP_ClrStall  stm32f4xx_hal_pcd.o
    0x08010b40   0x08010b40   0x00000062   Code   RO          969    i.HAL_PCD_EP_Open   stm32f4xx_hal_pcd.o
    0x08010ba2   0x08010ba2   0x00000038   Code   RO          970    i.HAL_PCD_EP_Receive  stm32f4xx_hal_pcd.o
    0x08010bda   0x08010bda   0x00000072   Code   RO          971    i.HAL_PCD_EP_SetStall  stm32f4xx_hal_pcd.o
    0x08010c4c   0x08010c4c   0x00000032   Code   RO          972    i.HAL_PCD_EP_Transmit  stm32f4xx_hal_pcd.o
    0x08010c7e   0x08010c7e   0x00000002   PAD
    0x08010c80   0x08010c80   0x0000054c   Code   RO          974    i.HAL_PCD_IRQHandler  stm32f4xx_hal_pcd.o
    0x080111cc   0x080111cc   0x00000008   Code   RO          752    i.HAL_PCD_ISOINIncompleteCallback  usbd_conf.o
    0x080111d4   0x080111d4   0x00000008   Code   RO          753    i.HAL_PCD_ISOOUTIncompleteCallback  usbd_conf.o
    0x080111dc   0x080111dc   0x0000002c   Code   RO          756    i.HAL_PCD_ResetCallback  usbd_conf.o
    0x08011208   0x08011208   0x00000008   Code   RO          757    i.HAL_PCD_ResumeCallback  usbd_conf.o
    0x08011210   0x08011210   0x00000008   Code   RO          758    i.HAL_PCD_SOFCallback  usbd_conf.o
    0x08011218   0x08011218   0x00000026   Code   RO          983    i.HAL_PCD_SetAddress  stm32f4xx_hal_pcd.o
    0x0801123e   0x0801123e   0x0000000e   Code   RO          759    i.HAL_PCD_SetupStageCallback  usbd_conf.o
    0x0801124c   0x0801124c   0x00000030   Code   RO          760    i.HAL_PCD_SuspendCallback  usbd_conf.o
    0x0801127c   0x0801127c   0x00000134   Code   RO         1541    i.HAL_RCC_ClockConfig  stm32f4xx_hal_rcc.o
    0x080113b0   0x080113b0   0x0000000c   Code   RO         1546    i.HAL_RCC_GetHCLKFreq  stm32f4xx_hal_rcc.o
    0x080113bc   0x080113bc   0x00000020   Code   RO         1548    i.HAL_RCC_GetPCLK1Freq  stm32f4xx_hal_rcc.o
    0x080113dc   0x080113dc   0x00000020   Code   RO         1549    i.HAL_RCC_GetPCLK2Freq  stm32f4xx_hal_rcc.o
    0x080113fc   0x080113fc   0x00000060   Code   RO         1550    i.HAL_RCC_GetSysClockFreq  stm32f4xx_hal_rcc.o
    0x0801145c   0x0801145c   0x00000358   Code   RO         1553    i.HAL_RCC_OscConfig  stm32f4xx_hal_rcc.o
    0x080117b4   0x080117b4   0x00000028   Code   RO         2298    i.HAL_SYSTICK_Config  stm32f4xx_hal_cortex.o
    0x080117dc   0x080117dc   0x00000064   Code   RO         2756    i.HAL_UART_Init     stm32f4xx_hal_uart.o
    0x08011840   0x08011840   0x0000006c   Code   RO          240    i.HAL_UART_MspInit  usart.o
    0x080118ac   0x080118ac   0x000000a0   Code   RO         2764    i.HAL_UART_Transmit  stm32f4xx_hal_uart.o
    0x0801194c   0x0801194c   0x00000002   Code   RO          283    i.HardFault_Handler  stm32f4xx_it.o
    0x0801194e   0x0801194e   0x00000002   PAD
    0x08011950   0x08011950   0x0000002c   Code   RO          215    i.MX_GPIO_Init      gpio.o
    0x0801197c   0x0801197c   0x00000038   Code   RO          241    i.MX_USART1_UART_Init  usart.o
    0x080119b4   0x080119b4   0x00000002   Code   RO          284    i.MemManage_Handler  stm32f4xx_it.o
    0x080119b6   0x080119b6   0x00000002   Code   RO          285    i.NMI_Handler       stm32f4xx_it.o
    0x080119b8   0x080119b8   0x0000000c   Code   RO          286    i.OTG_FS_IRQHandler  stm32f4xx_it.o
    0x080119c4   0x080119c4   0x000000cc   Code   RO          990    i.PCD_EP_OutXfrComplete_int  stm32f4xx_hal_pcd.o
    0x08011a90   0x08011a90   0x00000098   Code   RO          991    i.PCD_WriteEmptyTxFifo  stm32f4xx_hal_pcd.o
    0x08011b28   0x08011b28   0x00000002   Code   RO          287    i.PendSV_Handler    stm32f4xx_it.o
    0x08011b2a   0x08011b2a   0x00000002   Code   RO          288    i.SVC_Handler       stm32f4xx_it.o
    0x08011b2c   0x08011b2c   0x0000000a   Code   RO         3286    i.SWAPBYTE          usbd_ctlreq.o
    0x08011b36   0x08011b36   0x00000004   Code   RO          289    i.SysTick_Handler   stm32f4xx_it.o
    0x08011b3a   0x08011b3a   0x00000002   PAD
    0x08011b3c   0x08011b3c   0x00000094   Code   RO           14    i.SystemClock_Config  main.o
    0x08011bd0   0x08011bd0   0x0000001c   Code   RO         3090    i.SystemInit        system_stm32f4xx.o
    0x08011bec   0x08011bec   0x0000004e   Code   RO         2779    i.UART_EndRxTransfer  stm32f4xx_hal_uart.o
    0x08011c3a   0x08011c3a   0x00000002   PAD
    0x08011c3c   0x08011c3c   0x0000010c   Code   RO         2782    i.UART_SetConfig    stm32f4xx_hal_uart.o
    0x08011d48   0x08011d48   0x00000070   Code   RO         2785    i.UART_WaitOnFlagUntilTimeout  stm32f4xx_hal_uart.o
    0x08011db8   0x08011db8   0x00000014   Code   RO         3127    i.USBD_ClrClassConfig  usbd_core.o
    0x08011dcc   0x08011dcc   0x00000004   Code   RO         3128    i.USBD_CoreFindEP   usbd_core.o
    0x08011dd0   0x08011dd0   0x00000004   Code   RO         3129    i.USBD_CoreFindIF   usbd_core.o
    0x08011dd4   0x08011dd4   0x00000010   Code   RO         3364    i.USBD_CtlContinueRx  usbd_ioreq.o
    0x08011de4   0x08011de4   0x00000010   Code   RO         3365    i.USBD_CtlContinueSendData  usbd_ioreq.o
    0x08011df4   0x08011df4   0x00000016   Code   RO         3287    i.USBD_CtlError     usbd_ctlreq.o
    0x08011e0a   0x08011e0a   0x00000016   Code   RO         3367    i.USBD_CtlReceiveStatus  usbd_ioreq.o
    0x08011e20   0x08011e20   0x0000001a   Code   RO         3368    i.USBD_CtlSendData  usbd_ioreq.o
    0x08011e3a   0x08011e3a   0x00000016   Code   RO         3369    i.USBD_CtlSendStatus  usbd_ioreq.o
    0x08011e50   0x08011e50   0x000000e6   Code   RO         3288    i.USBD_GetDescriptor  usbd_ctlreq.o
    0x08011f36   0x08011f36   0x00000018   Code   RO          761    i.USBD_Get_USB_Status  usbd_conf.o
    0x08011f4e   0x08011f4e   0x00000012   Code   RO          762    i.USBD_LL_ClearStallEP  usbd_conf.o
    0x08011f60   0x08011f60   0x000000b2   Code   RO         3134    i.USBD_LL_DataInStage  usbd_core.o
    0x08012012   0x08012012   0x00000096   Code   RO         3135    i.USBD_LL_DataOutStage  usbd_core.o
    0x080120a8   0x080120a8   0x00000004   Code   RO         3136    i.USBD_LL_DevConnected  usbd_core.o
    0x080120ac   0x080120ac   0x0000001e   Code   RO         3137    i.USBD_LL_DevDisconnected  usbd_core.o
    0x080120ca   0x080120ca   0x0000001e   Code   RO          769    i.USBD_LL_IsStallEP  usbd_conf.o
    0x080120e8   0x080120e8   0x00000028   Code   RO         3138    i.USBD_LL_IsoINIncomplete  usbd_core.o
    0x08012110   0x08012110   0x00000028   Code   RO         3139    i.USBD_LL_IsoOUTIncomplete  usbd_core.o
    0x08012138   0x08012138   0x00000018   Code   RO          770    i.USBD_LL_OpenEP    usbd_conf.o
    0x08012150   0x08012150   0x00000012   Code   RO          771    i.USBD_LL_PrepareReceive  usbd_conf.o
    0x08012162   0x08012162   0x0000005c   Code   RO         3140    i.USBD_LL_Reset     usbd_core.o
    0x080121be   0x080121be   0x00000014   Code   RO         3141    i.USBD_LL_Resume    usbd_core.o
    0x080121d2   0x080121d2   0x0000001a   Code   RO         3142    i.USBD_LL_SOF       usbd_core.o
    0x080121ec   0x080121ec   0x00000006   Code   RO         3143    i.USBD_LL_SetSpeed  usbd_core.o
    0x080121f2   0x080121f2   0x00000012   Code   RO          772    i.USBD_LL_SetUSBAddress  usbd_conf.o
    0x08012204   0x08012204   0x00000060   Code   RO         3144    i.USBD_LL_SetupStage  usbd_core.o
    0x08012264   0x08012264   0x00000012   Code   RO          773    i.USBD_LL_StallEP   usbd_conf.o
    0x08012276   0x08012276   0x0000001a   Code   RO         3145    i.USBD_LL_Suspend   usbd_core.o
    0x08012290   0x08012290   0x00000012   Code   RO          776    i.USBD_LL_Transmit  usbd_conf.o
    0x080122a2   0x080122a2   0x00000030   Code   RO         3291    i.USBD_ParseSetupRequest  usbd_ctlreq.o
    0x080122d2   0x080122d2   0x00000014   Code   RO         3148    i.USBD_SetClassConfig  usbd_core.o
    0x080122e6   0x080122e6   0x00000002   PAD
    0x080122e8   0x080122e8   0x000000b8   Code   RO         3292    i.USBD_SetConfig    usbd_ctlreq.o
    0x080123a0   0x080123a0   0x0000012c   Code   RO         3293    i.USBD_StdDevReq    usbd_ctlreq.o
    0x080124cc   0x080124cc   0x00000160   Code   RO         3294    i.USBD_StdEPReq     usbd_ctlreq.o
    0x0801262c   0x0801262c   0x00000072   Code   RO         3295    i.USBD_StdItfReq    usbd_ctlreq.o
    0x0801269e   0x0801269e   0x00000002   PAD
    0x080126a0   0x080126a0   0x00000080   Code   RO         1236    i.USB_ActivateEndpoint  stm32f4xx_ll_usb.o
    0x08012720   0x08012720   0x0000001c   Code   RO         1238    i.USB_ActivateSetup  stm32f4xx_ll_usb.o
    0x0801273c   0x0801273c   0x00000058   Code   RO         1251    i.USB_EP0_OutStart  stm32f4xx_ll_usb.o
    0x08012794   0x08012794   0x00000058   Code   RO         1252    i.USB_EPClearStall  stm32f4xx_ll_usb.o
    0x080127ec   0x080127ec   0x00000058   Code   RO         1253    i.USB_EPSetStall    stm32f4xx_ll_usb.o
    0x08012844   0x08012844   0x00000238   Code   RO         1254    i.USB_EPStartXfer   stm32f4xx_ll_usb.o
    0x08012a7c   0x08012a7c   0x0000009c   Code   RO         1255    i.USB_EPStopXfer    stm32f4xx_ll_usb.o
    0x08012b18   0x08012b18   0x0000003c   Code   RO         1258    i.USB_FlushTxFifo   stm32f4xx_ll_usb.o
    0x08012b54   0x08012b54   0x0000001a   Code   RO         1260    i.USB_GetDevSpeed   stm32f4xx_ll_usb.o
    0x08012b6e   0x08012b6e   0x00000008   Code   RO         1262    i.USB_GetMode       stm32f4xx_ll_usb.o
    0x08012b76   0x08012b76   0x0000000e   Code   RO         1270    i.USB_ReadDevAllInEpInterrupt  stm32f4xx_ll_usb.o
    0x08012b84   0x08012b84   0x0000000e   Code   RO         1271    i.USB_ReadDevAllOutEpInterrupt  stm32f4xx_ll_usb.o
    0x08012b92   0x08012b92   0x00000024   Code   RO         1272    i.USB_ReadDevInEPInterrupt  stm32f4xx_ll_usb.o
    0x08012bb6   0x08012bb6   0x00000010   Code   RO         1273    i.USB_ReadDevOutEPInterrupt  stm32f4xx_ll_usb.o
    0x08012bc6   0x08012bc6   0x00000008   Code   RO         1274    i.USB_ReadInterrupts  stm32f4xx_ll_usb.o
    0x08012bce   0x08012bce   0x0000003e   Code   RO         1275    i.USB_ReadPacket    stm32f4xx_ll_usb.o
    0x08012c0c   0x08012c0c   0x00000022   Code   RO         1278    i.USB_SetDevAddress  stm32f4xx_ll_usb.o
    0x08012c2e   0x08012c2e   0x00000002   PAD
    0x08012c30   0x08012c30   0x000000e8   Code   RO         1280    i.USB_SetTurnaroundTime  stm32f4xx_ll_usb.o
    0x08012d18   0x08012d18   0x00000026   Code   RO         1283    i.USB_WritePacket   stm32f4xx_ll_usb.o
    0x08012d3e   0x08012d3e   0x00000002   Code   RO          290    i.UsageFault_Handler  stm32f4xx_it.o
    0x08012d40   0x08012d40   0x00000020   Code   RO         2300    i.__NVIC_SetPriority  stm32f4xx_hal_cortex.o
    0x08012d60   0x08012d60   0x0000000e   Code   RO         3758    i._is_digit         c_w.l(__printf_wp.o)
    0x08012d6e   0x08012d6e   0x00000002   Code   RO          384    i._sys_exit         retarget.o
    0x08012d70   0x08012d70   0x00000006   Code   RO          386    i.ferror            retarget.o
    0x08012d76   0x08012d76   0x00000004   Code   RO          388    i.fputc             retarget.o
    0x08012d7a   0x08012d7a   0x00000002   PAD
    0x08012d7c   0x08012d7c   0x00000058   Code   RO           17    i.main              main.o
    0x08012dd4   0x08012dd4   0x00000018   Code   RO           18    i.sendchar          main.o
    0x08012dec   0x08012dec   0x0000000a   Code   RO         3898    x$fpl$fpinit        fz_wm.l(fpinit.o)
    0x08012df6   0x08012df6   0x00000005   Data   RO           20    .constdata          main.o
    0x08012dfb   0x08012dfb   0x00000010   Data   RO         3091    .constdata          system_stm32f4xx.o
    0x08012e0b   0x08012e0b   0x00000008   Data   RO         3092    .constdata          system_stm32f4xx.o
    0x08012e13   0x08012e13   0x00000011   Data   RO         3761    .constdata          c_w.l(__printf_flags_wp.o)
    0x08012e24   0x08012e24   0x00000020   Data   RO         3952    Region$$Table       anon$$obj.o


    Execution Region RW_IRAM1 (Exec base: 0x20000000, Load base: 0x08012e44, Size: 0x00000e20, Max: 0x0001c000, ABSOLUTE)

    Exec Addr    Load Addr    Size         Type   Attr      Idx    E Section Name        Object

    0x20000000   0x08012e44   0x00000004   Data   RW          389    .data               retarget.o
    0x20000004   0x08012e48   0x0000000c   Data   RW         2459    .data               stm32f4xx_hal.o
    0x20000010   0x08012e54   0x00000004   Data   RW         3093    .data               system_stm32f4xx.o
    0x20000014   0x08012e58   0x00000001   Data   RW         3296    .data               usbd_ctlreq.o
    0x20000015   0x08012e59   0x00000003   PAD
    0x20000018        -       0x00000048   Zero   RW          242    .bss                usart.o
    0x20000060        -       0x0000075c   Zero   RW          779    .bss                usbd_conf.o
    0x200007bc        -       0x00000060   Zero   RW         3830    .bss                c_w.l(libspace.o)
    0x2000081c   0x08012e59   0x00000004   PAD
    0x20000820        -       0x00000200   Zero   RW            2    HEAP                startup_stm32f407xx.o
    0x20000a20        -       0x00000400   Zero   RW            1    STACK               startup_stm32f407xx.o


    Execution Region RW_IRAM2 (Exec base: 0x2001c000, Load base: 0x08012e5c, Size: 0x00000000, Max: 0x00004000, ABSOLUTE)

    **** No section assigned to this execution region ****


==============================================================================

Image component sizes


      Code (inc. data)   RO Data    RW Data    ZI Data      Debug   Object Name

        44          6          0          0          0        779   gpio.o
       264         52          5          0          0     674392   main.o
        12          0          0          4          0       3253   retarget.o
        64         26        392          0       1536        836   startup_stm32f407xx.o
       180         28          0         12          0       9337   stm32f4xx_hal.o
       172         14          0          0          0      33046   stm32f4xx_hal_cortex.o
       464         46          0          0          0       1616   stm32f4xx_hal_gpio.o
        48          6          0          0          0        842   stm32f4xx_hal_msp.o
      2188         16          0          0          0      10646   stm32f4xx_hal_pcd.o
         2          0          0          0          0        961   stm32f4xx_hal_pcd_ex.o
      1336         78          0          0          0       5796   stm32f4xx_hal_rcc.o
       718         10          0          0          0       4772   stm32f4xx_hal_uart.o
        32          6          0          0          0       4542   stm32f4xx_it.o
      1692         90          0          0          0      15614   stm32f4xx_ll_usb.o
        28          8         24          4          0       1171   system_stm32f4xx.o
       164         22          0          0         72       1678   usart.o
       360          4          0          0       1884      12822   usbd_conf.o
       756          0          0          0          0      11992   usbd_core.o
      1260         28          0          1          0      13999   usbd_ctlreq.o
       102          0          0          0          0       3764   usbd_ioreq.o

    ----------------------------------------------------------------------
      9902        440        453         24       3492     811858   Object Totals
         0          0         32          0          0          0   (incl. Generated)
        16          0          0          3          0          0   (incl. Padding)

    ----------------------------------------------------------------------

      Code (inc. data)   RO Data    RW Data    ZI Data      Debug   Library Member Name

         8          0          0          0          0         68   __main.o
       312          4         17          0          0         92   __printf_flags_wp.o
        14          0          0          0          0         68   __printf_wp.o
         0          0          0          0          0          0   __rtentry.o
        12          0          0          0          0          0   __rtentry2.o
         6          0          0          0          0          0   __rtentry4.o
        52          8          0          0          0          0   __scatter.o
        26          0          0          0          0          0   __scatter_copy.o
        28          0          0          0          0          0   __scatter_zi.o
        44          0          0          0          0        108   _printf_char.o
        48          6          0          0          0         96   _printf_char_common.o
        36          4          0          0          0         80   _printf_char_file.o
         6          0          0          0          0          0   _printf_d.o
       120         16          0          0          0         92   _printf_dec.o
       178          0          0          0          0         88   _printf_intcommon.o
         0          0          0          0          0          0   _printf_percent.o
         4          0          0          0          0          0   _printf_percent_end.o
         6          0          0          0          0          0   _printf_s.o
        82          0          0          0          0         80   _printf_str.o
        18          0          0          0          0         80   exit.o
         6          0          0          0          0        152   heapauxi.o
         2          0          0          0          0          0   libinit.o
         6          0          0          0          0          0   libinit2.o
         2          0          0          0          0          0   libshutdown.o
         2          0          0          0          0          0   libshutdown2.o
         8          4          0          0         96         68   libspace.o
       238          0          0          0          0        100   lludivv7m.o
        24          4          0          0          0         84   noretval__2printf.o
        78          0          0          0          0         80   rt_memclr_w.o
         2          0          0          0          0          0   rtexit.o
        10          0          0          0          0          0   rtexit2.o
        74          0          0          0          0         80   sys_stackheap_outer.o
         2          0          0          0          0         68   use_no_semi.o
        10          0          0          0          0        116   fpinit.o

    ----------------------------------------------------------------------
      1472         46         17          0        100       1600   Library Totals
         8          0          0          0          4          0   (incl. Padding)

    ----------------------------------------------------------------------

      Code (inc. data)   RO Data    RW Data    ZI Data      Debug   Library Name

      1454         46         17          0         96       1484   c_w.l
        10          0          0          0          0        116   fz_wm.l

    ----------------------------------------------------------------------
      1472         46         17          0        100       1600   Library Totals

    ----------------------------------------------------------------------

==============================================================================


      Code (inc. data)   RO Data    RW Data    ZI Data      Debug   

     11374        486        470         24       3592     801482   Grand Totals
     11374        486        470         24       3592     801482   ELF Image Totals
     11374        486        470         24          0          0   ROM Totals

==============================================================================

    Total RO  Size (Code + RO Data)                11844 (  11.57kB)
    Total RW  Size (RW Data + ZI Data)              3616 (   3.53kB)
    Total ROM Size (Code + RO Data + RW Data)      11868 (  11.59kB)

==============================================================================

