Component: ARM Compiler 5.06 update 7 (build 960) Tool: armlink [4d3601]

==============================================================================

Section Cross References

    startup_stm32f407xx.o(STACK) refers (Special) to heapauxi.o(.text) for __use_two_region_memory
    startup_stm32f407xx.o(HEAP) refers (Special) to heapauxi.o(.text) for __use_two_region_memory
    startup_stm32f407xx.o(RESET) refers (Special) to heapauxi.o(.text) for __use_two_region_memory
    startup_stm32f407xx.o(RESET) refers to startup_stm32f407xx.o(STACK) for __initial_sp
    startup_stm32f407xx.o(RESET) refers to startup_stm32f407xx.o(.text) for Reset_Handler
    startup_stm32f407xx.o(RESET) refers to stm32f4xx_it.o(i.NMI_Handler) for NMI_Handler
    startup_stm32f407xx.o(RESET) refers to stm32f4xx_it.o(i.HardFault_Handler) for HardFault_Handler
    startup_stm32f407xx.o(RESET) refers to stm32f4xx_it.o(i.MemManage_Handler) for MemManage_Handler
    startup_stm32f407xx.o(RESET) refers to stm32f4xx_it.o(i.BusFault_Handler) for BusFault_Handler
    startup_stm32f407xx.o(RESET) refers to stm32f4xx_it.o(i.UsageFault_Handler) for UsageFault_Handler
    startup_stm32f407xx.o(RESET) refers to stm32f4xx_it.o(i.SVC_Handler) for SVC_Handler
    startup_stm32f407xx.o(RESET) refers to stm32f4xx_it.o(i.DebugMon_Handler) for DebugMon_Handler
    startup_stm32f407xx.o(RESET) refers to stm32f4xx_it.o(i.PendSV_Handler) for PendSV_Handler
    startup_stm32f407xx.o(RESET) refers to stm32f4xx_it.o(i.SysTick_Handler) for SysTick_Handler
    startup_stm32f407xx.o(RESET) refers to stm32f4xx_it.o(i.OTG_FS_IRQHandler) for OTG_FS_IRQHandler
    startup_stm32f407xx.o(.text) refers (Special) to heapauxi.o(.text) for __use_two_region_memory
    startup_stm32f407xx.o(.text) refers to system_stm32f4xx.o(i.SystemInit) for SystemInit
    startup_stm32f407xx.o(.text) refers to __main.o(!!!main) for __main
    startup_stm32f407xx.o(.text) refers to startup_stm32f407xx.o(HEAP) for Heap_Mem
    startup_stm32f407xx.o(.text) refers to startup_stm32f407xx.o(STACK) for Stack_Mem
    main.o(i.SystemClock_Config) refers to rt_memclr_w.o(.text) for __aeabi_memclr4
    main.o(i.SystemClock_Config) refers to stm32f4xx_hal_rcc.o(i.HAL_RCC_OscConfig) for HAL_RCC_OscConfig
    main.o(i.SystemClock_Config) refers to stm32f4xx_hal_rcc.o(i.HAL_RCC_ClockConfig) for HAL_RCC_ClockConfig
    main.o(i.array_printf) refers to _printf_pad.o(.text) for _printf_pre_padding
    main.o(i.array_printf) refers to _printf_percent.o(.ARM.Collect$$_printf_percent$$00000000) for _printf_percent
    main.o(i.array_printf) refers to _printf_x.o(.ARM.Collect$$_printf_percent$$0000000C) for _printf_x
    main.o(i.array_printf) refers to _printf_hex_int.o(.text) for _printf_longlong_hex
    main.o(i.array_printf) refers to noretval__2printf.o(.text) for __2printf
    main.o(i.array_printf) refers to main.o(.data) for .data
    main.o(i.main) refers to _printf_percent.o(.ARM.Collect$$_printf_percent$$00000000) for _printf_percent
    main.o(i.main) refers to _printf_d.o(.ARM.Collect$$_printf_percent$$00000009) for _printf_d
    main.o(i.main) refers to _printf_s.o(.ARM.Collect$$_printf_percent$$00000014) for _printf_s
    main.o(i.main) refers to _printf_dec.o(.text) for _printf_int_dec
    main.o(i.main) refers to _printf_str.o(.text) for _printf_str
    main.o(i.main) refers to stm32f4xx_hal.o(i.HAL_Init) for HAL_Init
    main.o(i.main) refers to main.o(i.SystemClock_Config) for SystemClock_Config
    main.o(i.main) refers to gpio.o(i.MX_GPIO_Init) for MX_GPIO_Init
    main.o(i.main) refers to usart.o(i.MX_USART1_UART_Init) for MX_USART1_UART_Init
    main.o(i.main) refers to usb_device.o(i.MX_USB_DEVICE_Init) for MX_USB_DEVICE_Init
    main.o(i.main) refers to noretval__2printf.o(.text) for __2printf
    main.o(i.main) refers to bootloader.o(i.bootloader_main) for bootloader_main
    main.o(i.main) refers to stm32f4xx_hal.o(i.HAL_Delay) for HAL_Delay
    main.o(i.main) refers to main.o(.constdata) for .constdata
    main.o(i.sendchar) refers to stm32f4xx_hal_uart.o(i.HAL_UART_Transmit) for HAL_UART_Transmit
    main.o(i.sendchar) refers to usart.o(.bss) for huart1
    main.o(i.usb_stop) refers to usbd_core.o(i.USBD_DeInit) for USBD_DeInit
    main.o(i.usb_stop) refers to usb_device.o(.bss) for hUsbDeviceFS
    usart.o(i.HAL_UART_MspDeInit) refers to stm32f4xx_hal_gpio.o(i.HAL_GPIO_DeInit) for HAL_GPIO_DeInit
    usart.o(i.HAL_UART_MspInit) refers to rt_memclr_w.o(.text) for __aeabi_memclr4
    usart.o(i.HAL_UART_MspInit) refers to stm32f4xx_hal_gpio.o(i.HAL_GPIO_Init) for HAL_GPIO_Init
    usart.o(i.MX_USART1_UART_Init) refers to stm32f4xx_hal_uart.o(i.HAL_UART_Init) for HAL_UART_Init
    usart.o(i.MX_USART1_UART_Init) refers to main.o(i.Error_Handler) for Error_Handler
    usart.o(i.MX_USART1_UART_Init) refers to usart.o(.bss) for .bss
    stm32f4xx_it.o(i.OTG_FS_IRQHandler) refers to stm32f4xx_hal_pcd.o(i.HAL_PCD_IRQHandler) for HAL_PCD_IRQHandler
[...]
    USBD_MSC_DeviceQualifierDesc             0x200100f8   Data          10  usbd_msc.o(.data)
    .data                                    0x20010102   Section        6  usbd_msc_data.o(.data)
    .data                                    0x20010108   Section        8  usbd_msc_data.o(.data)
    .data                                    0x20010110   Section        4  usbd_msc_data.o(.data)
    .data                                    0x20010114   Section        8  usbd_msc_data.o(.data)
    .bss                                     0x2001011c   Section       72  usart.o(.bss)
    .bss                                     0x20010164   Section      732  usb_device.o(.bss)
    .bss                                     0x20010440   Section      512  usbd_desc.o(.bss)
    .bss                                     0x20010640   Section     1884  usbd_conf.o(.bss)
    mem                                      0x20010640   Data         632  usbd_conf.o(.bss)
    .bss                                     0x20010d9c   Section       32  stm32f4xx_hal_flash.o(.bss)
    .bss                                     0x20010dbc   Section       96  libspace.o(.bss)
    HEAP                                     0x20010e20   Section      512  startup_stm32f407xx.o(HEAP)
    Heap_Mem                                 0x20010e20   Data         512  startup_stm32f407xx.o(HEAP)
    STACK                                    0x20011020   Section     1024  startup_stm32f407xx.o(STACK)
    Stack_Mem                                0x20011020   Data        1024  startup_stm32f407xx.o(STACK)
    __initial_sp                             0x20011420   Data           0  startup_stm32f407xx.o(STACK)

    Global Symbols

    Symbol Name                              Value     Ov Type        Size  Object(Section)

    BuildAttributes$$THM_ISAv4$E$P$D$K$B$S$7EM$VFPi3$EXTD16$VFPS$VFMA$PE$A:L22UL41UL21$X:L11$S22US41US21$IEEE1$IW$USESV6$~STKCKD$USESV7$~SHL$OSPACE$ROPI$EBA8$UX$STANDARDLIB$REQ8$PRES8$EABIv2 0x00000000   Number         0  anon$$obj.o ABSOLUTE
    __ARM_use_no_argv                        0x00000000   Number         0  main.o ABSOLUTE
    _printf_flags                            0x00000000   Number         0  printf_stubs.o ABSOLUTE
    _printf_return_value                     0x00000000   Number         0  printf_stubs.o ABSOLUTE
    _printf_sizespec                         0x00000000   Number         0  printf_stubs.o ABSOLUTE
    _printf_widthprec                        0x00000000   Number         0  printf_stubs.o ABSOLUTE
    __ARM_exceptions_init                     - Undefined Weak Reference
    __alloca_initialize                       - Undefined Weak Reference
    __arm_fini_                               - Undefined Weak Reference
    __arm_preinit_                            - Undefined Weak Reference
    __cpp_initialize__aeabi_                  - Undefined Weak Reference
    __cxa_finalize                            - Undefined Weak Reference
    __rt_locale                               - Undefined Weak Reference
    __sigvec_lookup                           - Undefined Weak Reference
    _atexit_init                              - Undefined Weak Reference
    _call_atexit_fns                          - Undefined Weak Reference
    _clock_init                               - Undefined Weak Reference
    _fp_trap_init                             - Undefined Weak Reference
    _fp_trap_shutdown                         - Undefined Weak Reference
    _get_lc_collate                           - Undefined Weak Reference
    _get_lc_ctype                             - Undefined Weak Reference
    _get_lc_monetary                          - Undefined Weak Reference
    _get_lc_numeric                           - Undefined Weak Reference
    _get_lc_time                              - Undefined Weak Reference
    _getenv_init                              - Undefined Weak Reference
    _handle_redirection                       - Undefined Weak Reference
    _init_alloc                               - Undefined Weak Reference
    _init_user_alloc                          - Undefined Weak Reference
    _initio                                   - Undefined Weak Reference
    _printf_mbtowc                            - Undefined Weak Reference
    _printf_truncate_signed                   - Undefined Weak Reference
    _printf_truncate_unsigned                 - Undefined Weak Reference
    _rand_init                                - Undefined Weak Reference
    _signal_finish                            - Undefined Weak Reference
    _signal_init                              - Undefined Weak Reference
    _terminate_alloc                          - Undefined Weak Reference
    _terminate_user_alloc                     - Undefined Weak Reference
    _terminateio                              - Undefined Weak Reference
    __Vectors_Size                           0x00000188   Number         0  startup_stm32f407xx.o ABSOLUTE
    __Vectors                                0x08000000   Data           4  startup_stm32f407xx.o(RESET)
    __Vectors_End                            0x08000188   Data           0  startup_stm32f407xx.o(RESET)
    __main                                   0x08000189   Thumb Code     8  __main.o(!!!main)
    __scatterload                            0x08000191   Thumb Code     0  __scatter.o(!!!scatter)
    __scatterload_rt2                        0x08000191   Thumb Code    44  __scatter.o(!!!scatter)
    __scatterload_rt2_thumb_only             0x08000191   Thumb Code     0  __scatter.o(!!!scatter)
    __scatterload_null                       0x0800019f   Thumb Code     0  __scatter.o(!!!scatter)
    __decompress                             0x080001c5   Thumb Code    90  __dczerorl2.o(!!dczerorl2)
    __decompress1                            0x080001c5   Thumb Code     0  __dczerorl2.o(!!dczerorl2)
    __scatterload_zeroinit                   0x08000221   Thumb Code    28  __scatter_zi.o(!!handler_zi)
    _printf_d                                0x0800023d   Thumb Code     0  _printf_d.o(.ARM.Collect$$_printf_percent$$00000009)
    _printf_percent                          0x0800023d   Thumb Code     0  _printf_percent.o(.ARM.Collect$$_printf_percent$$00000000)
    _printf_x                                0x08000243   Thumb Code     0  _printf_x.o(.ARM.Collect$$_printf_percent$$0000000C)
    _printf_s                                0x08000249   Thumb Code     0  _printf_s.o(.ARM.Collect$$_printf_percent$$00000014)
    _printf_percent_end                      0x0800024f   Thumb Code     0  _printf_percent_end.o(.ARM.Collect$$_printf_percent$$00000017)
    __rt_lib_init                            0x08000253   Thumb Code     0  libinit.o(.ARM.Collect$$libinit$$00000000)
    __rt_lib_init_fp_1                       0x08000255   Thumb Code     0  libinit2.o(.ARM.Collect$$libinit$$00000001)
    __rt_lib_init_alloca_1                   0x08000259   Thumb Code     0  libinit2.o(.ARM.Collect$$libinit$$0000002E)
    __rt_lib_init_argv_1                     0x08000259   Thumb Code     0  libinit2.o(.ARM.Collect$$libinit$$0000002C)
    __rt_lib_init_atexit_1                   0x08000259   Thumb Code     0  libinit2.o(.ARM.Collect$$libinit$$0000001B)
    __rt_lib_init_clock_1                    0x08000259   Thumb Code     0  libinit2.o(.ARM.Collect$$libinit$$00000021)
    __rt_lib_init_cpp_1                      0x08000259   Thumb Code     0  libinit2.o(.ARM.Collect$$libinit$$00000032)
    __rt_lib_init_exceptions_1               0x08000259   Thumb Code     0  libinit2.o(.ARM.Collect$$libinit$$00000030)
    __rt_lib_init_fp_trap_1                  0x08000259   Thumb Code     0  libinit2.o(.ARM.Collect$$libinit$$0000001F)
    __rt_lib_init_getenv_1                   0x08000259   Thumb Code     0  libinit2.o(.ARM.Collect$$libinit$$00000023)
    __rt_lib_init_heap_1                     0x08000259   Thumb Code     0  libinit2.o(.ARM.Collect$$libinit$$0000000A)
    __rt_lib_init_lc_collate_1               0x08000259   Thumb Code     0  libinit2.o(.ARM.Collect$$libinit$$00000011)
    __rt_lib_init_lc_ctype_1                 0x08000259   Thumb Code     0  libinit2.o(.ARM.Collect$$libinit$$00000013)
    __rt_lib_init_lc_monetary_1              0x08000259   Thumb Code     0  libinit2.o(.ARM.Collect$$libinit$$00000015)
    __rt_lib_init_lc_numeric_1               0x08000259   Thumb Code     0  libinit2.o(.ARM.Collect$$libinit$$00000017)
    __rt_lib_init_lc_time_1                  0x08000259   Thumb Code     0  libinit2.o(.ARM.Collect$$libinit$$00000019)
    __rt_lib_init_preinit_1                  0x08000259   Thumb Code     0  libinit2.o(.ARM.Collect$$libinit$$00000004)
    __rt_lib_init_rand_1                     0x08000259   Thumb Code     0  libinit2.o(.ARM.Collect$$libinit$$0000000E)
    __rt_lib_init_return                     0x08000259   Thumb Code     0  libinit2.o(.ARM.Collect$$libinit$$00000033)
    __rt_lib_init_signal_1                   0x08000259   Thumb Code     0  libinit2.o(.ARM.Collect$$libinit$$0000001D)
    __rt_lib_init_stdio_1                    0x08000259   Thumb Code     0  libinit2.o(.ARM.Collect$$libinit$$00000025)
    __rt_lib_init_user_alloc_1               0x08000259   Thumb Code     0  libinit2.o(.ARM.Collect$$libinit$$0000000C)
    __rt_lib_shutdown                        0x0800025b   Thumb Code     0  libshutdown.o(.ARM.Collect$$libshutdown$$00000000)
    __rt_lib_shutdown_cpp_1                  0x0800025d   Thumb Code     0  libshutdown2.o(.ARM.Collect$$libshutdown$$00000004)
    __rt_lib_shutdown_fini_1                 0x0800025d   Thumb Code     0  libshutdown2.o(.ARM.Collect$$libshutdown$$00000002)
    __rt_lib_shutdown_fp_trap_1              0x0800025d   Thumb Code     0  libshutdown2.o(.ARM.Collect$$libshutdown$$00000009)
    __rt_lib_shutdown_heap_1                 0x0800025d   Thumb Code     0  libshutdown2.o(.ARM.Collect$$libshutdown$$00000011)
    __rt_lib_shutdown_return                 0x0800025d   Thumb Code     0  libshutdown2.o(.ARM.Collect$$libshutdown$$00000012)
    __rt_lib_shutdown_signal_1               0x0800025d   Thumb Code     0  libshutdown2.o(.ARM.Collect$$libshutdown$$0000000C)
    __rt_lib_shutdown_stdio_1                0x0800025d   Thumb Code     0  libshutdown2.o(.ARM.Collect$$libshutdown$$00000006)
    __rt_lib_shutdown_user_alloc_1           0x0800025d   Thumb Code     0  libshutdown2.o(.ARM.Collect$$libshutdown$$0000000E)
    __rt_entry                               0x0800025f   Thumb Code     0  __rtentry.o(.ARM.Collect$$rtentry$$00000000)
    __rt_entry_presh_1                       0x0800025f   Thumb Code     0  __rtentry2.o(.ARM.Collect$$rtentry$$00000002)
    __rt_entry_sh                            0x0800025f   Thumb Code     0  __rtentry4.o(.ARM.Collect$$rtentry$$00000004)
    __rt_entry_li                            0x08000265   Thumb Code     0  __rtentry2.o(.ARM.Collect$$rtentry$$0000000A)
    __rt_entry_postsh_1                      0x08000265   Thumb Code     0  __rtentry2.o(.ARM.Collect$$rtentry$$00000009)
    __rt_entry_main                          0x08000269   Thumb Code     0  __rtentry2.o(.ARM.Collect$$rtentry$$0000000D)
    __rt_entry_postli_1                      0x08000269   Thumb Code     0  __rtentry2.o(.ARM.Collect$$rtentry$$0000000C)
    __rt_exit                                0x08000271   Thumb Code     0  rtexit.o(.ARM.Collect$$rtexit$$00000000)
    __rt_exit_ls                             0x08000273   Thumb Code     0  rtexit2.o(.ARM.Collect$$rtexit$$00000003)
    __rt_exit_prels_1                        0x08000273   Thumb Code     0  rtexit2.o(.ARM.Collect$$rtexit$$00000002)
    __rt_exit_exit                           0x08000277   Thumb Code     0  rtexit2.o(.ARM.Collect$$rtexit$$00000004)
    MSR_MSP                                  0x0800027d   Thumb Code     6  bootloader.o(.emb_text)
    Reset_Handler                            0x08000285   Thumb Code     8  startup_stm32f407xx.o(.text)
    ADC_IRQHandler                           0x0800029f   Thumb Code     0  startup_stm32f407xx.o(.text)
    CAN1_RX0_IRQHandler                      0x0800029f   Thumb Code     0  startup_stm32f407xx.o(.text)
    CAN1_RX1_IRQHandler                      0x0800029f   Thumb Code     0  startup_stm32f407xx.o(.text)
    CAN1_SCE_IRQHandler                      0x0800029f   Thumb Code     0  startup_stm32f407xx.o(.text)
    CAN1_TX_IRQHandler                       0x0800029f   Thumb Code     0  startup_stm32f407xx.o(.text)
    CAN2_RX0_IRQHandler                      0x0800029f   Thumb Code     0  startup_stm32f407xx.o(.text)
    CAN2_RX1_IRQHandler                      0x0800029f   Thumb Code     0  startup_stm32f407xx.o(.text)
    CAN2_SCE_IRQHandler                      0x0800029f   Thumb Code     0  startup_stm32f407xx.o(.text)
    CAN2_TX_IRQHandler                       0x0800029f   Thumb Code     0  startup_stm32f407xx.o(.text)
    DCMI_IRQHandler                          0x0800029f   Thumb Code     0  startup_stm32f407xx.o(.text)
    DMA1_Stream0_IRQHandler                  0x0800029f   Thumb Code     0  startup_stm32f407xx.o(.text)
    DMA1_Stream1_IRQHandler                  0x0800029f   Thumb Code     0  startup_stm32f407xx.o(.text)
    DMA1_Stream2_IRQHandler                  0x0800029f   Thumb Code     0  startup_stm32f407xx.o(.text)
    DMA1_Stream3_IRQHandler                  0x0800029f   Thumb Code     0  startup_stm32f407xx.o(.text)
    DMA1_Stream4_IRQHandler                  0x0800029f   Thumb Code     0  startup_stm32f407xx.o(.text)
    DMA1_Stream5_IRQHandler                  0x0800029f   Thumb Code     0  startup_stm32f407xx.o(.text)
    DMA1_Stream6_IRQHandler                  0x0800029f   Thumb Code     0  startup_stm32f407xx.o(.text)
    DMA1_Stream7_IRQHandler                  0x0800029f   Thumb Code     0  startup_stm32f407xx.o(.text)
    DMA2_Stream0_IRQHandler                  0x0800029f   Thumb Code     0  startup_stm32f407xx.o(.text)
    DMA2_Stream1_IRQHandler                  0x0800029f   Thumb Code     0  startup_stm32f407xx.o(.text)
    DMA2_Stream2_IRQHandler                  0x0800029f   Thumb Code     0  startup_stm32f407xx.o(.text)
    DMA2_Stream3_IRQHandler                  0x0800029f   Thumb Code     0  startup_stm32f407xx.o(.text)
    DMA2_Stream4_IRQHandler                  0x0800029f   Thumb Code     0  startup_stm32f407xx.o(.text)
    DMA2_Stream5_IRQHandler                  0x0800029f   Thumb Code     0  startup_stm32f407xx.o(.text)
    DMA2_Stream6_IRQHandler                  0x0800029f   Thumb Code     0  startup_stm32f407xx.o(.text)
    DMA2_Stream7_IRQHandler                  0x0800029f   Thumb Code     0  startup_stm32f407xx.o(.text)
    ETH_IRQHandler                           0x0800029f   Thumb Code     0  startup_stm32f407xx.o(.text)
    ETH_WKUP_IRQHandler                      0x0800029f   Thumb Code     0  startup_stm32f407xx.o(.text)
    EXTI0_IRQHandler                         0x0800029f   Thumb Code     0  startup_stm32f407xx.o(.text)
    EXTI15_10_IRQHandler                     0x0800029f   Thumb Code     0  startup_stm32f407xx.o(.text)
    EXTI1_IRQHandler                         0x0800029f   Thumb Code     0  startup_stm32f407xx.o(.text)
    EXTI2_IRQHandler                         0x0800029f   Thumb Code     0  startup_stm32f407xx.o(.text)
    EXTI3_IRQHandler                         0x0800029f   Thumb Code     0  startup_stm32f407xx.o(.text)
    EXTI4_IRQHandler                         0x0800029f   Thumb Code     0  startup_stm32f407xx.o(.text)
    EXTI9_5_IRQHandler                       0x0800029f   Thumb Code     0  startup_stm32f407xx.o(.text)
    FLASH_IRQHandler                         0x0800029f   Thumb Code     0  startup_stm32f407xx.o(.text)
    FMC_IRQHandler                           0x0800029f   Thumb Code     0  startup_stm32f407xx.o(.text)
    FPU_IRQHandler                           0x0800029f   Thumb Code     0  startup_stm32f407xx.o(.text)
    HASH_RNG_IRQHandler                      0x0800029f   Thumb Code     0  startup_stm32f407xx.o(.text)
    I2C1_ER_IRQHandler                       0x0800029f   Thumb Code     0  startup_stm32f407xx.o(.text)
    I2C1_EV_IRQHandler                       0x0800029f   Thumb Code     0  startup_stm32f407xx.o(.text)
    I2C2_ER_IRQHandler                       0x0800029f   Thumb Code     0  startup_stm32f407xx.o(.text)
    I2C2_EV_IRQHandler                       0x0800029f   Thumb Code     0  startup_stm32f407xx.o(.text)
    I2C3_ER_IRQHandler                       0x0800029f   Thumb Code     0  startup_stm32f407xx.o(.text)
    I2C3_EV_IRQHandler                       0x0800029f   Thumb Code     0  startup_stm32f407xx.o(.text)
    OTG_FS_WKUP_IRQHandler                   0x0800029f   Thumb Code     0  startup_stm32f407xx.o(.text)
    OTG_HS_EP1_IN_IRQHandler                 0x0800029f   Thumb Code     0  startup_stm32f407xx.o(.text)
    OTG_HS_EP1_OUT_IRQHandler                0x0800029f   Thumb Code     0  startup_stm32f407xx.o(.text)
    OTG_HS_IRQHandler                        0x0800029f   Thumb Code     0  startup_stm32f407xx.o(.text)
    OTG_HS_WKUP_IRQHandler                   0x0800029f   Thumb Code     0  startup_stm32f407xx.o(.text)
    PVD_IRQHandler                           0x0800029f   Thumb Code     0  startup_stm32f407xx.o(.text)
    RCC_IRQHandler                           0x0800029f   Thumb Code     0  startup_stm32f407xx.o(.text)
    RTC_Alarm_IRQHandler                     0x0800029f   Thumb Code     0  startup_stm32f407xx.o(.text)
    RTC_WKUP_IRQHandler                      0x0800029f   Thumb Code     0  startup_stm32f407xx.o(.text)
    SDIO_IRQHandler                          0x0800029f   Thumb Code     0  startup_stm32f407xx.o(.text)
    SPI1_IRQHandler                          0x0800029f   Thumb Code     0  startup_stm32f407xx.o(.text)
    SPI2_IRQHandler                          0x0800029f   Thumb Code     0  startup_stm32f407xx.o(.text)
    SPI3_IRQHandler                          0x0800029f   Thumb Code     0  startup_stm32f407xx.o(.text)
    TAMP_STAMP_IRQHandler                    0x0800029f   Thumb Code     0  startup_stm32f407xx.o(.text)
    TIM1_BRK_TIM9_IRQHandler                 0x0800029f   Thumb Code     0  startup_stm32f407xx.o(.text)
    TIM1_CC_IRQHandler                       0x0800029f   Thumb Code     0  startup_stm32f407xx.o(.text)
    TIM1_TRG_COM_TIM11_IRQHandler            0x0800029f   Thumb Code     0  startup_stm32f407xx.o(.text)
    TIM1_UP_TIM10_IRQHandler                 0x0800029f   Thumb Code     0  startup_stm32f407xx.o(.text)
    TIM2_IRQHandler                          0x0800029f   Thumb Code     0  startup_stm32f407xx.o(.text)
    TIM3_IRQHandler                          0x0800029f   Thumb Code     0  startup_stm32f407xx.o(.text)
    TIM4_IRQHandler                          0x0800029f   Thumb Code     0  startup_stm32f407xx.o(.text)
    TIM5_IRQHandler                          0x0800029f   Thumb Code     0  startup_stm32f407xx.o(.text)
    TIM6_DAC_IRQHandler                      0x0800029f   Thumb Code     0  startup_stm32f407xx.o(.text)
    TIM7_IRQHandler                          0x0800029f   Thumb Code     0  startup_stm32f407xx.o(.text)
    TIM8_BRK_TIM12_IRQHandler                0x0800029f   Thumb Code     0  startup_stm32f407xx.o(.text)
    TIM8_CC_IRQHandler                       0x0800029f   Thumb Code     0  startup_stm32f407xx.o(.text)
    TIM8_TRG_COM_TIM14_IRQHandler            0x0800029f   Thumb Code     0  startup_stm32f407xx.o(.text)
    TIM8_UP_TIM13_IRQHandler                 0x0800029f   Thumb Code     0  startup_stm32f407xx.o(.text)
    UART4_IRQHandler                         0x0800029f   Thumb Code     0  startup_stm32f407xx.o(.text)
    UART5_IRQHandler                         0x0800029f   Thumb Code     0  startup_stm32f407xx.o(.text)
    USART1_IRQHandler                        0x0800029f   Thumb Code     0  startup_stm32f407xx.o(.text)
    USART2_IRQHandler                        0x0800029f   Thumb Code     0  startup_stm32f407xx.o(.text)
    USART3_IRQHandler                        0x0800029f   Thumb Code     0  startup_stm32f407xx.o(.text)
    USART6_IRQHandler                        0x0800029f   Thumb Code     0  startup_stm32f407xx.o(.text)
    WWDG_IRQHandler                          0x0800029f   Thumb Code     0  startup_stm32f407xx.o(.text)
    __user_initial_stackheap                 0x080002a1   Thumb Code     0  startup_stm32f407xx.o(.text)
    __I$use$semihosting                      0x080002c5   Thumb Code     0  use_no_semi.o(.text)
    __use_no_semihosting_swi                 0x080002c5   Thumb Code     2  use_no_semi.o(.text)
    __aeabi_uldivmod                         0x080002c7   Thumb Code     0  lludivv7m.o(.text)
    _ll_udiv                                 0x080002c7   Thumb Code   238  lludivv7m.o(.text)
    __2printf                                0x080003b5   Thumb Code    20  noretval__2printf.o(.text)
    _printf_str                              0x080003cd   Thumb Code    82  _printf_str.o(.text)
    _printf_int_dec                          0x08000421   Thumb Code   104  _printf_dec.o(.text)
    _printf_int_hex                          0x08000499   Thumb Code    84  _printf_hex_int.o(.text)
    _printf_longlong_hex                     0x08000499   Thumb Code     0  _printf_hex_int.o(.text)
    __printf                                 0x080004f1   Thumb Code   308  __printf_flags_wp.o(.text)
    __aeabi_memcpy                           0x08000629   Thumb Code     0  rt_memcpy_v6.o(.text)
    __rt_memcpy                              0x08000629   Thumb Code   138  rt_memcpy_v6.o(.text)
    _memcpy_lastbytes                        0x0800068f   Thumb Code     0  rt_memcpy_v6.o(.text)
    __aeabi_memclr4                          0x080006b3   Thumb Code     0  rt_memclr_w.o(.text)
    __aeabi_memclr8                          0x080006b3   Thumb Code     0  rt_memclr_w.o(.text)
    __rt_memclr_w                            0x080006b3   Thumb Code    78  rt_memclr_w.o(.text)
    _memset_w                                0x080006b7   Thumb Code     0  rt_memclr_w.o(.text)
    __use_two_region_memory                  0x08000701   Thumb Code     2  heapauxi.o(.text)
    __rt_heap_escrow$2region                 0x08000703   Thumb Code     2  heapauxi.o(.text)
    __rt_heap_expand$2region                 0x08000705   Thumb Code     2  heapauxi.o(.text)
    _printf_int_common                       0x08000707   Thumb Code   178  _printf_intcommon.o(.text)
    _printf_cs_common                        0x080007b9   Thumb Code    20  _printf_char.o(.text)
    _printf_char                             0x080007cd   Thumb Code    16  _printf_char.o(.text)
    _printf_string                           0x080007dd   Thumb Code     8  _printf_char.o(.text)
    _printf_char_file                        0x080007e5   Thumb Code    32  _printf_char_file.o(.text)
    __aeabi_memcpy4                          0x08000809   Thumb Code     0  rt_memcpy_w.o(.text)
    __aeabi_memcpy8                          0x08000809   Thumb Code     0  rt_memcpy_w.o(.text)
    __rt_memcpy_w                            0x08000809   Thumb Code   100  rt_memcpy_w.o(.text)
    _memcpy_lastbytes_aligned                0x08000851   Thumb Code     0  rt_memcpy_w.o(.text)
    _printf_char_common                      0x08000877   Thumb Code    32  _printf_char_common.o(.text)
    __user_setup_stackheap                   0x0800089d   Thumb Code    74  sys_stackheap_outer.o(.text)
    exit                                     0x080008e7   Thumb Code    18  exit.o(.text)
    __user_libspace                          0x080008f9   Thumb Code     8  libspace.o(.text)
    __user_perproc_libspace                  0x080008f9   Thumb Code     0  libspace.o(.text)
    __user_perthread_libspace                0x080008f9   Thumb Code     0  libspace.o(.text)
    BusFault_Handler                         0x08000901   Thumb Code     2  stm32f4xx_it.o(i.BusFault_Handler)
    DebugMon_Handler                         0x08000903   Thumb Code     2  stm32f4xx_it.o(i.DebugMon_Handler)
    Error_Handler                            0x08000905   Thumb Code     4  main.o(i.Error_Handler)
    FLASH_Erase_Sector                       0x08000909   Thumb Code    74  stm32f4xx_hal_flash_ex.o(i.FLASH_Erase_Sector)
    FLASH_WaitForLastOperation               0x08000a55   Thumb Code    72  stm32f4xx_hal_flash.o(i.FLASH_WaitForLastOperation)
    HAL_Delay                                0x08000aa5   Thumb Code    32  stm32f4xx_hal.o(i.HAL_Delay)
    HAL_FLASH_Lock                           0x08000ac9   Thumb Code    14  stm32f4xx_hal_flash.o(i.HAL_FLASH_Lock)
    HAL_FLASH_Program                        0x08000add   Thumb Code   116  stm32f4xx_hal_flash.o(i.HAL_FLASH_Program)
    HAL_FLASH_Unlock                         0x08000b59   Thumb Code    32  stm32f4xx_hal_flash.o(i.HAL_FLASH_Unlock)
    HAL_GPIO_DeInit                          0x08000b85   Thumb Code   246  stm32f4xx_hal_gpio.o(i.HAL_GPIO_DeInit)
    HAL_GPIO_Init                            0x08000ca5   Thumb Code   418  stm32f4xx_hal_gpio.o(i.HAL_GPIO_Init)
    HAL_GetTick                              0x08000e75   Thumb Code     6  stm32f4xx_hal.o(i.HAL_GetTick)
    HAL_IncTick                              0x08000e81   Thumb Code    12  stm32f4xx_hal.o(i.HAL_IncTick)
    HAL_Init                                 0x08000e91   Thumb Code    48  stm32f4xx_hal.o(i.HAL_Init)
    HAL_InitTick                             0x08000ec5   Thumb Code    54  stm32f4xx_hal.o(i.HAL_InitTick)
    HAL_MspInit                              0x08000f05   Thumb Code    42  stm32f4xx_hal_msp.o(i.HAL_MspInit)
    HAL_NVIC_DisableIRQ                      0x08000f35   Thumb Code    34  stm32f4xx_hal_cortex.o(i.HAL_NVIC_DisableIRQ)
    HAL_NVIC_EnableIRQ                       0x08000f57   Thumb Code    26  stm32f4xx_hal_cortex.o(i.HAL_NVIC_EnableIRQ)
    HAL_NVIC_SetPriority                     0x08000f71   Thumb Code    60  stm32f4xx_hal_cortex.o(i.HAL_NVIC_SetPriority)
    HAL_NVIC_SetPriorityGrouping             0x08000fb1   Thumb Code    26  stm32f4xx_hal_cortex.o(i.HAL_NVIC_SetPriorityGrouping)
    HAL_PCDEx_LPM_Callback                   0x08000fd5   Thumb Code     2  stm32f4xx_hal_pcd_ex.o(i.HAL_PCDEx_LPM_Callback)
    HAL_PCDEx_SetRxFiFo                      0x08000fd7   Thumb Code     8  stm32f4xx_hal_pcd_ex.o(i.HAL_PCDEx_SetRxFiFo)
    HAL_PCDEx_SetTxFiFo                      0x08000fdf   Thumb Code    68  stm32f4xx_hal_pcd_ex.o(i.HAL_PCDEx_SetTxFiFo)
    HAL_PCD_ConnectCallback                  0x08001023   Thumb Code     8  usbd_conf.o(i.HAL_PCD_ConnectCallback)
    HAL_PCD_DataInStageCallback              0x0800102b   Thumb Code    18  usbd_conf.o(i.HAL_PCD_DataInStageCallback)
    HAL_PCD_DataOutStageCallback             0x0800103d   Thumb Code    20  usbd_conf.o(i.HAL_PCD_DataOutStageCallback)
    HAL_PCD_DeInit                           0x08001051   Thumb Code    38  stm32f4xx_hal_pcd.o(i.HAL_PCD_DeInit)
    HAL_PCD_DisconnectCallback               0x08001077   Thumb Code     8  usbd_conf.o(i.HAL_PCD_DisconnectCallback)
    HAL_PCD_EP_Abort                         0x0800107f   Thumb Code    30  stm32f4xx_hal_pcd.o(i.HAL_PCD_EP_Abort)
    HAL_PCD_EP_Close                         0x0800109d   Thumb Code    74  stm32f4xx_hal_pcd.o(i.HAL_PCD_EP_Close)
    HAL_PCD_EP_ClrStall                      0x080010e7   Thumb Code    90  stm32f4xx_hal_pcd.o(i.HAL_PCD_EP_ClrStall)
    HAL_PCD_EP_Flush                         0x08001141   Thumb Code    52  stm32f4xx_hal_pcd.o(i.HAL_PCD_EP_Flush)
    HAL_PCD_EP_GetRxCount                    0x08001175   Thumb Code    18  stm32f4xx_hal_pcd.o(i.HAL_PCD_EP_GetRxCount)
    HAL_PCD_EP_Open                          0x08001187   Thumb Code    98  stm32f4xx_hal_pcd.o(i.HAL_PCD_EP_Open)
    HAL_PCD_EP_Receive                       0x080011e9   Thumb Code    56  stm32f4xx_hal_pcd.o(i.HAL_PCD_EP_Receive)
    HAL_PCD_EP_SetStall                      0x08001221   Thumb Code   114  stm32f4xx_hal_pcd.o(i.HAL_PCD_EP_SetStall)
    HAL_PCD_EP_Transmit                      0x08001293   Thumb Code    50  stm32f4xx_hal_pcd.o(i.HAL_PCD_EP_Transmit)
    HAL_PCD_IRQHandler                       0x080012c5   Thumb Code  1350  stm32f4xx_hal_pcd.o(i.HAL_PCD_IRQHandler)
    HAL_PCD_ISOINIncompleteCallback          0x08001811   Thumb Code     8  usbd_conf.o(i.HAL_PCD_ISOINIncompleteCallback)
    HAL_PCD_ISOOUTIncompleteCallback         0x08001819   Thumb Code     8  usbd_conf.o(i.HAL_PCD_ISOOUTIncompleteCallback)
    HAL_PCD_Init                             0x08001821   Thumb Code   202  stm32f4xx_hal_pcd.o(i.HAL_PCD_Init)
    HAL_PCD_MspDeInit                        0x080018ed   Thumb Code    42  usbd_conf.o(i.HAL_PCD_MspDeInit)
    HAL_PCD_MspInit                          0x08001921   Thumb Code   122  usbd_conf.o(i.HAL_PCD_MspInit)
    HAL_PCD_ResetCallback                    0x080019a5   Thumb Code    44  usbd_conf.o(i.HAL_PCD_ResetCallback)
    HAL_PCD_ResumeCallback                   0x080019d1   Thumb Code     8  usbd_conf.o(i.HAL_PCD_ResumeCallback)
    HAL_PCD_SOFCallback                      0x080019d9   Thumb Code     8  usbd_conf.o(i.HAL_PCD_SOFCallback)
    HAL_PCD_SetAddress                       0x080019e1   Thumb Code    38  stm32f4xx_hal_pcd.o(i.HAL_PCD_SetAddress)
    HAL_PCD_SetupStageCallback               0x08001a07   Thumb Code    14  usbd_conf.o(i.HAL_PCD_SetupStageCallback)
    HAL_PCD_Start                            0x08001a15   Thumb Code    66  stm32f4xx_hal_pcd.o(i.HAL_PCD_Start)
    HAL_PCD_Stop                             0x08001a57   Thumb Code    74  stm32f4xx_hal_pcd.o(i.HAL_PCD_Stop)
    HAL_PCD_SuspendCallback                  0x08001aa1   Thumb Code    44  usbd_conf.o(i.HAL_PCD_SuspendCallback)
    HAL_RCC_ClockConfig                      0x08001ad1   Thumb Code   288  stm32f4xx_hal_rcc.o(i.HAL_RCC_ClockConfig)
    HAL_RCC_GetHCLKFreq                      0x08001c05   Thumb Code     6  stm32f4xx_hal_rcc.o(i.HAL_RCC_GetHCLKFreq)
    HAL_RCC_GetPCLK1Freq                     0x08001c11   Thumb Code    20  stm32f4xx_hal_rcc.o(i.HAL_RCC_GetPCLK1Freq)
    HAL_RCC_GetPCLK2Freq                     0x08001c31   Thumb Code    20  stm32f4xx_hal_rcc.o(i.HAL_RCC_GetPCLK2Freq)
    HAL_RCC_GetSysClockFreq                  0x08001c51   Thumb Code    88  stm32f4xx_hal_rcc.o(i.HAL_RCC_GetSysClockFreq)
    HAL_RCC_OscConfig                        0x08001cb1   Thumb Code   836  stm32f4xx_hal_rcc.o(i.HAL_RCC_OscConfig)
    HAL_SYSTICK_Config                       0x08002009   Thumb Code    40  stm32f4xx_hal_cortex.o(i.HAL_SYSTICK_Config)
    HAL_UART_Init                            0x08002031   Thumb Code   100  stm32f4xx_hal_uart.o(i.HAL_UART_Init)
    HAL_UART_MspInit                         0x08002095   Thumb Code    94  usart.o(i.HAL_UART_MspInit)
    HAL_UART_Transmit                        0x08002101   Thumb Code   160  stm32f4xx_hal_uart.o(i.HAL_UART_Transmit)
    HardFault_Handler                        0x080021a1   Thumb Code     2  stm32f4xx_it.o(i.HardFault_Handler)
    MSC_BOT_CplClrFeature                    0x08002329   Thumb Code    72  usbd_msc_bot.o(i.MSC_BOT_CplClrFeature)
    MSC_BOT_DataIn                           0x08002379   Thumb Code    70  usbd_msc_bot.o(i.MSC_BOT_DataIn)
    MSC_BOT_DataOut                          0x080023bf   Thumb Code    70  usbd_msc_bot.o(i.MSC_BOT_DataOut)
    MSC_BOT_DeInit                           0x08002405   Thumb Code    22  usbd_msc_bot.o(i.MSC_BOT_DeInit)
    MSC_BOT_Init                             0x0800241d   Thumb Code    96  usbd_msc_bot.o(i.MSC_BOT_Init)
    MSC_BOT_Reset                            0x08002485   Thumb Code    68  usbd_msc_bot.o(i.MSC_BOT_Reset)
    MSC_BOT_SendCSW                          0x080024d1   Thumb Code    72  usbd_msc_bot.o(i.MSC_BOT_SendCSW)
    MX_GPIO_Init                             0x08002525   Thumb Code    38  gpio.o(i.MX_GPIO_Init)
    MX_USART1_UART_Init                      0x08002551   Thumb Code    48  usart.o(i.MX_USART1_UART_Init)
    MX_USB_DEVICE_Init                       0x08002589   Thumb Code    66  usb_device.o(i.MX_USB_DEVICE_Init)
    MemManage_Handler                        0x080025dd   Thumb Code     2  stm32f4xx_it.o(i.MemManage_Handler)
    NMI_Handler                              0x080025df   Thumb Code     2  stm32f4xx_it.o(i.NMI_Handler)
    OTG_FS_IRQHandler                        0x080025e1   Thumb Code     6  stm32f4xx_it.o(i.OTG_FS_IRQHandler)
    PendSV_Handler                           0x08002751   Thumb Code     2  stm32f4xx_it.o(i.PendSV_Handler)
    SCSI_ProcessCmd                          0x080027fd   Thumb Code   422  usbd_msc_scsi.o(i.SCSI_ProcessCmd)
    SCSI_SenseCode                           0x08002e9b   Thumb Code    76  usbd_msc_scsi.o(i.SCSI_SenseCode)
    SVC_Handler                              0x08003259   Thumb Code     2  stm32f4xx_it.o(i.SVC_Handler)
    SysTick_Handler                          0x08003265   Thumb Code     4  stm32f4xx_it.o(i.SysTick_Handler)
    SystemClock_Config                       0x08003269   Thumb Code   140  main.o(i.SystemClock_Config)
    SystemInit                               0x080032fd   Thumb Code    22  system_stm32f4xx.o(i.SystemInit)
    USBD_ClrClassConfig                      0x080034e5   Thumb Code    20  usbd_core.o(i.USBD_ClrClassConfig)
    USBD_CoreFindEP                          0x080034f9   Thumb Code     4  usbd_core.o(i.USBD_CoreFindEP)
    USBD_CoreFindIF                          0x080034fd   Thumb Code     4  usbd_core.o(i.USBD_CoreFindIF)
    USBD_CtlContinueRx                       0x08003501   Thumb Code    16  usbd_ioreq.o(i.USBD_CtlContinueRx)
    USBD_CtlContinueSendData                 0x08003511   Thumb Code    16  usbd_ioreq.o(i.USBD_CtlContinueSendData)
    USBD_CtlError                            0x08003521   Thumb Code    22  usbd_ctlreq.o(i.USBD_CtlError)
    USBD_CtlReceiveStatus                    0x08003537   Thumb Code    22  usbd_ioreq.o(i.USBD_CtlReceiveStatus)
    USBD_CtlSendData                         0x0800354d   Thumb Code    26  usbd_ioreq.o(i.USBD_CtlSendData)
    USBD_CtlSendStatus                       0x08003567   Thumb Code    22  usbd_ioreq.o(i.USBD_CtlSendStatus)
    USBD_DeInit                              0x0800357d   Thumb Code    52  usbd_core.o(i.USBD_DeInit)
    USBD_FS_ConfigStrDescriptor              0x080035b1   Thumb Code    16  usbd_desc.o(i.USBD_FS_ConfigStrDescriptor)
    USBD_FS_DeviceDescriptor                 0x080035d1   Thumb Code     8  usbd_desc.o(i.USBD_FS_DeviceDescriptor)
    USBD_FS_InterfaceStrDescriptor           0x080035dd   Thumb Code    16  usbd_desc.o(i.USBD_FS_InterfaceStrDescriptor)
    USBD_FS_LangIDStrDescriptor              0x08003601   Thumb Code     8  usbd_desc.o(i.USBD_FS_LangIDStrDescriptor)
    USBD_FS_ManufacturerStrDescriptor        0x0800360d   Thumb Code    16  usbd_desc.o(i.USBD_FS_ManufacturerStrDescriptor)
    USBD_FS_ProductStrDescriptor             0x08003635   Thumb Code    16  usbd_desc.o(i.USBD_FS_ProductStrDescriptor)
    USBD_FS_SerialStrDescriptor              0x0800365d   Thumb Code    48  usbd_desc.o(i.USBD_FS_SerialStrDescriptor)
    USBD_GetEpDesc                           0x0800377b   Thumb Code    58  usbd_core.o(i.USBD_GetEpDesc)
    USBD_GetNextDesc                         0x080037c9   Thumb Code    14  usbd_core.o(i.USBD_GetNextDesc)
    USBD_GetString                           0x080037d7   Thumb Code    78  usbd_ctlreq.o(i.USBD_GetString)
    USBD_Get_USB_Status                      0x08003825   Thumb Code    24  usbd_conf.o(i.USBD_Get_USB_Status)
    USBD_Init                                0x0800383d   Thumb Code    38  usbd_core.o(i.USBD_Init)
    USBD_LL_ClearStallEP                     0x08003863   Thumb Code    18  usbd_conf.o(i.USBD_LL_ClearStallEP)
    USBD_LL_CloseEP                          0x08003875   Thumb Code    18  usbd_conf.o(i.USBD_LL_CloseEP)
    USBD_LL_DataInStage                      0x08003887   Thumb Code   178  usbd_core.o(i.USBD_LL_DataInStage)
    USBD_LL_DataOutStage                     0x08003939   Thumb Code   150  usbd_core.o(i.USBD_LL_DataOutStage)
    USBD_LL_DeInit                           0x080039cf   Thumb Code    18  usbd_conf.o(i.USBD_LL_DeInit)
    USBD_LL_DevConnected                     0x080039e1   Thumb Code     4  usbd_core.o(i.USBD_LL_DevConnected)
    USBD_LL_DevDisconnected                  0x080039e5   Thumb Code    30  usbd_core.o(i.USBD_LL_DevDisconnected)
    USBD_LL_FlushEP                          0x08003a03   Thumb Code    18  usbd_conf.o(i.USBD_LL_FlushEP)
    USBD_LL_GetRxDataSize                    0x08003a15   Thumb Code     8  usbd_conf.o(i.USBD_LL_GetRxDataSize)
    USBD_LL_Init                             0x08003a1d   Thumb Code    90  usbd_conf.o(i.USBD_LL_Init)
    USBD_LL_IsStallEP                        0x08003a7d   Thumb Code    30  usbd_conf.o(i.USBD_LL_IsStallEP)
    USBD_LL_IsoINIncomplete                  0x08003a9b   Thumb Code    40  usbd_core.o(i.USBD_LL_IsoINIncomplete)
    USBD_LL_IsoOUTIncomplete                 0x08003ac3   Thumb Code    40  usbd_core.o(i.USBD_LL_IsoOUTIncomplete)
    USBD_LL_OpenEP                           0x08003aeb   Thumb Code    24  usbd_conf.o(i.USBD_LL_OpenEP)
    USBD_LL_PrepareReceive                   0x08003b03   Thumb Code    18  usbd_conf.o(i.USBD_LL_PrepareReceive)
    USBD_LL_Reset                            0x08003b15   Thumb Code    92  usbd_core.o(i.USBD_LL_Reset)
    USBD_LL_Resume                           0x08003b71   Thumb Code    20  usbd_core.o(i.USBD_LL_Resume)
    USBD_LL_SOF                              0x08003b85   Thumb Code    26  usbd_core.o(i.USBD_LL_SOF)
    USBD_LL_SetSpeed                         0x08003b9f   Thumb Code     6  usbd_core.o(i.USBD_LL_SetSpeed)
    USBD_LL_SetUSBAddress                    0x08003ba5   Thumb Code    18  usbd_conf.o(i.USBD_LL_SetUSBAddress)
    USBD_LL_SetupStage                       0x08003bb7   Thumb Code    96  usbd_core.o(i.USBD_LL_SetupStage)
    USBD_LL_StallEP                          0x08003c17   Thumb Code    18  usbd_conf.o(i.USBD_LL_StallEP)
    USBD_LL_Start                            0x08003c29   Thumb Code    18  usbd_conf.o(i.USBD_LL_Start)
    USBD_LL_Stop                             0x08003c3b   Thumb Code    18  usbd_conf.o(i.USBD_LL_Stop)
    USBD_LL_Suspend                          0x08003c4d   Thumb Code    26  usbd_core.o(i.USBD_LL_Suspend)
    USBD_LL_Transmit                         0x08003c67   Thumb Code    18  usbd_conf.o(i.USBD_LL_Transmit)
    USBD_MSC_DataIn                          0x08003c79   Thumb Code    10  usbd_msc.o(i.USBD_MSC_DataIn)
    USBD_MSC_DataOut                         0x08003c83   Thumb Code    10  usbd_msc.o(i.USBD_MSC_DataOut)
    USBD_MSC_DeInit                          0x08003c8d   Thumb Code   112  usbd_msc.o(i.USBD_MSC_DeInit)
    USBD_MSC_GetDeviceQualifierDescriptor    0x08003d01   Thumb Code     8  usbd_msc.o(i.USBD_MSC_GetDeviceQualifierDescriptor)
    USBD_MSC_GetFSCfgDesc                    0x08003d0d   Thumb Code    40  usbd_msc.o(i.USBD_MSC_GetFSCfgDesc)
    USBD_MSC_GetHSCfgDesc                    0x08003d39   Thumb Code    42  usbd_msc.o(i.USBD_MSC_GetHSCfgDesc)
    USBD_MSC_GetOtherSpeedCfgDesc            0x08003d69   Thumb Code    40  usbd_msc.o(i.USBD_MSC_GetOtherSpeedCfgDesc)
    USBD_MSC_Init                            0x08003d95   Thumb Code   168  usbd_msc.o(i.USBD_MSC_Init)
    USBD_MSC_RegisterStorage                 0x08003e41   Thumb Code    22  usbd_msc.o(i.USBD_MSC_RegisterStorage)
    USBD_MSC_Setup                           0x08003e57   Thumb Code   220  usbd_msc.o(i.USBD_MSC_Setup)
    USBD_ParseSetupRequest                   0x08003f33   Thumb Code    48  usbd_ctlreq.o(i.USBD_ParseSetupRequest)
    USBD_RegisterClass                       0x08003f63   Thumb Code    58  usbd_core.o(i.USBD_RegisterClass)
    USBD_SetClassConfig                      0x08003f9d   Thumb Code    20  usbd_core.o(i.USBD_SetClassConfig)
    USBD_Start                               0x08004069   Thumb Code     4  usbd_core.o(i.USBD_Start)
    USBD_StdDevReq                           0x0800406d   Thumb Code   300  usbd_ctlreq.o(i.USBD_StdDevReq)
    USBD_StdEPReq                            0x08004199   Thumb Code   352  usbd_ctlreq.o(i.USBD_StdEPReq)
    USBD_StdItfReq                           0x080042f9   Thumb Code   114  usbd_ctlreq.o(i.USBD_StdItfReq)
    USBD_static_free                         0x0800436b   Thumb Code     2  usbd_conf.o(i.USBD_static_free)
    USBD_static_malloc                       0x0800436d   Thumb Code     4  usbd_conf.o(i.USBD_static_malloc)
    USB_ActivateEndpoint                     0x08004375   Thumb Code   122  stm32f4xx_ll_usb.o(i.USB_ActivateEndpoint)
    USB_ActivateSetup                        0x080043f5   Thumb Code    28  stm32f4xx_ll_usb.o(i.USB_ActivateSetup)
    USB_CoreInit                             0x08004411   Thumb Code   126  stm32f4xx_ll_usb.o(i.USB_CoreInit)
    USB_DeactivateEndpoint                   0x080044d1   Thumb Code   198  stm32f4xx_ll_usb.o(i.USB_DeactivateEndpoint)
    USB_DevConnect                           0x080045a1   Thumb Code    28  stm32f4xx_ll_usb.o(i.USB_DevConnect)
    USB_DevDisconnect                        0x080045bd   Thumb Code    28  stm32f4xx_ll_usb.o(i.USB_DevDisconnect)
    USB_DevInit                              0x080045d9   Thumb Code   358  stm32f4xx_ll_usb.o(i.USB_DevInit)
    USB_DisableGlobalInt                     0x08004749   Thumb Code    12  stm32f4xx_ll_usb.o(i.USB_DisableGlobalInt)
    USB_EP0_OutStart                         0x08004755   Thumb Code    84  stm32f4xx_ll_usb.o(i.USB_EP0_OutStart)
    USB_EPClearStall                         0x080047ad   Thumb Code    88  stm32f4xx_ll_usb.o(i.USB_EPClearStall)
    USB_EPSetStall                           0x08004805   Thumb Code    88  stm32f4xx_ll_usb.o(i.USB_EPSetStall)
    USB_EPStartXfer                          0x0800485d   Thumb Code   562  stm32f4xx_ll_usb.o(i.USB_EPStartXfer)
    USB_EPStopXfer                           0x08004a95   Thumb Code   156  stm32f4xx_ll_usb.o(i.USB_EPStopXfer)
    USB_EnableGlobalInt                      0x08004b31   Thumb Code    12  stm32f4xx_ll_usb.o(i.USB_EnableGlobalInt)
    USB_FlushRxFifo                          0x08004b3d   Thumb Code    56  stm32f4xx_ll_usb.o(i.USB_FlushRxFifo)
    USB_FlushTxFifo                          0x08004b75   Thumb Code    60  stm32f4xx_ll_usb.o(i.USB_FlushTxFifo)
    USB_GetDevSpeed                          0x08004bb1   Thumb Code    26  stm32f4xx_ll_usb.o(i.USB_GetDevSpeed)
    USB_GetMode                              0x08004bcb   Thumb Code     8  stm32f4xx_ll_usb.o(i.USB_GetMode)
    USB_ReadDevAllInEpInterrupt              0x08004bd3   Thumb Code    14  stm32f4xx_ll_usb.o(i.USB_ReadDevAllInEpInterrupt)
    USB_ReadDevAllOutEpInterrupt             0x08004be1   Thumb Code    14  stm32f4xx_ll_usb.o(i.USB_ReadDevAllOutEpInterrupt)
    USB_ReadDevInEPInterrupt                 0x08004bef   Thumb Code    36  stm32f4xx_ll_usb.o(i.USB_ReadDevInEPInterrupt)
    USB_ReadDevOutEPInterrupt                0x08004c13   Thumb Code    16  stm32f4xx_ll_usb.o(i.USB_ReadDevOutEPInterrupt)
    USB_ReadInterrupts                       0x08004c23   Thumb Code     8  stm32f4xx_ll_usb.o(i.USB_ReadInterrupts)
    USB_ReadPacket                           0x08004c2b   Thumb Code    62  stm32f4xx_ll_usb.o(i.USB_ReadPacket)
    USB_SetCurrentMode                       0x08004c69   Thumb Code    92  stm32f4xx_ll_usb.o(i.USB_SetCurrentMode)
    USB_SetDevAddress                        0x08004cc5   Thumb Code    34  stm32f4xx_ll_usb.o(i.USB_SetDevAddress)
    USB_SetTurnaroundTime                    0x08004ce9   Thumb Code   158  stm32f4xx_ll_usb.o(i.USB_SetTurnaroundTime)
    USB_StopDevice                           0x08004dd1   Thumb Code    66  stm32f4xx_ll_usb.o(i.USB_StopDevice)
    USB_WritePacket                          0x08004e13   Thumb Code    38  stm32f4xx_ll_usb.o(i.USB_WritePacket)
    UsageFault_Handler                       0x08004e39   Thumb Code     2  stm32f4xx_it.o(i.UsageFault_Handler)
    _is_digit                                0x08004e5b   Thumb Code    14  __printf_wp.o(i._is_digit)
    _sys_exit                                0x08004e69   Thumb Code     2  retarget.o(i._sys_exit)
    bootloader_main                          0x08004e6d   Thumb Code   114  bootloader.o(i.bootloader_main)
    ferror                                   0x08004f95   Thumb Code     6  retarget.o(i.ferror)
    flash_port_erase                         0x08004f9b   Thumb Code    96  flash_port.o(i.flash_port_erase)
    flash_port_write                         0x08004ffb   Thumb Code    66  flash_port.o(i.flash_port_write)
    fputc                                    0x0800503d   Thumb Code     4  retarget.o(i.fputc)
    iap_jump                                 0x08005041   Thumb Code   110  bootloader.o(i.iap_jump)
    main                                     0x08005121   Thumb Code    66  main.o(i.main)
    sendchar                                 0x0800519d   Thumb Code    20  main.o(i.sendchar)
    usb_stop                                 0x0800527d   Thumb Code     6  main.o(i.usb_stop)
    _fp_init                                 0x08005289   Thumb Code    10  fpinit.o(x$fpl$fpinit)
    __fplib_config_fpu_vfp                   0x08005291   Thumb Code     0  fpinit.o(x$fpl$fpinit)
    __fplib_config_pureend_doubles           0x08005291   Thumb Code     0  fpinit.o(x$fpl$fpinit)
    STORAGE_Inquirydata_FS                   0x080052b0   Data          36  usbd_storage_if.o(.constdata)
    AHBPrescTable                            0x080052e5   Data          16  system_stm32f4xx.o(.constdata)
    APBPrescTable                            0x080052f5   Data           8  system_stm32f4xx.o(.constdata)
    Region$$Table$$Base                      0x08005338   Number         0  anon$$obj.o(Region$$Table)
    Region$$Table$$Limit                     0x08005358   Number         0  anon$$obj.o(Region$$Table)
    __stdout                                 0x20000000   Data           4  retarget.o(.data)
    boot_flag                                0x20000004   Data           4  bootloader.o(.data)
    reset_handler                            0x20000008   Data           4  bootloader.o(.data)
    FS_Desc                                  0x2000000c   Data          28  usbd_desc.o(.data)
    USBD_LangIDDesc                          0x20000028   Data           4  usbd_desc.o(.data)
    USBD_FS_DeviceDesc                       0x2000002c   Data          18  usbd_desc.o(.data)
    USBD_StringSerial                        0x20000040   Data          26  usbd_desc.o(.data)
    buffer                                   0x20000068   Data       65536  usbd_storage_if.o(.data)
    USBD_Storage_Interface_fops_FS           0x20010068   Data          32  usbd_storage_if.o(.data)
    uwTickFreq                               0x20010088   Data           1  stm32f4xx_hal.o(.data)
    uwTickPrio                               0x2001008c   Data           4  stm32f4xx_hal.o(.data)
    uwTick                                   0x20010090   Data           4  stm32f4xx_hal.o(.data)
    SystemCoreClock                          0x20010094   Data           4  system_stm32f4xx.o(.data)
    USBD_MSC                                 0x2001009c   Data          56  usbd_msc.o(.data)
    MSCInEpAdd                               0x200100d4   Data           1  usbd_msc.o(.data)
    MSCOutEpAdd                              0x200100d5   Data           1  usbd_msc.o(.data)
    MSC_Page00_Inquiry_Data                  0x20010102   Data           6  usbd_msc_data.o(.data)
    MSC_Page80_Inquiry_Data                  0x20010108   Data           8  usbd_msc_data.o(.data)
    MSC_Mode_Sense6_data                     0x20010110   Data           4  usbd_msc_data.o(.data)
    MSC_Mode_Sense10_data                    0x20010114   Data           8  usbd_msc_data.o(.data)
    huart1                                   0x2001011c   Data          72  usart.o(.bss)
    hUsbDeviceFS                             0x20010164   Data         732  usb_device.o(.bss)
    USBD_StrDesc                             0x20010440   Data         512  usbd_desc.o(.bss)
    hpcd_USB_OTG_FS                          0x200108b8   Data        1252  usbd_conf.o(.bss)
    pFlash                                   0x20010d9c   Data          32  stm32f4xx_hal_flash.o(.bss)
    __libspace_start                         0x20010dbc   Data          96  libspace.o(.bss)
    __temporary_stack_top$libspace           0x20010e1c   Data           0  libspace.o(.bss)



==============================================================================

Memory Map of the image

  Image Entry point : 0x08000189

  Load Region LR_IROM1 (Base: 0x08000000, Size: 0x00015474, Max: 0x00010000, ABSOLUTE, COMPRESSED[0x000057f4])

    Execution Region ER_IROM1 (Exec base: 0x08000000, Load base: 0x08000000, Size: 0x00005358, Max: 0x00010000, ABSOLUTE)

    Exec Addr    Load Addr    Size         Type   Attr      Idx    E Section Name        Object

    0x08000000   0x08000000   0x00000188   Data   RO            3    RESET               startup_stm32f407xx.o
    0x08000188   0x08000188   0x00000008   Code   RO         3778  * !!!main             c_w.l(__main.o)
    0x08000190   0x08000190   0x00000034   Code   RO         3956    !!!scatter          c_w.l(__scatter.o)
    0x080001c4   0x080001c4   0x0000005a   Code   RO         3954    !!dczerorl2         c_w.l(__dczerorl2.o)
    0x0800021e   0x0800021e   0x00000002   PAD
    0x08000220   0x08000220   0x0000001c   Code   RO         3958    !!handler_zi        c_w.l(__scatter_zi.o)
    0x0800023c   0x0800023c   0x00000000   Code   RO         3771    .ARM.Collect$$_printf_percent$$00000000  c_w.l(_printf_percent.o)
    0x0800023c   0x0800023c   0x00000006   Code   RO         3770    .ARM.Collect$$_printf_percent$$00000009  c_w.l(_printf_d.o)
    0x08000242   0x08000242   0x00000006   Code   RO         3769    .ARM.Collect$$_printf_percent$$0000000C  c_w.l(_printf_x.o)
    0x08000248   0x08000248   0x00000006   Code   RO         3768    .ARM.Collect$$_printf_percent$$00000014  c_w.l(_printf_s.o)
    0x0800024e   0x0800024e   0x00000004   Code   RO         3791    .ARM.Collect$$_printf_percent$$00000017  c_w.l(_printf_percent_end.o)
    0x08000252   0x08000252   0x00000002   Code   RO         3828    .ARM.Collect$$libinit$$00000000  c_w.l(libinit.o)
    0x08000254   0x08000254   0x00000004   Code   RO         3840    .ARM.Collect$$libinit$$00000001  c_w.l(libinit2.o)
    0x08000258   0x08000258   0x00000000   Code   RO         3843    .ARM.Collect$$libinit$$00000004  c_w.l(libinit2.o)
    0x08000258   0x08000258   0x00000000   Code   RO         3846    .ARM.Collect$$libinit$$0000000A  c_w.l(libinit2.o)
    0x08000258   0x08000258   0x00000000   Code   RO         3848    .ARM.Collect$$libinit$$0000000C  c_w.l(libinit2.o)
    0x08000258   0x08000258   0x00000000   Code   RO         3850    .ARM.Collect$$libinit$$0000000E  c_w.l(libinit2.o)
    0x08000258   0x08000258   0x00000000   Code   RO         3853    .ARM.Collect$$libinit$$00000011  c_w.l(libinit2.o)
    0x08000258   0x08000258   0x00000000   Code   RO         3855    .ARM.Collect$$libinit$$00000013  c_w.l(libinit2.o)
    0x08000258   0x08000258   0x00000000   Code   RO         3857    .ARM.Collect$$libinit$$00000015  c_w.l(libinit2.o)
    0x08000258   0x08000258   0x00000000   Code   RO         3859    .ARM.Collect$$libinit$$00000017  c_w.l(libinit2.o)
    0x08000258   0x08000258   0x00000000   Code   RO         3861    .ARM.Collect$$libinit$$00000019  c_w.l(libinit2.o)
    0x08000258   0x08000258   0x00000000   Code   RO         3863    .ARM.Collect$$libinit$$0000001B  c_w.l(libinit2.o)
    0x08000258   0x08000258   0x00000000   Code   RO         3865    .ARM.Collect$$libinit$$0000001D  c_w.l(libinit2.o)
    0x08000258   0x08000258   0x00000000   Code   RO         3867    .ARM.Collect$$libinit$$0000001F  c_w.l(libinit2.o)
    0x08000258   0x08000258   0x00000000   Code   RO         3869    .ARM.Collect$$libinit$$00000021  c_w.l(libinit2.o)
    0x08000258   0x08000258   0x00000000   Code   RO         3871    .ARM.Collect$$libinit$$00000023  c_w.l(libinit2.o)
    0x08000258   0x08000258   0x00000000   Code   RO         3873    .ARM.Collect$$libinit$$00000025  c_w.l(libinit2.o)
    0x08000258   0x08000258   0x00000000   Code   RO         3877    .ARM.Collect$$libinit$$0000002C  c_w.l(libinit2.o)
    0x08000258   0x08000258   0x00000000   Code   RO         3879    .ARM.Collect$$libinit$$0000002E  c_w.l(libinit2.o)
    0x08000258   0x08000258   0x00000000   Code   RO         3881    .ARM.Collect$$libinit$$00000030  c_w.l(libinit2.o)
    0x08000258   0x08000258   0x00000000   Code   RO         3883    .ARM.Collect$$libinit$$00000032  c_w.l(libinit2.o)
    0x08000258   0x08000258   0x00000002   Code   RO         3884    .ARM.Collect$$libinit$$00000033  c_w.l(libinit2.o)
    0x0800025a   0x0800025a   0x00000002   Code   RO         3908    .ARM.Collect$$libshutdown$$00000000  c_w.l(libshutdown.o)
    0x0800025c   0x0800025c   0x00000000   Code   RO         3934    .ARM.Collect$$libshutdown$$00000002  c_w.l(libshutdown2.o)
    0x0800025c   0x0800025c   0x00000000   Code   RO         3936    .ARM.Collect$$libshutdown$$00000004  c_w.l(libshutdown2.o)
    0x0800025c   0x0800025c   0x00000000   Code   RO         3938    .ARM.Collect$$libshutdown$$00000006  c_w.l(libshutdown2.o)
    0x0800025c   0x0800025c   0x00000000   Code   RO         3941    .ARM.Collect$$libshutdown$$00000009  c_w.l(libshutdown2.o)
    0x0800025c   0x0800025c   0x00000000   Code   RO         3944    .ARM.Collect$$libshutdown$$0000000C  c_w.l(libshutdown2.o)
    0x0800025c   0x0800025c   0x00000000   Code   RO         3946    .ARM.Collect$$libshutdown$$0000000E  c_w.l(libshutdown2.o)
    0x0800025c   0x0800025c   0x00000000   Code   RO         3949    .ARM.Collect$$libshutdown$$00000011  c_w.l(libshutdown2.o)
    0x0800025c   0x0800025c   0x00000002   Code   RO         3950    .ARM.Collect$$libshutdown$$00000012  c_w.l(libshutdown2.o)
    0x0800025e   0x0800025e   0x00000000   Code   RO         3780    .ARM.Collect$$rtentry$$00000000  c_w.l(__rtentry.o)
    0x0800025e   0x0800025e   0x00000000   Code   RO         3795    .ARM.Collect$$rtentry$$00000002  c_w.l(__rtentry2.o)
    0x0800025e   0x0800025e   0x00000006   Code   RO         3807    .ARM.Collect$$rtentry$$00000004  c_w.l(__rtentry4.o)
    0x08000264   0x08000264   0x00000000   Code   RO         3797    .ARM.Collect$$rtentry$$00000009  c_w.l(__rtentry2.o)
    0x08000264   0x08000264   0x00000004   Code   RO         3798    .ARM.Collect$$rtentry$$0000000A  c_w.l(__rtentry2.o)
    0x08000268   0x08000268   0x00000000   Code   RO         3800    .ARM.Collect$$rtentry$$0000000C  c_w.l(__rtentry2.o)
    0x08000268   0x08000268   0x00000008   Code   RO         3801    .ARM.Collect$$rtentry$$0000000D  c_w.l(__rtentry2.o)
    0x08000270   0x08000270   0x00000002   Code   RO         3832    .ARM.Collect$$rtexit$$00000000  c_w.l(rtexit.o)
    0x08000272   0x08000272   0x00000000   Code   RO         3886    .ARM.Collect$$rtexit$$00000002  c_w.l(rtexit2.o)
    0x08000272   0x08000272   0x00000004   Code   RO         3887    .ARM.Collect$$rtexit$$00000003  c_w.l(rtexit2.o)
    0x08000276   0x08000276   0x00000006   Code   RO         3888    .ARM.Collect$$rtexit$$00000004  c_w.l(rtexit2.o)
    0x0800027c   0x0800027c   0x00000006   Code   RO          441    .emb_text           bootloader.o
    0x08000282   0x08000282   0x00000002   PAD
    0x08000284   0x08000284   0x00000040   Code   RO            4    .text               startup_stm32f407xx.o
    0x080002c4   0x080002c4   0x00000002   Code   RO         3711    .text               c_w.l(use_no_semi.o)
    0x080002c6   0x080002c6   0x000000ee   Code   RO         3713    .text               c_w.l(lludivv7m.o)
    0x080003b4   0x080003b4   0x00000018   Code   RO         3717    .text               c_w.l(noretval__2printf.o)
    0x080003cc   0x080003cc   0x00000052   Code   RO         3723    .text               c_w.l(_printf_str.o)
    0x0800041e   0x0800041e   0x00000002   PAD
    0x08000420   0x08000420   0x00000078   Code   RO         3725    .text               c_w.l(_printf_dec.o)
    0x08000498   0x08000498   0x00000058   Code   RO         3730    .text               c_w.l(_printf_hex_int.o)
    0x080004f0   0x080004f0   0x00000138   Code   RO         3760    .text               c_w.l(__printf_flags_wp.o)
    0x08000628   0x08000628   0x0000008a   Code   RO         3772    .text               c_w.l(rt_memcpy_v6.o)
    0x080006b2   0x080006b2   0x0000004e   Code   RO         3774    .text               c_w.l(rt_memclr_w.o)
    0x08000700   0x08000700   0x00000006   Code   RO         3776    .text               c_w.l(heapauxi.o)
    0x08000706   0x08000706   0x000000b2   Code   RO         3785    .text               c_w.l(_printf_intcommon.o)
    0x080007b8   0x080007b8   0x0000002c   Code   RO         3787    .text               c_w.l(_printf_char.o)
    0x080007e4   0x080007e4   0x00000024   Code   RO         3789    .text               c_w.l(_printf_char_file.o)
    0x08000808   0x08000808   0x00000064   Code   RO         3792    .text               c_w.l(rt_memcpy_w.o)
    0x0800086c   0x0800086c   0x00000030   Code   RO         3811    .text               c_w.l(_printf_char_common.o)
    0x0800089c   0x0800089c   0x0000004a   Code   RO         3813    .text               c_w.l(sys_stackheap_outer.o)
    0x080008e6   0x080008e6   0x00000012   Code   RO         3817    .text               c_w.l(exit.o)
    0x080008f8   0x080008f8   0x00000008   Code   RO         3829    .text               c_w.l(libspace.o)
    0x08000900   0x08000900   0x00000002   Code   RO          281    i.BusFault_Handler  stm32f4xx_it.o
    0x08000902   0x08000902   0x00000002   Code   RO          282    i.DebugMon_Handler  stm32f4xx_it.o
    0x08000904   0x08000904   0x00000004   Code   RO           13    i.Error_Handler     main.o
    0x08000908   0x08000908   0x00000050   Code   RO         1814    i.FLASH_Erase_Sector  stm32f4xx_hal_flash_ex.o
    0x08000958   0x08000958   0x00000020   Code   RO         1696    i.FLASH_Program_Byte  stm32f4xx_hal_flash.o
    0x08000978   0x08000978   0x0000002c   Code   RO         1697    i.FLASH_Program_DoubleWord  stm32f4xx_hal_flash.o
    0x080009a4   0x080009a4   0x00000024   Code   RO         1698    i.FLASH_Program_HalfWord  stm32f4xx_hal_flash.o
    0x080009c8   0x080009c8   0x00000024   Code   RO         1699    i.FLASH_Program_Word  stm32f4xx_hal_flash.o
    0x080009ec   0x080009ec   0x00000068   Code   RO         1700    i.FLASH_SetErrorCode  stm32f4xx_hal_flash.o
    0x08000a54   0x08000a54   0x00000050   Code   RO         1701    i.FLASH_WaitForLastOperation  stm32f4xx_hal_flash.o
    0x08000aa4   0x08000aa4   0x00000024   Code   RO         2439    i.HAL_Delay         stm32f4xx_hal.o
    0x08000ac8   0x08000ac8   0x00000014   Code   RO         1705    i.HAL_FLASH_Lock    stm32f4xx_hal_flash.o
    0x08000adc   0x08000adc   0x0000007c   Code   RO         1710    i.HAL_FLASH_Program  stm32f4xx_hal_flash.o
    0x08000b58   0x08000b58   0x0000002c   Code   RO         1712    i.HAL_FLASH_Unlock  stm32f4xx_hal_flash.o
    0x08000b84   0x08000b84   0x00000120   Code   RO         1892    i.HAL_GPIO_DeInit   stm32f4xx_hal_gpio.o
    0x08000ca4   0x08000ca4   0x000001d0   Code   RO         1895    i.HAL_GPIO_Init     stm32f4xx_hal_gpio.o
    0x08000e74   0x08000e74   0x0000000c   Code   RO         2445    i.HAL_GetTick       stm32f4xx_hal.o
    0x08000e80   0x08000e80   0x00000010   Code   RO         2451    i.HAL_IncTick       stm32f4xx_hal.o
    0x08000e90   0x08000e90   0x00000034   Code   RO         2452    i.HAL_Init          stm32f4xx_hal.o
    0x08000ec4   0x08000ec4   0x00000040   Code   RO         2453    i.HAL_InitTick      stm32f4xx_hal.o
    0x08000f04   0x08000f04   0x00000030   Code   RO          363    i.HAL_MspInit       stm32f4xx_hal_msp.o
    0x08000f34   0x08000f34   0x00000022   Code   RO         2286    i.HAL_NVIC_DisableIRQ  stm32f4xx_hal_cortex.o
    0x08000f56   0x08000f56   0x0000001a   Code   RO         2287    i.HAL_NVIC_EnableIRQ  stm32f4xx_hal_cortex.o
    0x08000f70   0x08000f70   0x00000040   Code   RO         2293    i.HAL_NVIC_SetPriority  stm32f4xx_hal_cortex.o
    0x08000fb0   0x08000fb0   0x00000024   Code   RO         2294    i.HAL_NVIC_SetPriorityGrouping  stm32f4xx_hal_cortex.o
    0x08000fd4   0x08000fd4   0x00000002   Code   RO         1194    i.HAL_PCDEx_LPM_Callback  stm32f4xx_hal_pcd_ex.o
    0x08000fd6   0x08000fd6   0x00000008   Code   RO         1195    i.HAL_PCDEx_SetRxFiFo  stm32f4xx_hal_pcd_ex.o
    0x08000fde   0x08000fde   0x00000044   Code   RO         1196    i.HAL_PCDEx_SetTxFiFo  stm32f4xx_hal_pcd_ex.o
    0x08001022   0x08001022   0x00000008   Code   RO          748    i.HAL_PCD_ConnectCallback  usbd_conf.o
    0x0800102a   0x0800102a   0x00000012   Code   RO          749    i.HAL_PCD_DataInStageCallback  usbd_conf.o
    0x0800103c   0x0800103c   0x00000014   Code   RO          750    i.HAL_PCD_DataOutStageCallback  usbd_conf.o
    0x08001050   0x08001050   0x00000026   Code   RO          960    i.HAL_PCD_DeInit    stm32f4xx_hal_pcd.o
    0x08001076   0x08001076   0x00000008   Code   RO          751    i.HAL_PCD_DisconnectCallback  usbd_conf.o
    0x0800107e   0x0800107e   0x0000001e   Code   RO          964    i.HAL_PCD_EP_Abort  stm32f4xx_hal_pcd.o
    0x0800109c   0x0800109c   0x0000004a   Code   RO          965    i.HAL_PCD_EP_Close  stm32f4xx_hal_pcd.o
    0x080010e6   0x080010e6   0x0000005a   Code   RO          966    i.HAL_PCD_EP_ClrStall  stm32f4xx_hal_pcd.o
    0x08001140   0x08001140   0x00000034   Code   RO          967    i.HAL_PCD_EP_Flush  stm32f4xx_hal_pcd.o
    0x08001174   0x08001174   0x00000012   Code   RO          968    i.HAL_PCD_EP_GetRxCount  stm32f4xx_hal_pcd.o
    0x08001186   0x08001186   0x00000062   Code   RO          969    i.HAL_PCD_EP_Open   stm32f4xx_hal_pcd.o
    0x080011e8   0x080011e8   0x00000038   Code   RO          970    i.HAL_PCD_EP_Receive  stm32f4xx_hal_pcd.o
    0x08001220   0x08001220   0x00000072   Code   RO          971    i.HAL_PCD_EP_SetStall  stm32f4xx_hal_pcd.o
    0x08001292   0x08001292   0x00000032   Code   RO          972    i.HAL_PCD_EP_Transmit  stm32f4xx_hal_pcd.o
    0x080012c4   0x080012c4   0x0000054c   Code   RO          974    i.HAL_PCD_IRQHandler  stm32f4xx_hal_pcd.o
    0x08001810   0x08001810   0x00000008   Code   RO          752    i.HAL_PCD_ISOINIncompleteCallback  usbd_conf.o
    0x08001818   0x08001818   0x00000008   Code   RO          753    i.HAL_PCD_ISOOUTIncompleteCallback  usbd_conf.o
    0x08001820   0x08001820   0x000000ca   Code   RO          977    i.HAL_PCD_Init      stm32f4xx_hal_pcd.o
    0x080018ea   0x080018ea   0x00000002   PAD
    0x080018ec   0x080018ec   0x00000034   Code   RO          754    i.HAL_PCD_MspDeInit  usbd_conf.o
    0x08001920   0x08001920   0x00000084   Code   RO          755    i.HAL_PCD_MspInit   usbd_conf.o
    0x080019a4   0x080019a4   0x0000002c   Code   RO          756    i.HAL_PCD_ResetCallback  usbd_conf.o
    0x080019d0   0x080019d0   0x00000008   Code   RO          757    i.HAL_PCD_ResumeCallback  usbd_conf.o
    0x080019d8   0x080019d8   0x00000008   Code   RO          758    i.HAL_PCD_SOFCallback  usbd_conf.o
    0x080019e0   0x080019e0   0x00000026   Code   RO          983    i.HAL_PCD_SetAddress  stm32f4xx_hal_pcd.o
    0x08001a06   0x08001a06   0x0000000e   Code   RO          759    i.HAL_PCD_SetupStageCallback  usbd_conf.o
    0x08001a14   0x08001a14   0x00000042   Code   RO          986    i.HAL_PCD_Start     stm32f4xx_hal_pcd.o
    0x08001a56   0x08001a56   0x0000004a   Code   RO          987    i.HAL_PCD_Stop      stm32f4xx_hal_pcd.o
    0x08001aa0   0x08001aa0   0x00000030   Code   RO          760    i.HAL_PCD_SuspendCallback  usbd_conf.o
    0x08001ad0   0x08001ad0   0x00000134   Code   RO         1541    i.HAL_RCC_ClockConfig  stm32f4xx_hal_rcc.o
    0x08001c04   0x08001c04   0x0000000c   Code   RO         1546    i.HAL_RCC_GetHCLKFreq  stm32f4xx_hal_rcc.o
    0x08001c10   0x08001c10   0x00000020   Code   RO         1548    i.HAL_RCC_GetPCLK1Freq  stm32f4xx_hal_rcc.o
    0x08001c30   0x08001c30   0x00000020   Code   RO         1549    i.HAL_RCC_GetPCLK2Freq  stm32f4xx_hal_rcc.o
    0x08001c50   0x08001c50   0x00000060   Code   RO         1550    i.HAL_RCC_GetSysClockFreq  stm32f4xx_hal_rcc.o
    0x08001cb0   0x08001cb0   0x00000358   Code   RO         1553    i.HAL_RCC_OscConfig  stm32f4xx_hal_rcc.o
    0x08002008   0x08002008   0x00000028   Code   RO         2298    i.HAL_SYSTICK_Config  stm32f4xx_hal_cortex.o
    0x08002030   0x08002030   0x00000064   Code   RO         2756    i.HAL_UART_Init     stm32f4xx_hal_uart.o
    0x08002094   0x08002094   0x0000006c   Code   RO          240    i.HAL_UART_MspInit  usart.o
    0x08002100   0x08002100   0x000000a0   Code   RO         2764    i.HAL_UART_Transmit  stm32f4xx_hal_uart.o
    0x080021a0   0x080021a0   0x00000002   Code   RO          283    i.HardFault_Handler  stm32f4xx_it.o
    0x080021a2   0x080021a2   0x00000036   Code   RO          599    i.IntToUnicode      usbd_desc.o
    0x080021d8   0x080021d8   0x00000060   Code   RO         3509    i.MSC_BOT_Abort     usbd_msc_bot.o
    0x08002238   0x08002238   0x000000f0   Code   RO         3510    i.MSC_BOT_CBW_Decode  usbd_msc_bot.o
    0x08002328   0x08002328   0x00000050   Code   RO         3511    i.MSC_BOT_CplClrFeature  usbd_msc_bot.o
    0x08002378   0x08002378   0x00000046   Code   RO         3512    i.MSC_BOT_DataIn    usbd_msc_bot.o
    0x080023be   0x080023be   0x00000046   Code   RO         3513    i.MSC_BOT_DataOut   usbd_msc_bot.o
    0x08002404   0x08002404   0x00000016   Code   RO         3514    i.MSC_BOT_DeInit    usbd_msc_bot.o
    0x0800241a   0x0800241a   0x00000002   PAD
    0x0800241c   0x0800241c   0x00000068   Code   RO         3515    i.MSC_BOT_Init      usbd_msc_bot.o
    0x08002484   0x08002484   0x0000004c   Code   RO         3516    i.MSC_BOT_Reset     usbd_msc_bot.o
    0x080024d0   0x080024d0   0x00000054   Code   RO         3517    i.MSC_BOT_SendCSW   usbd_msc_bot.o
    0x08002524   0x08002524   0x0000002c   Code   RO          215    i.MX_GPIO_Init      gpio.o
    0x08002550   0x08002550   0x00000038   Code   RO          241    i.MX_USART1_UART_Init  usart.o
    0x08002588   0x08002588   0x00000054   Code   RO          554    i.MX_USB_DEVICE_Init  usb_device.o
    0x080025dc   0x080025dc   0x00000002   Code   RO          284    i.MemManage_Handler  stm32f4xx_it.o
    0x080025de   0x080025de   0x00000002   Code   RO          285    i.NMI_Handler       stm32f4xx_it.o
    0x080025e0   0x080025e0   0x0000000c   Code   RO          286    i.OTG_FS_IRQHandler  stm32f4xx_it.o
    0x080025ec   0x080025ec   0x000000cc   Code   RO          990    i.PCD_EP_OutXfrComplete_int  stm32f4xx_hal_pcd.o
    0x080026b8   0x080026b8   0x00000098   Code   RO          991    i.PCD_WriteEmptyTxFifo  stm32f4xx_hal_pcd.o
    0x08002750   0x08002750   0x00000002   Code   RO          287    i.PendSV_Handler    stm32f4xx_it.o
    0x08002752   0x08002752   0x0000002e   Code   RO         3607    i.SCSI_CheckAddressRange  usbd_msc_scsi.o
    0x08002780   0x08002780   0x0000007c   Code   RO         3608    i.SCSI_Inquiry      usbd_msc_scsi.o
    0x080027fc   0x080027fc   0x000001b0   Code   RO         3609    i.SCSI_ProcessCmd   usbd_msc_scsi.o
    0x080029ac   0x080029ac   0x000000a8   Code   RO         3610    i.SCSI_ProcessRead  usbd_msc_scsi.o
    0x08002a54   0x08002a54   0x000000b4   Code   RO         3611    i.SCSI_ProcessWrite  usbd_msc_scsi.o
    0x08002b08   0x08002b08   0x000000ae   Code   RO         3612    i.SCSI_Read10       usbd_msc_scsi.o
    0x08002bb6   0x08002bb6   0x000000b8   Code   RO         3613    i.SCSI_Read12       usbd_msc_scsi.o
    0x08002c6e   0x08002c6e   0x00000076   Code   RO         3614    i.SCSI_ReadCapacity10  usbd_msc_scsi.o
    0x08002ce4   0x08002ce4   0x000000a8   Code   RO         3615    i.SCSI_ReadCapacity16  usbd_msc_scsi.o
    0x08002d8c   0x08002d8c   0x00000086   Code   RO         3616    i.SCSI_ReadFormatCapacity  usbd_msc_scsi.o
    0x08002e12   0x08002e12   0x00000088   Code   RO         3617    i.SCSI_RequestSense  usbd_msc_scsi.o
    0x08002e9a   0x08002e9a   0x0000004c   Code   RO         3618    i.SCSI_SenseCode    usbd_msc_scsi.o
    0x08002ee6   0x08002ee6   0x00000060   Code   RO         3619    i.SCSI_TestUnitReady  usbd_msc_scsi.o
    0x08002f46   0x08002f46   0x00000020   Code   RO         3620    i.SCSI_UpdateBotData  usbd_msc_scsi.o
    0x08002f66   0x08002f66   0x00000002   PAD
    0x08002f68   0x08002f68   0x000000e4   Code   RO         3621    i.SCSI_Write10      usbd_msc_scsi.o
    0x0800304c   0x0800304c   0x000000f0   Code   RO         3622    i.SCSI_Write12      usbd_msc_scsi.o
    0x0800313c   0x0800313c   0x0000000c   Code   RO          685    i.STORAGE_GetCapacity_FS  usbd_storage_if.o
    0x08003148   0x08003148   0x00000004   Code   RO          686    i.STORAGE_GetMaxLun_FS  usbd_storage_if.o
    0x0800314c   0x0800314c   0x00000004   Code   RO          687    i.STORAGE_Init_FS   usbd_storage_if.o
    0x08003150   0x08003150   0x00000004   Code   RO          688    i.STORAGE_IsReady_FS  usbd_storage_if.o
    0x08003154   0x08003154   0x00000004   Code   RO          689    i.STORAGE_IsWriteProtected_FS  usbd_storage_if.o
    0x08003158   0x08003158   0x0000001c   Code   RO          690    i.STORAGE_Read_FS   usbd_storage_if.o
    0x08003174   0x08003174   0x000000e4   Code   RO          691    i.STORAGE_Write_FS  usbd_storage_if.o
    0x08003258   0x08003258   0x00000002   Code   RO          288    i.SVC_Handler       stm32f4xx_it.o
    0x0800325a   0x0800325a   0x0000000a   Code   RO         3286    i.SWAPBYTE          usbd_ctlreq.o
    0x08003264   0x08003264   0x00000004   Code   RO          289    i.SysTick_Handler   stm32f4xx_it.o
    0x08003268   0x08003268   0x00000094   Code   RO           14    i.SystemClock_Config  main.o
    0x080032fc   0x080032fc   0x0000001c   Code   RO         3090    i.SystemInit        system_stm32f4xx.o
    0x08003318   0x08003318   0x0000004e   Code   RO         2779    i.UART_EndRxTransfer  stm32f4xx_hal_uart.o
    0x08003366   0x08003366   0x00000002   PAD
    0x08003368   0x08003368   0x0000010c   Code   RO         2782    i.UART_SetConfig    stm32f4xx_hal_uart.o
    0x08003474   0x08003474   0x00000070   Code   RO         2785    i.UART_WaitOnFlagUntilTimeout  stm32f4xx_hal_uart.o
    0x080034e4   0x080034e4   0x00000014   Code   RO         3127    i.USBD_ClrClassConfig  usbd_core.o
    0x080034f8   0x080034f8   0x00000004   Code   RO         3128    i.USBD_CoreFindEP   usbd_core.o
    0x080034fc   0x080034fc   0x00000004   Code   RO         3129    i.USBD_CoreFindIF   usbd_core.o
    0x08003500   0x08003500   0x00000010   Code   RO         3364    i.USBD_CtlContinueRx  usbd_ioreq.o
    0x08003510   0x08003510   0x00000010   Code   RO         3365    i.USBD_CtlContinueSendData  usbd_ioreq.o
    0x08003520   0x08003520   0x00000016   Code   RO         3287    i.USBD_CtlError     usbd_ctlreq.o
    0x08003536   0x08003536   0x00000016   Code   RO         3367    i.USBD_CtlReceiveStatus  usbd_ioreq.o
    0x0800354c   0x0800354c   0x0000001a   Code   RO         3368    i.USBD_CtlSendData  usbd_ioreq.o
    0x08003566   0x08003566   0x00000016   Code   RO         3369    i.USBD_CtlSendStatus  usbd_ioreq.o
    0x0800357c   0x0800357c   0x00000034   Code   RO         3130    i.USBD_DeInit       usbd_core.o
    0x080035b0   0x080035b0   0x00000020   Code   RO          600    i.USBD_FS_ConfigStrDescriptor  usbd_desc.o
    0x080035d0   0x080035d0   0x0000000c   Code   RO          601    i.USBD_FS_DeviceDescriptor  usbd_desc.o
    0x080035dc   0x080035dc   0x00000024   Code   RO          602    i.USBD_FS_InterfaceStrDescriptor  usbd_desc.o
    0x08003600   0x08003600   0x0000000c   Code   RO          603    i.USBD_FS_LangIDStrDescriptor  usbd_desc.o
    0x0800360c   0x0800360c   0x00000028   Code   RO          604    i.USBD_FS_ManufacturerStrDescriptor  usbd_desc.o
    0x08003634   0x08003634   0x00000028   Code   RO          605    i.USBD_FS_ProductStrDescriptor  usbd_desc.o
    0x0800365c   0x0800365c   0x00000038   Code   RO          606    i.USBD_FS_SerialStrDescriptor  usbd_desc.o
    0x08003694   0x08003694   0x000000e6   Code   RO         3288    i.USBD_GetDescriptor  usbd_ctlreq.o
    0x0800377a   0x0800377a   0x0000003a   Code   RO         3131    i.USBD_GetEpDesc    usbd_core.o
    0x080037b4   0x080037b4   0x00000014   Code   RO         3289    i.USBD_GetLen       usbd_ctlreq.o
    0x080037c8   0x080037c8   0x0000000e   Code   RO         3132    i.USBD_GetNextDesc  usbd_core.o
    0x080037d6   0x080037d6   0x0000004e   Code   RO         3290    i.USBD_GetString    usbd_ctlreq.o
    0x08003824   0x08003824   0x00000018   Code   RO          761    i.USBD_Get_USB_Status  usbd_conf.o
    0x0800383c   0x0800383c   0x00000026   Code   RO         3133    i.USBD_Init         usbd_core.o
    0x08003862   0x08003862   0x00000012   Code   RO          762    i.USBD_LL_ClearStallEP  usbd_conf.o
    0x08003874   0x08003874   0x00000012   Code   RO          763    i.USBD_LL_CloseEP   usbd_conf.o
    0x08003886   0x08003886   0x000000b2   Code   RO         3134    i.USBD_LL_DataInStage  usbd_core.o
    0x08003938   0x08003938   0x00000096   Code   RO         3135    i.USBD_LL_DataOutStage  usbd_core.o
    0x080039ce   0x080039ce   0x00000012   Code   RO          764    i.USBD_LL_DeInit    usbd_conf.o
    0x080039e0   0x080039e0   0x00000004   Code   RO         3136    i.USBD_LL_DevConnected  usbd_core.o
    0x080039e4   0x080039e4   0x0000001e   Code   RO         3137    i.USBD_LL_DevDisconnected  usbd_core.o
    0x08003a02   0x08003a02   0x00000012   Code   RO          766    i.USBD_LL_FlushEP   usbd_conf.o
    0x08003a14   0x08003a14   0x00000008   Code   RO          767    i.USBD_LL_GetRxDataSize  usbd_conf.o
    0x08003a1c   0x08003a1c   0x00000060   Code   RO          768    i.USBD_LL_Init      usbd_conf.o
    0x08003a7c   0x08003a7c   0x0000001e   Code   RO          769    i.USBD_LL_IsStallEP  usbd_conf.o
    0x08003a9a   0x08003a9a   0x00000028   Code   RO         3138    i.USBD_LL_IsoINIncomplete  usbd_core.o
    0x08003ac2   0x08003ac2   0x00000028   Code   RO         3139    i.USBD_LL_IsoOUTIncomplete  usbd_core.o
    0x08003aea   0x08003aea   0x00000018   Code   RO          770    i.USBD_LL_OpenEP    usbd_conf.o
    0x08003b02   0x08003b02   0x00000012   Code   RO          771    i.USBD_LL_PrepareReceive  usbd_conf.o
    0x08003b14   0x08003b14   0x0000005c   Code   RO         3140    i.USBD_LL_Reset     usbd_core.o
    0x08003b70   0x08003b70   0x00000014   Code   RO         3141    i.USBD_LL_Resume    usbd_core.o
    0x08003b84   0x08003b84   0x0000001a   Code   RO         3142    i.USBD_LL_SOF       usbd_core.o
    0x08003b9e   0x08003b9e   0x00000006   Code   RO         3143    i.USBD_LL_SetSpeed  usbd_core.o
    0x08003ba4   0x08003ba4   0x00000012   Code   RO          772    i.USBD_LL_SetUSBAddress  usbd_conf.o
    0x08003bb6   0x08003bb6   0x00000060   Code   RO         3144    i.USBD_LL_SetupStage  usbd_core.o
    0x08003c16   0x08003c16   0x00000012   Code   RO          773    i.USBD_LL_StallEP   usbd_conf.o
    0x08003c28   0x08003c28   0x00000012   Code   RO          774    i.USBD_LL_Start     usbd_conf.o
    0x08003c3a   0x08003c3a   0x00000012   Code   RO          775    i.USBD_LL_Stop      usbd_conf.o
    0x08003c4c   0x08003c4c   0x0000001a   Code   RO         3145    i.USBD_LL_Suspend   usbd_core.o
    0x08003c66   0x08003c66   0x00000012   Code   RO          776    i.USBD_LL_Transmit  usbd_conf.o
    0x08003c78   0x08003c78   0x0000000a   Code   RO         3424    i.USBD_MSC_DataIn   usbd_msc.o
    0x08003c82   0x08003c82   0x0000000a   Code   RO         3425    i.USBD_MSC_DataOut  usbd_msc.o
    0x08003c8c   0x08003c8c   0x00000074   Code   RO         3426    i.USBD_MSC_DeInit   usbd_msc.o
    0x08003d00   0x08003d00   0x0000000c   Code   RO         3427    i.USBD_MSC_GetDeviceQualifierDescriptor  usbd_msc.o
    0x08003d0c   0x08003d0c   0x0000002c   Code   RO         3428    i.USBD_MSC_GetFSCfgDesc  usbd_msc.o
    0x08003d38   0x08003d38   0x00000030   Code   RO         3429    i.USBD_MSC_GetHSCfgDesc  usbd_msc.o
    0x08003d68   0x08003d68   0x0000002c   Code   RO         3430    i.USBD_MSC_GetOtherSpeedCfgDesc  usbd_msc.o
    0x08003d94   0x08003d94   0x000000ac   Code   RO         3431    i.USBD_MSC_Init     usbd_msc.o
    0x08003e40   0x08003e40   0x00000016   Code   RO         3432    i.USBD_MSC_RegisterStorage  usbd_msc.o
    0x08003e56   0x08003e56   0x000000dc   Code   RO         3433    i.USBD_MSC_Setup    usbd_msc.o
    0x08003f32   0x08003f32   0x00000030   Code   RO         3291    i.USBD_ParseSetupRequest  usbd_ctlreq.o
    0x08003f62   0x08003f62   0x0000003a   Code   RO         3146    i.USBD_RegisterClass  usbd_core.o
    0x08003f9c   0x08003f9c   0x00000014   Code   RO         3148    i.USBD_SetClassConfig  usbd_core.o
    0x08003fb0   0x08003fb0   0x000000b8   Code   RO         3292    i.USBD_SetConfig    usbd_ctlreq.o
    0x08004068   0x08004068   0x00000004   Code   RO         3149    i.USBD_Start        usbd_core.o
    0x0800406c   0x0800406c   0x0000012c   Code   RO         3293    i.USBD_StdDevReq    usbd_ctlreq.o
    0x08004198   0x08004198   0x00000160   Code   RO         3294    i.USBD_StdEPReq     usbd_ctlreq.o
    0x080042f8   0x080042f8   0x00000072   Code   RO         3295    i.USBD_StdItfReq    usbd_ctlreq.o
    0x0800436a   0x0800436a   0x00000002   Code   RO          777    i.USBD_static_free  usbd_conf.o
    0x0800436c   0x0800436c   0x00000008   Code   RO          778    i.USBD_static_malloc  usbd_conf.o
    0x08004374   0x08004374   0x00000080   Code   RO         1236    i.USB_ActivateEndpoint  stm32f4xx_ll_usb.o
    0x080043f4   0x080043f4   0x0000001c   Code   RO         1238    i.USB_ActivateSetup  stm32f4xx_ll_usb.o
    0x08004410   0x08004410   0x00000084   Code   RO         1240    i.USB_CoreInit      stm32f4xx_ll_usb.o
    0x08004494   0x08004494   0x0000003c   Code   RO         1241    i.USB_CoreReset     stm32f4xx_ll_usb.o
    0x080044d0   0x080044d0   0x000000d0   Code   RO         1244    i.USB_DeactivateEndpoint  stm32f4xx_ll_usb.o
    0x080045a0   0x080045a0   0x0000001c   Code   RO         1245    i.USB_DevConnect    stm32f4xx_ll_usb.o
    0x080045bc   0x080045bc   0x0000001c   Code   RO         1246    i.USB_DevDisconnect  stm32f4xx_ll_usb.o
    0x080045d8   0x080045d8   0x00000170   Code   RO         1247    i.USB_DevInit       stm32f4xx_ll_usb.o
    0x08004748   0x08004748   0x0000000c   Code   RO         1248    i.USB_DisableGlobalInt  stm32f4xx_ll_usb.o
    0x08004754   0x08004754   0x00000058   Code   RO         1251    i.USB_EP0_OutStart  stm32f4xx_ll_usb.o
    0x080047ac   0x080047ac   0x00000058   Code   RO         1252    i.USB_EPClearStall  stm32f4xx_ll_usb.o
    0x08004804   0x08004804   0x00000058   Code   RO         1253    i.USB_EPSetStall    stm32f4xx_ll_usb.o
    0x0800485c   0x0800485c   0x00000238   Code   RO         1254    i.USB_EPStartXfer   stm32f4xx_ll_usb.o
    0x08004a94   0x08004a94   0x0000009c   Code   RO         1255    i.USB_EPStopXfer    stm32f4xx_ll_usb.o
    0x08004b30   0x08004b30   0x0000000c   Code   RO         1256    i.USB_EnableGlobalInt  stm32f4xx_ll_usb.o
    0x08004b3c   0x08004b3c   0x00000038   Code   RO         1257    i.USB_FlushRxFifo   stm32f4xx_ll_usb.o
    0x08004b74   0x08004b74   0x0000003c   Code   RO         1258    i.USB_FlushTxFifo   stm32f4xx_ll_usb.o
    0x08004bb0   0x08004bb0   0x0000001a   Code   RO         1260    i.USB_GetDevSpeed   stm32f4xx_ll_usb.o
    0x08004bca   0x08004bca   0x00000008   Code   RO         1262    i.USB_GetMode       stm32f4xx_ll_usb.o
    0x08004bd2   0x08004bd2   0x0000000e   Code   RO         1270    i.USB_ReadDevAllInEpInterrupt  stm32f4xx_ll_usb.o
    0x08004be0   0x08004be0   0x0000000e   Code   RO         1271    i.USB_ReadDevAllOutEpInterrupt  stm32f4xx_ll_usb.o
    0x08004bee   0x08004bee   0x00000024   Code   RO         1272    i.USB_ReadDevInEPInterrupt  stm32f4xx_ll_usb.o
    0x08004c12   0x08004c12   0x00000010   Code   RO         1273    i.USB_ReadDevOutEPInterrupt  stm32f4xx_ll_usb.o
    0x08004c22   0x08004c22   0x00000008   Code   RO         1274    i.USB_ReadInterrupts  stm32f4xx_ll_usb.o
    0x08004c2a   0x08004c2a   0x0000003e   Code   RO         1275    i.USB_ReadPacket    stm32f4xx_ll_usb.o
    0x08004c68   0x08004c68   0x0000005c   Code   RO         1277    i.USB_SetCurrentMode  stm32f4xx_ll_usb.o
    0x08004cc4   0x08004cc4   0x00000022   Code   RO         1278    i.USB_SetDevAddress  stm32f4xx_ll_usb.o
    0x08004ce6   0x08004ce6   0x00000002   PAD
    0x08004ce8   0x08004ce8   0x000000e8   Code   RO         1280    i.USB_SetTurnaroundTime  stm32f4xx_ll_usb.o
    0x08004dd0   0x08004dd0   0x00000042   Code   RO         1281    i.USB_StopDevice    stm32f4xx_ll_usb.o
    0x08004e12   0x08004e12   0x00000026   Code   RO         1283    i.USB_WritePacket   stm32f4xx_ll_usb.o
    0x08004e38   0x08004e38   0x00000002   Code   RO          290    i.UsageFault_Handler  stm32f4xx_it.o
    0x08004e3a   0x08004e3a   0x00000020   Code   RO         2300    i.__NVIC_SetPriority  stm32f4xx_hal_cortex.o
    0x08004e5a   0x08004e5a   0x0000000e   Code   RO         3758    i._is_digit         c_w.l(__printf_wp.o)
    0x08004e68   0x08004e68   0x00000002   Code   RO          384    i._sys_exit         retarget.o
    0x08004e6a   0x08004e6a   0x00000002   PAD
    0x08004e6c   0x08004e6c   0x00000128   Code   RO          446    i.bootloader_main   bootloader.o
    0x08004f94   0x08004f94   0x00000006   Code   RO          386    i.ferror            retarget.o
    0x08004f9a   0x08004f9a   0x00000060   Code   RO          503    i.flash_port_erase  flash_port.o
    0x08004ffa   0x08004ffa   0x00000042   Code   RO          505    i.flash_port_write  flash_port.o
    0x0800503c   0x0800503c   0x00000004   Code   RO          388    i.fputc             retarget.o
    0x08005040   0x08005040   0x000000e0   Code   RO          447    i.iap_jump          bootloader.o
    0x08005120   0x08005120   0x0000007c   Code   RO           17    i.main              main.o
    0x0800519c   0x0800519c   0x00000018   Code   RO           18    i.sendchar          main.o
    0x080051b4   0x080051b4   0x000000c8   Code   RO          506    i.stm32_get_sector  flash_port.o
    0x0800527c   0x0800527c   0x0000000c   Code   RO           19    i.usb_stop          main.o
    0x08005288   0x08005288   0x0000000a   Code   RO         3898    x$fpl$fpinit        fz_wm.l(fpinit.o)
    0x08005292   0x08005292   0x00000005   Data   RO           20    .constdata          main.o
    0x08005297   0x08005297   0x00000019   Data   RO          448    .constdata          bootloader.o
    0x080052b0   0x080052b0   0x00000024   Data   RO          692    .constdata          usbd_storage_if.o
    0x080052d4   0x080052d4   0x00000011   Data   RO          693    .constdata          usbd_storage_if.o
    0x080052e5   0x080052e5   0x00000010   Data   RO         3091    .constdata          system_stm32f4xx.o
    0x080052f5   0x080052f5   0x00000008   Data   RO         3092    .constdata          system_stm32f4xx.o
    0x080052fd   0x080052fd   0x00000028   Data   RO         3731    .constdata          c_w.l(_printf_hex_int.o)
    0x08005325   0x08005325   0x00000011   Data   RO         3761    .constdata          c_w.l(__printf_flags_wp.o)
    0x08005336   0x08005336   0x00000002   PAD
    0x08005338   0x08005338   0x00000020   Data   RO         3952    Region$$Table       anon$$obj.o


    Execution Region RW_IRAM1 (Exec base: 0x20000000, Load base: 0x08005358, Size: 0x00011420, Max: 0x0001c000, ABSOLUTE, COMPRESSED[0x0000049c])

    Exec Addr    Load Addr    Size         Type   Attr      Idx    E Section Name        Object

    0x20000000   COMPRESSED   0x00000004   Data   RW          389    .data               retarget.o
    0x20000004   COMPRESSED   0x00000008   Data   RW          449    .data               bootloader.o
    0x2000000c   COMPRESSED   0x0000001c   Data   RW          608    .data               usbd_desc.o
    0x20000028   COMPRESSED   0x00000032   Data   RW          609    .data               usbd_desc.o
    0x2000005a   COMPRESSED   0x00000002   PAD
    0x2000005c   COMPRESSED   0x0001000c   Data   RW          694    .data               usbd_storage_if.o
    0x20010068   COMPRESSED   0x00000020   Data   RW          695    .data               usbd_storage_if.o
    0x20010088   COMPRESSED   0x0000000c   Data   RW         2459    .data               stm32f4xx_hal.o
    0x20010094   COMPRESSED   0x00000004   Data   RW         3093    .data               system_stm32f4xx.o
    0x20010098   COMPRESSED   0x00000001   Data   RW         3296    .data               usbd_ctlreq.o
    0x20010099   COMPRESSED   0x00000003   PAD
    0x2001009c   COMPRESSED   0x00000038   Data   RW         3434    .data               usbd_msc.o
    0x200100d4   COMPRESSED   0x0000002e   Data   RW         3435    .data               usbd_msc.o
    0x20010102   COMPRESSED   0x00000006   Data   RW         3580    .data               usbd_msc_data.o
    0x20010108   COMPRESSED   0x00000008   Data   RW         3581    .data               usbd_msc_data.o
    0x20010110   COMPRESSED   0x00000004   Data   RW         3582    .data               usbd_msc_data.o
    0x20010114   COMPRESSED   0x00000008   Data   RW         3583    .data               usbd_msc_data.o
    0x2001011c        -       0x00000048   Zero   RW          242    .bss                usart.o
    0x20010164        -       0x000002dc   Zero   RW          555    .bss                usb_device.o
    0x20010440        -       0x00000200   Zero   RW          607    .bss                usbd_desc.o
    0x20010640        -       0x0000075c   Zero   RW          779    .bss                usbd_conf.o
    0x20010d9c        -       0x00000020   Zero   RW         1713    .bss                stm32f4xx_hal_flash.o
    0x20010dbc        -       0x00000060   Zero   RW         3830    .bss                c_w.l(libspace.o)
    0x20010e1c   COMPRESSED   0x00000004   PAD
    0x20010e20        -       0x00000200   Zero   RW            2    HEAP                startup_stm32f407xx.o
    0x20011020        -       0x00000400   Zero   RW            1    STACK               startup_stm32f407xx.o


    Execution Region RW_IRAM2 (Exec base: 0x2001c000, Load base: 0x080057f4, Size: 0x00000000, Max: 0x00004000, ABSOLUTE)

    **** No section assigned to this execution region ****


==============================================================================

Image component sizes


      Code (inc. data)   RO Data    RW Data    ZI Data      Debug   Object Name

       526        296         25          8          0       2267   bootloader.o
       362         54          0          0          0       4258   flash_port.o
        44          6          0          0          0        779   gpio.o
       312         76          5          0          0     678575   main.o
        12          0          0          4          0       3253   retarget.o
        64         26        392          0       1536        836   startup_stm32f407xx.o
       180         28          0         12          0       9337   stm32f4xx_hal.o
       232         14          0          0          0      34417   stm32f4xx_hal_cortex.o
       520         66          0          0         32       6494   stm32f4xx_hal_flash.o
        80          6          0          0          0        729   stm32f4xx_hal_flash_ex.o
       752         88          0          0          0       2610   stm32f4xx_hal_gpio.o
        48          6          0          0          0        842   stm32f4xx_hal_msp.o
      2712         16          0          0          0      15903   stm32f4xx_hal_pcd.o
        78          0          0          0          0       2453   stm32f4xx_hal_pcd_ex.o
      1336         78          0          0          0       5796   stm32f4xx_hal_rcc.o
       718         10          0          0          0       4772   stm32f4xx_hal_uart.o
        32          6          0          0          0       4542   stm32f4xx_it.o
      2754        116          0          0          0      23925   stm32f4xx_ll_usb.o
        28          6         24          4          0       1199   system_stm32f4xx.o
       164         22          0          0         72       1678   usart.o
        84         18          0          0        732       5499   usb_device.o
       748         34          0          0       1884      19058   usbd_conf.o
       980          0          0          0          0      16133   usbd_core.o
      1358         28          0          1          0      15392   usbd_ctlreq.o
       282        100          0         78        512       6205   usbd_desc.o
       102          0          0          0          0       3764   usbd_ioreq.o
       698         26          0        102          0       9837   usbd_msc.o
       842         58          0          0          0       7694   usbd_msc_bot.o
         0          0          0         26          0        913   usbd_msc_data.o
      2536         34          0          0          0      17400   usbd_msc_scsi.o
       284         98         53      65580          0       5168   usbd_storage_if.o

    ----------------------------------------------------------------------
     18882       1316        531      65820       4768     911728   Object Totals
         0          0         32          0          0          0   (incl. Generated)
        14          0          0          5          0          0   (incl. Padding)

    ----------------------------------------------------------------------

      Code (inc. data)   RO Data    RW Data    ZI Data      Debug   Library Member Name

        90          0          0          0          0          0   __dczerorl2.o
         8          0          0          0          0         68   __main.o
       312          4         17          0          0         92   __printf_flags_wp.o
        14          0          0          0          0         68   __printf_wp.o
         0          0          0          0          0          0   __rtentry.o
        12          0          0          0          0          0   __rtentry2.o
         6          0          0          0          0          0   __rtentry4.o
        52          8          0          0          0          0   __scatter.o
        28          0          0          0          0          0   __scatter_zi.o
        44          0          0          0          0        108   _printf_char.o
        48          6          0          0          0         96   _printf_char_common.o
        36          4          0          0          0         80   _printf_char_file.o
         6          0          0          0          0          0   _printf_d.o
       120         16          0          0          0         92   _printf_dec.o
        88          4         40          0          0         88   _printf_hex_int.o
       178          0          0          0          0         88   _printf_intcommon.o
         0          0          0          0          0          0   _printf_percent.o
         4          0          0          0          0          0   _printf_percent_end.o
         6          0          0          0          0          0   _printf_s.o
        82          0          0          0          0         80   _printf_str.o
         6          0          0          0          0          0   _printf_x.o
        18          0          0          0          0         80   exit.o
         6          0          0          0          0        152   heapauxi.o
         2          0          0          0          0          0   libinit.o
         6          0          0          0          0          0   libinit2.o
         2          0          0          0          0          0   libshutdown.o
         2          0          0          0          0          0   libshutdown2.o
         8          4          0          0         96         68   libspace.o
       238          0          0          0          0        100   lludivv7m.o
        24          4          0          0          0         84   noretval__2printf.o
        78          0          0          0          0         80   rt_memclr_w.o
       138          0          0          0          0         68   rt_memcpy_v6.o
       100          0          0          0          0         80   rt_memcpy_w.o
         2          0          0          0          0          0   rtexit.o
        10          0          0          0          0          0   rtexit2.o
        74          0          0          0          0         80   sys_stackheap_outer.o
         2          0          0          0          0         68   use_no_semi.o
        10          0          0          0          0        116   fpinit.o

    ----------------------------------------------------------------------
      1864         50         59          0        100       1836   Library Totals
         4          0          2          0          4          0   (incl. Padding)

    ----------------------------------------------------------------------

      Code (inc. data)   RO Data    RW Data    ZI Data      Debug   Library Name

      1850         50         57          0         96       1720   c_w.l
        10          0          0          0          0        116   fz_wm.l

    ----------------------------------------------------------------------
      1864         50         59          0        100       1836   Library Totals

    ----------------------------------------------------------------------

==============================================================================


      Code (inc. data)   RO Data    RW Data    ZI Data      Debug   

     20746       1366        590      65820       4868     890432   Grand Totals
     20746       1366        590       1180       4868     890432   ELF Image Totals (compressed)
     20746       1366        590       1180          0          0   ROM Totals

==============================================================================

    Total RO  Size (Code + RO Data)                21336 (  20.84kB)
    Total RW  Size (RW Data + ZI Data)             70688 (  69.03kB)
    Total ROM Size (Code + RO Data + RW Data)      22516 (  21.99kB)

==============================================================================

